Component: Arm Compiler for Embedded 6.19 Tool: armlink [5e73cb00]

==============================================================================

Section Cross References

    startup_stm32g0b1xx.o(RESET) refers to startup_stm32g0b1xx.o(STACK) for __initial_sp
    startup_stm32g0b1xx.o(RESET) refers to startup_stm32g0b1xx.o(.text) for Reset_Handler
    startup_stm32g0b1xx.o(RESET) refers to stm32g0xx_it.o(.text.NMI_Handler) for NMI_Handler
    startup_stm32g0b1xx.o(RESET) refers to stm32g0xx_it.o(.text.HardFault_Handler) for HardFault_Handler
    startup_stm32g0b1xx.o(RESET) refers to port.o(.text.SVC_Handler) for SVC_Handler
    startup_stm32g0b1xx.o(RESET) refers to port.o(.text.PendSV_Handler) for PendSV_Handler
    startup_stm32g0b1xx.o(RESET) refers to port.o(.text.SysTick_Handler) for SysTick_Handler
    startup_stm32g0b1xx.o(RESET) refers to stm32g0xx_it.o(.text.DMA1_Channel1_IRQHandler) for DMA1_Channel1_IRQHandler
    startup_stm32g0b1xx.o(RESET) refers to stm32g0xx_it.o(.text.DMA1_Channel2_3_IRQHandler) for DMA1_Channel2_3_IRQHandler
    startup_stm32g0b1xx.o(RESET) refers to stm32g0xx_it.o(.text.DMA1_Ch4_7_DMA2_Ch1_5_DMAMUX1_OVR_IRQHandler) for DMA1_Ch4_7_DMA2_Ch1_5_DMAMUX1_OVR_IRQHandler
    startup_stm32g0b1xx.o(RESET) refers to stm32g0xx_it.o(.text.TIM6_DAC_LPTIM1_IRQHandler) for TIM6_DAC_LPTIM1_IRQHandler
    startup_stm32g0b1xx.o(RESET) refers to stm32g0xx_it.o(.text.USART2_LPUART2_IRQHandler) for USART2_LPUART2_IRQHandler
    startup_stm32g0b1xx.o(RESET) refers to stm32g0xx_it.o(.text.USART3_4_5_6_LPUART1_IRQHandler) for USART3_4_5_6_LPUART1_IRQHandler
    startup_stm32g0b1xx.o(.text) refers to system_stm32g0xx.o(.text.SystemInit) for SystemInit
    startup_stm32g0b1xx.o(.text) refers to entry.o(.ARM.Collect$$$$00000000) for __main
    main.o(.text.test_task) refers to dma_uart.o(.text.print_board_uid) for print_board_uid
    main.o(.text.test_task) refers to stm32g0xx_hal_gpio.o(.text.HAL_GPIO_TogglePin) for HAL_GPIO_TogglePin
    main.o(.text.test_task) refers to tasks.o(.text.vTaskDelay) for vTaskDelay
    main.o(.text.test_task) refers to usart.o(.bss.huart2) for huart2
    main.o(.ARM.exidx.text.test_task) refers to main.o(.text.test_task) for [Anonymous Symbol]
    main.o(.text.main) refers to stm32g0xx_hal.o(.text.HAL_Init) for HAL_Init
    main.o(.text.main) refers to stm32g0xx_hal_pwr_ex.o(.text.HAL_PWREx_ControlVoltageScaling) for HAL_PWREx_ControlVoltageScaling
    main.o(.text.main) refers to stm32g0xx_hal_rcc.o(.text.HAL_RCC_OscConfig) for HAL_RCC_OscConfig
    main.o(.text.main) refers to stm32g0xx_hal_rcc.o(.text.HAL_RCC_ClockConfig) for HAL_RCC_ClockConfig
    main.o(.text.main) refers to gpio.o(.text.MX_GPIO_Init) for MX_GPIO_Init
    main.o(.text.main) refers to dma.o(.text.MX_DMA_Init) for MX_DMA_Init
    main.o(.text.main) refers to usart.o(.text.MX_USART2_UART_Init) for MX_USART2_UART_Init
    main.o(.text.main) refers to spi.o(.text.MX_SPI1_Init) for MX_SPI1_Init
    main.o(.text.main) refers to app_fatfs.o(.text.MX_FATFS_Init) for MX_FATFS_Init
    main.o(.text.main) refers to i2c.o(.text.MX_I2C3_Init) for MX_I2C3_Init
    main.o(.text.main) refers to usart.o(.text.MX_USART3_UART_Init) for MX_USART3_UART_Init
    main.o(.text.main) refers to rtc.o(.text.MX_RTC_Init) for MX_RTC_Init
    main.o(.text.main) refers to dma_uart.o(.text.start_rs485_demo_task) for start_rs485_demo_task
    main.o(.text.main) refers to tasks.o(.text.xTaskCreate) for xTaskCreate
    main.o(.text.main) refers to app_freertos.o(.text.MX_FREERTOS_Init) for MX_FREERTOS_Init
    main.o(.text.main) refers to cmsis_os.o(.text.osKernelStart) for osKernelStart
    main.o(.text.main) refers to main.o(.text.test_task) for test_task
    main.o(.ARM.exidx.text.main) refers to main.o(.text.main) for [Anonymous Symbol]
    main.o(.text.SystemClock_Config) refers to stm32g0xx_hal_pwr_ex.o(.text.HAL_PWREx_ControlVoltageScaling) for HAL_PWREx_ControlVoltageScaling
    main.o(.text.SystemClock_Config) refers to stm32g0xx_hal_rcc.o(.text.HAL_RCC_OscConfig) for HAL_RCC_OscConfig
    main.o(.text.SystemClock_Config) refers to stm32g0xx_hal_rcc.o(.text.HAL_RCC_ClockConfig) for HAL_RCC_ClockConfig
    main.o(.ARM.exidx.text.SystemClock_Config) refers to main.o(.text.SystemClock_Config) for [Anonymous Symbol]
    main.o(.ARM.exidx.text.Error_Handler) refers to main.o(.text.Error_Handler) for [Anonymous Symbol]
    main.o(.text.HAL_TIM_PeriodElapsedCallback) refers to stm32g0xx_hal.o(.text.HAL_IncTick) for HAL_IncTick
    main.o(.ARM.exidx.text.HAL_TIM_PeriodElapsedCallback) refers to main.o(.text.HAL_TIM_PeriodElapsedCallback) for [Anonymous Symbol]
    gpio.o(.text.MX_GPIO_Init) refers to stm32g0xx_hal_gpio.o(.text.HAL_GPIO_WritePin) for HAL_GPIO_WritePin
    gpio.o(.text.MX_GPIO_Init) refers to stm32g0xx_hal_gpio.o(.text.HAL_GPIO_Init) for HAL_GPIO_Init
    gpio.o(.ARM.exidx.text.MX_GPIO_Init) refers to gpio.o(.text.MX_GPIO_Init) for [Anonymous Symbol]
[...]
    [Anonymous Symbol]                       0x200000b0   Section        0  usbd_msc.o(.data.USBD_MSC_CfgDesc)
    USBD_MSC_DeviceQualifierDesc             0x200000e4   Data          10  usbd_msc.o(.data.USBD_MSC_DeviceQualifierDesc)
    [Anonymous Symbol]                       0x200000e4   Section        0  usbd_msc.o(.data.USBD_MSC_DeviceQualifierDesc)
    uxCriticalNesting                        0x20000140   Data           4  port.o(.data.uxCriticalNesting)
    [Anonymous Symbol]                       0x20000140   Section        0  port.o(.data.uxCriticalNesting)
    [Anonymous Symbol]                       0x20000148   Section        0  app_fatfs.o(.bss..L_MergedGlobals)
    registered_instances                     0x20000150   Data           4  dma_uart.o(.bss..L_MergedGlobals)
    [Anonymous Symbol]                       0x20000150   Section        0  dma_uart.o(.bss..L_MergedGlobals)
    xUartReceiverTaskHandle                  0x20000154   Data           4  dma_uart.o(.bss..L_MergedGlobals)
    [Anonymous Symbol]                       0x20000158   Section        0  tasks.o(.bss..L_MergedGlobals)
    uxTaskNumber                             0x2000015c   Data           4  tasks.o(.bss..L_MergedGlobals)
    uxDeletedTasksWaitingCleanUp             0x20000160   Data           4  tasks.o(.bss..L_MergedGlobals)
    uxCurrentNumberOfTasks                   0x20000164   Data           4  tasks.o(.bss..L_MergedGlobals)
    xSchedulerRunning                        0x20000168   Data           4  tasks.o(.bss..L_MergedGlobals)
    uxSchedulerSuspended                     0x2000016c   Data           4  tasks.o(.bss..L_MergedGlobals)
    uxTopReadyPriority                       0x20000170   Data           4  tasks.o(.bss..L_MergedGlobals)
    xIdleTaskHandle                          0x20000174   Data           4  tasks.o(.bss..L_MergedGlobals)
    xNextTaskUnblockTime                     0x20000178   Data           4  tasks.o(.bss..L_MergedGlobals)
    xTickCount                               0x2000017c   Data           4  tasks.o(.bss..L_MergedGlobals)
    xYieldPending                            0x20000180   Data           4  tasks.o(.bss..L_MergedGlobals)
    xPendedTicks                             0x20000184   Data           4  tasks.o(.bss..L_MergedGlobals)
    pxDelayedTaskList                        0x20000188   Data           4  tasks.o(.bss..L_MergedGlobals)
    pxOverflowDelayedTaskList                0x2000018c   Data           4  tasks.o(.bss..L_MergedGlobals)
    xNumOfOverflows                          0x20000190   Data           4  tasks.o(.bss..L_MergedGlobals)
    xTasksWaitingTermination                 0x20000194   Data          20  tasks.o(.bss..L_MergedGlobals)
    xSuspendedTaskList                       0x200001a8   Data          20  tasks.o(.bss..L_MergedGlobals)
    xPendingReadyList                        0x200001bc   Data          20  tasks.o(.bss..L_MergedGlobals)
    xBlockAllocatedBit                       0x200001d0   Data           1  heap_4.o(.bss..L_MergedGlobals)
    [Anonymous Symbol]                       0x200001d0   Section        0  heap_4.o(.bss..L_MergedGlobals)
    pxEnd                                    0x200001d4   Data           4  heap_4.o(.bss..L_MergedGlobals)
    xFreeBytesRemaining                      0x200001d8   Data           4  heap_4.o(.bss..L_MergedGlobals)
    xMinimumEverFreeBytesRemaining           0x200001dc   Data           4  heap_4.o(.bss..L_MergedGlobals)
    xNumberOfSuccessfulAllocations           0x200001e0   Data           4  heap_4.o(.bss..L_MergedGlobals)
    xNumberOfSuccessfulFrees                 0x200001e4   Data           4  heap_4.o(.bss..L_MergedGlobals)
    xStart                                   0x200001e8   Data           8  heap_4.o(.bss..L_MergedGlobals)
    xDelayedTaskList1                        0x200001f0   Data          20  tasks.o(.bss..L_MergedGlobals.1)
    [Anonymous Symbol]                       0x200001f0   Section        0  tasks.o(.bss..L_MergedGlobals.1)
    xDelayedTaskList2                        0x20000204   Data          20  tasks.o(.bss..L_MergedGlobals.1)
    USBD_static_malloc.mem                   0x20000418   Data         632  usbd_conf.o(.bss.USBD_static_malloc.mem)
    [Anonymous Symbol]                       0x20000418   Section        0  usbd_conf.o(.bss.USBD_static_malloc.mem)
    pxReadyTasksLists                        0x20001034   Data         140  tasks.o(.bss.pxReadyTasksLists)
    [Anonymous Symbol]                       0x20001034   Section        0  tasks.o(.bss.pxReadyTasksLists)
    uart_instances                           0x200010c0   Data        1320  dma_uart.o(.bss.uart_instances)
    [Anonymous Symbol]                       0x200010c0   Section        0  dma_uart.o(.bss.uart_instances)
    ucHeap                                   0x200015e8   Data       10240  heap_4.o(.bss.ucHeap)
    [Anonymous Symbol]                       0x200015e8   Section        0  heap_4.o(.bss.ucHeap)
    STACK                                    0x20003df0   Section     1024  startup_stm32g0b1xx.o(STACK)

    Global Symbols

    Symbol Name                              Value     Ov Type        Size  Object(Section)

    BuildAttributes$$THM_ISAv3M$S$PE$A:L22$X:L11$S22$IEEE1$IW$~IW$USESV6$~STKCKD$USESV7$~SHL$OTIME$ROPI$EBA8$MICROLIB$REQ8$PRES8$EABIv2 0x00000000   Number         0  anon$$obj.o ABSOLUTE
    _printf_a                                0x00000000   Number         0  printfstubs.o ABSOLUTE
    _printf_c                                0x00000000   Number         0  printfstubs.o ABSOLUTE
    _printf_charcount                        0x00000000   Number         0  printfstubs.o ABSOLUTE
    _printf_d                                0x00000000   Number         0  printfstubs.o ABSOLUTE
    _printf_e                                0x00000000   Number         0  printfstubs.o ABSOLUTE
    _printf_f                                0x00000000   Number         0  printfstubs.o ABSOLUTE
    _printf_flags                            0x00000000   Number         0  printfstubs.o ABSOLUTE
    _printf_fp_dec                           0x00000000   Number         0  printfstubs.o ABSOLUTE
    _printf_fp_hex                           0x00000000   Number         0  printfstubs.o ABSOLUTE
    _printf_g                                0x00000000   Number         0  printfstubs.o ABSOLUTE
    _printf_i                                0x00000000   Number         0  printfstubs.o ABSOLUTE
    _printf_int_dec                          0x00000000   Number         0  printfstubs.o ABSOLUTE
    _printf_l                                0x00000000   Number         0  printfstubs.o ABSOLUTE
    _printf_lc                               0x00000000   Number         0  printfstubs.o ABSOLUTE
    _printf_ll                               0x00000000   Number         0  printfstubs.o ABSOLUTE
    _printf_lld                              0x00000000   Number         0  printfstubs.o ABSOLUTE
    _printf_lli                              0x00000000   Number         0  printfstubs.o ABSOLUTE
    _printf_llo                              0x00000000   Number         0  printfstubs.o ABSOLUTE
    _printf_llu                              0x00000000   Number         0  printfstubs.o ABSOLUTE
    _printf_llx                              0x00000000   Number         0  printfstubs.o ABSOLUTE
    _printf_longlong_dec                     0x00000000   Number         0  printfstubs.o ABSOLUTE
    _printf_longlong_hex                     0x00000000   Number         0  printfstubs.o ABSOLUTE
    _printf_longlong_oct                     0x00000000   Number         0  printfstubs.o ABSOLUTE
    _printf_ls                               0x00000000   Number         0  printfstubs.o ABSOLUTE
    _printf_mbtowc                           0x00000000   Number         0  printfstubs.o ABSOLUTE
    _printf_n                                0x00000000   Number         0  printfstubs.o ABSOLUTE
    _printf_o                                0x00000000   Number         0  printfstubs.o ABSOLUTE
    _printf_p                                0x00000000   Number         0  printfstubs.o ABSOLUTE
    _printf_percent                          0x00000000   Number         0  printfstubs.o ABSOLUTE
    _printf_pre_padding                      0x00000000   Number         0  printfstubs.o ABSOLUTE
    _printf_return_value                     0x00000000   Number         0  printfstubs.o ABSOLUTE
    _printf_s                                0x00000000   Number         0  printfstubs.o ABSOLUTE
    _printf_sizespec                         0x00000000   Number         0  printfstubs.o ABSOLUTE
    _printf_str                              0x00000000   Number         0  printfstubs.o ABSOLUTE
    _printf_truncate_signed                  0x00000000   Number         0  printfstubs.o ABSOLUTE
    _printf_truncate_unsigned                0x00000000   Number         0  printfstubs.o ABSOLUTE
    _printf_u                                0x00000000   Number         0  printfstubs.o ABSOLUTE
    _printf_wc                               0x00000000   Number         0  printfstubs.o ABSOLUTE
    _printf_wctomb                           0x00000000   Number         0  printfstubs.o ABSOLUTE
    _printf_widthprec                        0x00000000   Number         0  printfstubs.o ABSOLUTE
    _printf_x                                0x00000000   Number         0  printfstubs.o ABSOLUTE
    __cpp_initialize__aeabi_                  - Undefined Weak Reference
    __cxa_finalize                            - Undefined Weak Reference
    _clock_init                               - Undefined Weak Reference
    _microlib_exit                            - Undefined Weak Reference
    __Vectors_Size                           0x000000bc   Number         0  startup_stm32g0b1xx.o ABSOLUTE
    __Vectors                                0x08000000   Data           4  startup_stm32g0b1xx.o(RESET)
    __Vectors_End                            0x080000bc   Data           0  startup_stm32g0b1xx.o(RESET)
    __main                                   0x080000bd   Thumb Code     0  entry.o(.ARM.Collect$$$$00000000)
    _main_stk                                0x080000bd   Thumb Code     0  entry2.o(.ARM.Collect$$$$00000001)
    _main_scatterload                        0x080000c1   Thumb Code     0  entry5.o(.ARM.Collect$$$$00000004)
    __main_after_scatterload                 0x080000c5   Thumb Code     0  entry5.o(.ARM.Collect$$$$00000004)
    _main_clock                              0x080000c5   Thumb Code     0  entry7b.o(.ARM.Collect$$$$00000008)
    _main_cpp_init                           0x080000c5   Thumb Code     0  entry8b.o(.ARM.Collect$$$$0000000A)
    _main_init                               0x080000c5   Thumb Code     0  entry9a.o(.ARM.Collect$$$$0000000B)
    __rt_final_cpp                           0x080000cd   Thumb Code     0  entry10a.o(.ARM.Collect$$$$0000000D)
    __rt_final_exit                          0x080000cd   Thumb Code     0  entry11a.o(.ARM.Collect$$$$0000000F)
    Reset_Handler                            0x080000d1   Thumb Code     8  startup_stm32g0b1xx.o(.text)
    ADC1_COMP_IRQHandler                     0x080000e3   Thumb Code     0  startup_stm32g0b1xx.o(.text)
    CEC_IRQHandler                           0x080000e3   Thumb Code     0  startup_stm32g0b1xx.o(.text)
    EXTI0_1_IRQHandler                       0x080000e3   Thumb Code     0  startup_stm32g0b1xx.o(.text)
    EXTI2_3_IRQHandler                       0x080000e3   Thumb Code     0  startup_stm32g0b1xx.o(.text)
    EXTI4_15_IRQHandler                      0x080000e3   Thumb Code     0  startup_stm32g0b1xx.o(.text)
    FLASH_IRQHandler                         0x080000e3   Thumb Code     0  startup_stm32g0b1xx.o(.text)
    I2C1_IRQHandler                          0x080000e3   Thumb Code     0  startup_stm32g0b1xx.o(.text)
    I2C2_3_IRQHandler                        0x080000e3   Thumb Code     0  startup_stm32g0b1xx.o(.text)
    PVD_VDDIO2_IRQHandler                    0x080000e3   Thumb Code     0  startup_stm32g0b1xx.o(.text)
    RCC_CRS_IRQHandler                       0x080000e3   Thumb Code     0  startup_stm32g0b1xx.o(.text)
    RTC_TAMP_IRQHandler                      0x080000e3   Thumb Code     0  startup_stm32g0b1xx.o(.text)
    SPI1_IRQHandler                          0x080000e3   Thumb Code     0  startup_stm32g0b1xx.o(.text)
    SPI2_3_IRQHandler                        0x080000e3   Thumb Code     0  startup_stm32g0b1xx.o(.text)
    TIM14_IRQHandler                         0x080000e3   Thumb Code     0  startup_stm32g0b1xx.o(.text)
    TIM15_IRQHandler                         0x080000e3   Thumb Code     0  startup_stm32g0b1xx.o(.text)
    TIM16_FDCAN_IT0_IRQHandler               0x080000e3   Thumb Code     0  startup_stm32g0b1xx.o(.text)
    TIM17_FDCAN_IT1_IRQHandler               0x080000e3   Thumb Code     0  startup_stm32g0b1xx.o(.text)
    TIM1_BRK_UP_TRG_COM_IRQHandler           0x080000e3   Thumb Code     0  startup_stm32g0b1xx.o(.text)
    TIM1_CC_IRQHandler                       0x080000e3   Thumb Code     0  startup_stm32g0b1xx.o(.text)
    TIM2_IRQHandler                          0x080000e3   Thumb Code     0  startup_stm32g0b1xx.o(.text)
    TIM3_TIM4_IRQHandler                     0x080000e3   Thumb Code     0  startup_stm32g0b1xx.o(.text)
    TIM7_LPTIM2_IRQHandler                   0x080000e3   Thumb Code     0  startup_stm32g0b1xx.o(.text)
    USART1_IRQHandler                        0x080000e3   Thumb Code     0  startup_stm32g0b1xx.o(.text)
    USB_UCPD1_2_IRQHandler                   0x080000e3   Thumb Code     0  startup_stm32g0b1xx.o(.text)
    WWDG_IRQHandler                          0x080000e3   Thumb Code     0  startup_stm32g0b1xx.o(.text)
    __aeabi_uldivmod                         0x080000ed   Thumb Code    96  uldiv.o(.text)
    __aeabi_memcpy                           0x0800014d   Thumb Code    36  memcpya.o(.text)
    __aeabi_memcpy4                          0x0800014d   Thumb Code     0  memcpya.o(.text)
    __aeabi_memcpy8                          0x0800014d   Thumb Code     0  memcpya.o(.text)
    __aeabi_memset                           0x08000171   Thumb Code    14  memseta.o(.text)
    __aeabi_memset4                          0x08000171   Thumb Code     0  memseta.o(.text)
    __aeabi_memset8                          0x08000171   Thumb Code     0  memseta.o(.text)
    __aeabi_memclr                           0x0800017f   Thumb Code     4  memseta.o(.text)
    __aeabi_memclr4                          0x0800017f   Thumb Code     0  memseta.o(.text)
    __aeabi_memclr8                          0x0800017f   Thumb Code     0  memseta.o(.text)
    _memset$wrapper                          0x08000183   Thumb Code    18  memseta.o(.text)
    __aeabi_uidiv                            0x08000195   Thumb Code     0  uidiv_div0.o(.text)
    __aeabi_uidivmod                         0x08000195   Thumb Code    62  uidiv_div0.o(.text)
    __aeabi_llsl                             0x080001d3   Thumb Code    32  llshl.o(.text)
    _ll_shift_l                              0x080001d3   Thumb Code     0  llshl.o(.text)
    __aeabi_llsr                             0x080001f3   Thumb Code    34  llushr.o(.text)
    _ll_ushift_r                             0x080001f3   Thumb Code     0  llushr.o(.text)
    __I$use$fp                               0x08000215   Thumb Code     0  iusefp.o(.text)
    __aeabi_dadd                             0x08000215   Thumb Code   328  dadd.o(.text)
    __aeabi_dsub                             0x0800035d   Thumb Code    12  dadd.o(.text)
    __aeabi_drsub                            0x08000369   Thumb Code    12  dadd.o(.text)
    __aeabi_dmul                             0x08000379   Thumb Code   202  dmul.o(.text)
    __aeabi_ddiv                             0x08000449   Thumb Code   234  ddiv.o(.text)
    __aeabi_d2ulz                            0x08000539   Thumb Code    54  dfixul.o(.text)
    __aeabi_cdrcmple                         0x08000579   Thumb Code    38  cdrcmple.o(.text)
    __scatterload                            0x080005a1   Thumb Code    28  init.o(.text)
    __scatterload_rt2                        0x080005a1   Thumb Code     0  init.o(.text)
    __aeabi_lasr                             0x080005c5   Thumb Code    38  llsshr.o(.text)
    _ll_sshift_r                             0x080005c5   Thumb Code     0  llsshr.o(.text)
    _double_round                            0x080005eb   Thumb Code    26  depilogue.o(.text)
    _double_epilogue                         0x08000605   Thumb Code   164  depilogue.o(.text)
    __decompress                             0x080006a9   Thumb Code     0  __dczerorl2.o(.text)
    __decompress1                            0x080006a9   Thumb Code    86  __dczerorl2.o(.text)
    DMA1_Ch4_7_DMA2_Ch1_5_DMAMUX1_OVR_IRQHandler 0x08000701   Thumb Code    12  stm32g0xx_it.o(.text.DMA1_Ch4_7_DMA2_Ch1_5_DMAMUX1_OVR_IRQHandler)
    DMA1_Channel1_IRQHandler                 0x08000711   Thumb Code    12  stm32g0xx_it.o(.text.DMA1_Channel1_IRQHandler)
    DMA1_Channel2_3_IRQHandler               0x08000721   Thumb Code    16  stm32g0xx_it.o(.text.DMA1_Channel2_3_IRQHandler)
    Error_Handler                            0x08000739   Thumb Code     8  main.o(.text.Error_Handler)
    FATFS_LinkDriver                         0x08000741   Thumb Code    60  ff_gen_drv.o(.text.FATFS_LinkDriver)
    HAL_DMA_Abort                            0x08000781   Thumb Code   108  stm32g0xx_hal_dma.o(.text.HAL_DMA_Abort)
    HAL_DMA_Abort_IT                         0x080007ed   Thumb Code   104  stm32g0xx_hal_dma.o(.text.HAL_DMA_Abort_IT)
    HAL_DMA_IRQHandler                       0x08000859   Thumb Code   224  stm32g0xx_hal_dma.o(.text.HAL_DMA_IRQHandler)
    HAL_DMA_Init                             0x08000941   Thumb Code   264  stm32g0xx_hal_dma.o(.text.HAL_DMA_Init)
    HAL_DMA_Start_IT                         0x08000a69   Thumb Code   194  stm32g0xx_hal_dma.o(.text.HAL_DMA_Start_IT)
    HAL_GPIO_Init                            0x08000b2d   Thumb Code   384  stm32g0xx_hal_gpio.o(.text.HAL_GPIO_Init)
    HAL_GPIO_TogglePin                       0x08000cb9   Thumb Code    16  stm32g0xx_hal_gpio.o(.text.HAL_GPIO_TogglePin)
    HAL_GPIO_WritePin                        0x08000cc9   Thumb Code    16  stm32g0xx_hal_gpio.o(.text.HAL_GPIO_WritePin)
    HAL_GetTick                              0x08000cd9   Thumb Code     8  stm32g0xx_hal.o(.text.HAL_GetTick)
    HAL_GetUIDw0                             0x08000ce1   Thumb Code     8  stm32g0xx_hal.o(.text.HAL_GetUIDw0)
    HAL_GetUIDw1                             0x08000ced   Thumb Code     8  stm32g0xx_hal.o(.text.HAL_GetUIDw1)
    HAL_GetUIDw2                             0x08000cf9   Thumb Code     8  stm32g0xx_hal.o(.text.HAL_GetUIDw2)
    HAL_I2CEx_ConfigAnalogFilter             0x08000d05   Thumb Code    66  stm32g0xx_hal_i2c_ex.o(.text.HAL_I2CEx_ConfigAnalogFilter)
    HAL_I2CEx_ConfigDigitalFilter            0x08000d47   Thumb Code    66  stm32g0xx_hal_i2c_ex.o(.text.HAL_I2CEx_ConfigDigitalFilter)
    HAL_I2C_Init                             0x08000d89   Thumb Code   172  stm32g0xx_hal_i2c.o(.text.HAL_I2C_Init)
    HAL_I2C_MspInit                          0x08000e3d   Thumb Code    84  i2c.o(.text.HAL_I2C_MspInit)
    HAL_IncTick                              0x08000e9d   Thumb Code    16  stm32g0xx_hal.o(.text.HAL_IncTick)
    HAL_Init                                 0x08000eb5   Thumb Code    40  stm32g0xx_hal.o(.text.HAL_Init)
    HAL_InitTick                             0x08000ee1   Thumb Code   132  stm32g0xx_hal_timebase_tim.o(.text.HAL_InitTick)
    HAL_MspInit                              0x08000f79   Thumb Code    60  stm32g0xx_hal_msp.o(.text.HAL_MspInit)
    HAL_NVIC_EnableIRQ                       0x08000fb9   Thumb Code    20  stm32g0xx_hal_cortex.o(.text.HAL_NVIC_EnableIRQ)
    HAL_NVIC_SetPriority                     0x08000fd1   Thumb Code    48  stm32g0xx_hal_cortex.o(.text.HAL_NVIC_SetPriority)
    HAL_PCDEx_ActivateLPM                    0x08001009   Thumb Code    36  stm32g0xx_hal_pcd_ex.o(.text.HAL_PCDEx_ActivateLPM)
    HAL_PCDEx_PMAConfig                      0x0800102d   Thumb Code    56  stm32g0xx_hal_pcd_ex.o(.text.HAL_PCDEx_PMAConfig)
    HAL_PCD_EP_Close                         0x08001065   Thumb Code    76  stm32g0xx_hal_pcd.o(.text.HAL_PCD_EP_Close)
    HAL_PCD_EP_ClrStall                      0x080010b1   Thumb Code    94  stm32g0xx_hal_pcd.o(.text.HAL_PCD_EP_ClrStall)
    HAL_PCD_EP_Flush                         0x0800110f   Thumb Code    54  stm32g0xx_hal_pcd.o(.text.HAL_PCD_EP_Flush)
    HAL_PCD_EP_GetRxCount                    0x08001145   Thumb Code    18  stm32g0xx_hal_pcd.o(.text.HAL_PCD_EP_GetRxCount)
    HAL_PCD_EP_Open                          0x08001157   Thumb Code    88  stm32g0xx_hal_pcd.o(.text.HAL_PCD_EP_Open)
    HAL_PCD_EP_Receive                       0x080011af   Thumb Code    40  stm32g0xx_hal_pcd.o(.text.HAL_PCD_EP_Receive)
    HAL_PCD_EP_SetStall                      0x080011d7   Thumb Code    88  stm32g0xx_hal_pcd.o(.text.HAL_PCD_EP_SetStall)
    HAL_PCD_EP_Transmit                      0x0800122f   Thumb Code    44  stm32g0xx_hal_pcd.o(.text.HAL_PCD_EP_Transmit)
    HAL_PCD_Init                             0x0800125b   Thumb Code   618  stm32g0xx_hal_pcd.o(.text.HAL_PCD_Init)
    HAL_PCD_MspInit                          0x080014c5   Thumb Code   112  usbd_conf.o(.text.HAL_PCD_MspInit)
    HAL_PCD_Start                            0x0800153d   Thumb Code    42  stm32g0xx_hal_pcd.o(.text.HAL_PCD_Start)
    HAL_PWREx_ControlVoltageScaling          0x08001569   Thumb Code   116  stm32g0xx_hal_pwr_ex.o(.text.HAL_PWREx_ControlVoltageScaling)
    HAL_PWREx_EnableVddUSB                   0x080015e9   Thumb Code    16  stm32g0xx_hal_pwr_ex.o(.text.HAL_PWREx_EnableVddUSB)
    HAL_RCCEx_PeriphCLKConfig                0x080015fd   Thumb Code   656  stm32g0xx_hal_rcc_ex.o(.text.HAL_RCCEx_PeriphCLKConfig)
    HAL_RCC_ClockConfig                      0x080018a1   Thumb Code   488  stm32g0xx_hal_rcc.o(.text.HAL_RCC_ClockConfig)
    HAL_RCC_GetClockConfig                   0x08001a95   Thumb Code    44  stm32g0xx_hal_rcc.o(.text.HAL_RCC_GetClockConfig)
    HAL_RCC_GetPCLK1Freq                     0x08001ac5   Thumb Code    28  stm32g0xx_hal_rcc.o(.text.HAL_RCC_GetPCLK1Freq)
    HAL_RCC_GetSysClockFreq                  0x08001ae9   Thumb Code   124  stm32g0xx_hal_rcc.o(.text.HAL_RCC_GetSysClockFreq)
    HAL_RCC_OscConfig                        0x08001b71   Thumb Code  1180  stm32g0xx_hal_rcc.o(.text.HAL_RCC_OscConfig)
    HAL_RTC_Init                             0x08002029   Thumb Code   204  stm32g0xx_hal_rtc.o(.text.HAL_RTC_Init)
    HAL_RTC_MspInit                          0x080020f9   Thumb Code    84  rtc.o(.text.HAL_RTC_MspInit)
    HAL_SPI_Init                             0x08002155   Thumb Code   248  stm32g0xx_hal_spi.o(.text.HAL_SPI_Init)
    HAL_SPI_MspInit                          0x08002251   Thumb Code    84  spi.o(.text.HAL_SPI_MspInit)
    HAL_SYSCFG_StrobeDBattpinsConfig         0x080022ad   Thumb Code    16  stm32g0xx_hal.o(.text.HAL_SYSCFG_StrobeDBattpinsConfig)
    HAL_TIMEx_Break2Callback                 0x080022c1   Thumb Code     2  stm32g0xx_hal_tim_ex.o(.text.HAL_TIMEx_Break2Callback)
    HAL_TIMEx_BreakCallback                  0x080022c3   Thumb Code     2  stm32g0xx_hal_tim_ex.o(.text.HAL_TIMEx_BreakCallback)
    HAL_TIMEx_CommutCallback                 0x080022c5   Thumb Code     2  stm32g0xx_hal_tim_ex.o(.text.HAL_TIMEx_CommutCallback)
    HAL_TIM_Base_Init                        0x080022c7   Thumb Code    88  stm32g0xx_hal_tim.o(.text.HAL_TIM_Base_Init)
    HAL_TIM_Base_MspInit                     0x0800231f   Thumb Code     2  stm32g0xx_hal_tim.o(.text.HAL_TIM_Base_MspInit)
    HAL_TIM_Base_Start_IT                    0x08002321   Thumb Code   100  stm32g0xx_hal_tim.o(.text.HAL_TIM_Base_Start_IT)
    HAL_TIM_IC_CaptureCallback               0x0800239d   Thumb Code     2  stm32g0xx_hal_tim.o(.text.HAL_TIM_IC_CaptureCallback)
    HAL_TIM_IRQHandler                       0x080023a1   Thumb Code   468  stm32g0xx_hal_tim.o(.text.HAL_TIM_IRQHandler)
    HAL_TIM_OC_DelayElapsedCallback          0x0800257d   Thumb Code     2  stm32g0xx_hal_tim.o(.text.HAL_TIM_OC_DelayElapsedCallback)
    HAL_TIM_PWM_PulseFinishedCallback        0x0800257f   Thumb Code     2  stm32g0xx_hal_tim.o(.text.HAL_TIM_PWM_PulseFinishedCallback)
    HAL_TIM_PeriodElapsedCallback            0x08002581   Thumb Code    20  main.o(.text.HAL_TIM_PeriodElapsedCallback)
    HAL_TIM_TriggerCallback                  0x08002599   Thumb Code     2  stm32g0xx_hal_tim.o(.text.HAL_TIM_TriggerCallback)
    HAL_UARTEx_DisableFifoMode               0x0800259b   Thumb Code    54  stm32g0xx_hal_uart_ex.o(.text.HAL_UARTEx_DisableFifoMode)
    HAL_UARTEx_ReceiveToIdle_DMA             0x080025d1   Thumb Code   108  stm32g0xx_hal_uart_ex.o(.text.HAL_UARTEx_ReceiveToIdle_DMA)
    HAL_UARTEx_RxEventCallback               0x0800263d   Thumb Code   196  dma_uart.o(.text.HAL_UARTEx_RxEventCallback)
    HAL_UARTEx_RxFifoFullCallback            0x08002711   Thumb Code     2  stm32g0xx_hal_uart_ex.o(.text.HAL_UARTEx_RxFifoFullCallback)
    HAL_UARTEx_SetRxFifoThreshold            0x08002715   Thumb Code   120  stm32g0xx_hal_uart_ex.o(.text.HAL_UARTEx_SetRxFifoThreshold)
    HAL_UARTEx_SetTxFifoThreshold            0x0800278d   Thumb Code   120  stm32g0xx_hal_uart_ex.o(.text.HAL_UARTEx_SetTxFifoThreshold)
    HAL_UARTEx_TxFifoEmptyCallback           0x0800280d   Thumb Code     2  stm32g0xx_hal_uart_ex.o(.text.HAL_UARTEx_TxFifoEmptyCallback)
    HAL_UARTEx_WakeupCallback                0x0800280f   Thumb Code     2  stm32g0xx_hal_uart_ex.o(.text.HAL_UARTEx_WakeupCallback)
    HAL_UART_ErrorCallback                   0x08002811   Thumb Code     2  stm32g0xx_hal_uart.o(.text.HAL_UART_ErrorCallback)
    HAL_UART_IRQHandler                      0x08002815   Thumb Code  1128  stm32g0xx_hal_uart.o(.text.HAL_UART_IRQHandler)
    HAL_UART_Init                            0x08002c89   Thumb Code   108  stm32g0xx_hal_uart.o(.text.HAL_UART_Init)
    HAL_UART_MspInit                         0x08002cf5   Thumb Code   404  usart.o(.text.HAL_UART_MspInit)
    HAL_UART_RxCpltCallback                  0x08002eb1   Thumb Code     2  stm32g0xx_hal_uart.o(.text.HAL_UART_RxCpltCallback)
    HAL_UART_RxHalfCpltCallback              0x08002eb3   Thumb Code     2  stm32g0xx_hal_uart.o(.text.HAL_UART_RxHalfCpltCallback)
    HAL_UART_Transmit_DMA                    0x08002eb5   Thumb Code   164  stm32g0xx_hal_uart.o(.text.HAL_UART_Transmit_DMA)
    HAL_UART_TxCpltCallback                  0x08002f65   Thumb Code   224  dma_uart.o(.text.HAL_UART_TxCpltCallback)
    HAL_UART_TxHalfCpltCallback              0x08003055   Thumb Code     2  stm32g0xx_hal_uart.o(.text.HAL_UART_TxHalfCpltCallback)
    HardFault_Handler                        0x08003057   Thumb Code     2  stm32g0xx_it.o(.text.HardFault_Handler)
    MSC_BOT_CplClrFeature                    0x080030b9   Thumb Code   112  usbd_msc_bot.o(.text.MSC_BOT_CplClrFeature)
    MSC_BOT_DataIn                           0x08003129   Thumb Code   136  usbd_msc_bot.o(.text.MSC_BOT_DataIn)
    MSC_BOT_DataOut                          0x080031b5   Thumb Code   368  usbd_msc_bot.o(.text.MSC_BOT_DataOut)
    MSC_BOT_DeInit                           0x0800332d   Thumb Code    26  usbd_msc_bot.o(.text.MSC_BOT_DeInit)
    MSC_BOT_Init                             0x08003349   Thumb Code    88  usbd_msc_bot.o(.text.MSC_BOT_Init)
    MSC_BOT_Reset                            0x080033a1   Thumb Code    68  usbd_msc_bot.o(.text.MSC_BOT_Reset)
    MSC_BOT_SendCSW                          0x080033e5   Thumb Code    72  usbd_msc_bot.o(.text.MSC_BOT_SendCSW)
    MX_DMA_Init                              0x08003485   Thumb Code    84  dma.o(.text.MX_DMA_Init)
    MX_FATFS_Init                            0x080034dd   Thumb Code    32  app_fatfs.o(.text.MX_FATFS_Init)
    MX_FREERTOS_Init                         0x08003505   Thumb Code    32  app_freertos.o(.text.MX_FREERTOS_Init)
    MX_GPIO_Init                             0x0800353d   Thumb Code   224  gpio.o(.text.MX_GPIO_Init)
    MX_I2C3_Init                             0x08003631   Thumb Code    76  i2c.o(.text.MX_I2C3_Init)
    MX_RTC_Init                              0x08003689   Thumb Code    48  rtc.o(.text.MX_RTC_Init)
    MX_SPI1_Init                             0x080036c1   Thumb Code    64  spi.o(.text.MX_SPI1_Init)
    MX_USART2_UART_Init                      0x08003709   Thumb Code    96  usart.o(.text.MX_USART2_UART_Init)
    MX_USART3_UART_Init                      0x08003771   Thumb Code    96  usart.o(.text.MX_USART3_UART_Init)
    MX_USB_Device_Init                       0x080037d9   Thumb Code    68  usb_device.o(.text.MX_USB_Device_Init)
    NMI_Handler                              0x0800382d   Thumb Code     2  stm32g0xx_it.o(.text.NMI_Handler)
    PendSV_Handler                           0x08003831   Thumb Code    68  port.o(.text.PendSV_Handler)
    RTC_ExitInitMode                         0x08003875   Thumb Code   136  stm32g0xx_hal_rtc.o(.text.RTC_ExitInitMode)
    SCSI_ProcessCmd                          0x0800395d   Thumb Code  3112  usbd_msc_scsi.o(.text.SCSI_ProcessCmd)
    SCSI_SenseCode                           0x0800475d   Thumb Code    60  usbd_msc_scsi.o(.text.SCSI_SenseCode)
    SVC_Handler                              0x080047c3   Thumb Code     2  port.o(.text.SVC_Handler)
    StartDefaultTask                         0x080047c5   Thumb Code    12  app_freertos.o(.text.StartDefaultTask)
    SysTick_Handler                          0x080047d1   Thumb Code    32  port.o(.text.SysTick_Handler)
    SystemInit                               0x080047f5   Thumb Code     2  system_stm32g0xx.o(.text.SystemInit)
    TIM6_DAC_LPTIM1_IRQHandler               0x080047f9   Thumb Code    12  stm32g0xx_it.o(.text.TIM6_DAC_LPTIM1_IRQHandler)
    TIM_Base_SetConfig                       0x08004809   Thumb Code   204  stm32g0xx_hal_tim.o(.text.TIM_Base_SetConfig)
    UART_AdvFeatureConfig                    0x08004901   Thumb Code   210  stm32g0xx_hal_uart.o(.text.UART_AdvFeatureConfig)
    UART_CheckIdleState                      0x080049d5   Thumb Code   192  stm32g0xx_hal_uart.o(.text.UART_CheckIdleState)
    UART_SetConfig                           0x08004c8d   Thumb Code   568  stm32g0xx_hal_uart.o(.text.UART_SetConfig)
    UART_Start_Receive_DMA                   0x08004f25   Thumb Code   156  stm32g0xx_hal_uart.o(.text.UART_Start_Receive_DMA)
    UART_WaitOnFlagUntilTimeout              0x08004fcd   Thumb Code   448  stm32g0xx_hal_uart.o(.text.UART_WaitOnFlagUntilTimeout)
    USART2_LPUART2_IRQHandler                0x08005191   Thumb Code    12  stm32g0xx_it.o(.text.USART2_LPUART2_IRQHandler)
    USART3_4_5_6_LPUART1_IRQHandler          0x080051a1   Thumb Code    12  stm32g0xx_it.o(.text.USART3_4_5_6_LPUART1_IRQHandler)
    USBD_CtlError                            0x080051b1   Thumb Code    20  usbd_ctlreq.o(.text.USBD_CtlError)
    USBD_CtlSendData                         0x080051c5   Thumb Code    30  usbd_ioreq.o(.text.USBD_CtlSendData)
    USBD_GetEpDesc                           0x080051e3   Thumb Code   122  usbd_core.o(.text.USBD_GetEpDesc)
    USBD_GetString                           0x0800525d   Thumb Code   174  usbd_ctlreq.o(.text.USBD_GetString)
    USBD_Init                                0x0800530b   Thumb Code    42  usbd_core.o(.text.USBD_Init)
    USBD_LL_ClearStallEP                     0x08005335   Thumb Code    32  usbd_conf.o(.text.USBD_LL_ClearStallEP)
    USBD_LL_CloseEP                          0x08005355   Thumb Code    32  usbd_conf.o(.text.USBD_LL_CloseEP)
    USBD_LL_FlushEP                          0x08005375   Thumb Code    32  usbd_conf.o(.text.USBD_LL_FlushEP)
    USBD_LL_GetRxDataSize                    0x08005395   Thumb Code    14  usbd_conf.o(.text.USBD_LL_GetRxDataSize)
    USBD_LL_Init                             0x080053a5   Thumb Code   112  usbd_conf.o(.text.USBD_LL_Init)
    USBD_LL_OpenEP                           0x08005421   Thumb Code    40  usbd_conf.o(.text.USBD_LL_OpenEP)
    USBD_LL_PrepareReceive                   0x08005449   Thumb Code    32  usbd_conf.o(.text.USBD_LL_PrepareReceive)
    USBD_LL_StallEP                          0x08005469   Thumb Code    32  usbd_conf.o(.text.USBD_LL_StallEP)
    USBD_LL_Start                            0x08005489   Thumb Code    32  usbd_conf.o(.text.USBD_LL_Start)
    USBD_LL_Transmit                         0x080054a9   Thumb Code    32  usbd_conf.o(.text.USBD_LL_Transmit)
    USBD_MSC_ConfigStrDescriptor             0x080054cd   Thumb Code    20  usbd_desc.o(.text.USBD_MSC_ConfigStrDescriptor)
    USBD_MSC_DataIn                          0x080054ed   Thumb Code    10  usbd_msc.o(.text.USBD_MSC_DataIn)
    USBD_MSC_DataOut                         0x080054f7   Thumb Code    10  usbd_msc.o(.text.USBD_MSC_DataOut)
    USBD_MSC_DeInit                          0x08005501   Thumb Code   112  usbd_msc.o(.text.USBD_MSC_DeInit)
    USBD_MSC_DeviceDescriptor                0x08005571   Thumb Code     8  usbd_desc.o(.text.USBD_MSC_DeviceDescriptor)
    USBD_MSC_GetDeviceQualifierDescriptor    0x0800557d   Thumb Code     8  usbd_msc.o(.text.USBD_MSC_GetDeviceQualifierDescriptor)
    USBD_MSC_GetFSCfgDesc                    0x08005589   Thumb Code    56  usbd_msc.o(.text.USBD_MSC_GetFSCfgDesc)
    USBD_MSC_GetHSCfgDesc                    0x080055c1   Thumb Code    60  usbd_msc.o(.text.USBD_MSC_GetHSCfgDesc)
    USBD_MSC_GetOtherSpeedCfgDesc            0x080055fd   Thumb Code    56  usbd_msc.o(.text.USBD_MSC_GetOtherSpeedCfgDesc)
    USBD_MSC_Init                            0x08005639   Thumb Code   144  usbd_msc.o(.text.USBD_MSC_Init)
    USBD_MSC_InterfaceStrDescriptor          0x080056cd   Thumb Code    20  usbd_desc.o(.text.USBD_MSC_InterfaceStrDescriptor)
    USBD_MSC_LangIDStrDescriptor             0x080056f1   Thumb Code     8  usbd_desc.o(.text.USBD_MSC_LangIDStrDescriptor)
    USBD_MSC_ManufacturerStrDescriptor       0x080056fd   Thumb Code    20  usbd_desc.o(.text.USBD_MSC_ManufacturerStrDescriptor)
    USBD_MSC_ProductStrDescriptor            0x08005725   Thumb Code    20  usbd_desc.o(.text.USBD_MSC_ProductStrDescriptor)
    USBD_MSC_RegisterStorage                 0x08005751   Thumb Code    28  usbd_msc.o(.text.USBD_MSC_RegisterStorage)
    USBD_MSC_SerialStrDescriptor             0x0800576d   Thumb Code   264  usbd_desc.o(.text.USBD_MSC_SerialStrDescriptor)
    USBD_MSC_Setup                           0x0800587d   Thumb Code   286  usbd_msc.o(.text.USBD_MSC_Setup)
    USBD_RegisterClass                       0x0800599b   Thumb Code    62  usbd_core.o(.text.USBD_RegisterClass)
    USBD_Start                               0x080059d9   Thumb Code     8  usbd_core.o(.text.USBD_Start)
    USBD_static_free                         0x080059e1   Thumb Code     2  usbd_conf.o(.text.USBD_static_free)
    USBD_static_malloc                       0x080059e5   Thumb Code     4  usbd_conf.o(.text.USBD_static_malloc)
    USB_ActivateEndpoint                     0x080059ed   Thumb Code   544  stm32g0xx_ll_usb.o(.text.USB_ActivateEndpoint)
    USB_DeactivateEndpoint                   0x08005c29   Thumb Code   160  stm32g0xx_ll_usb.o(.text.USB_DeactivateEndpoint)
    USB_DevConnect                           0x08005ccd   Thumb Code    14  stm32g0xx_ll_usb.o(.text.USB_DevConnect)
    USB_DevInit                              0x08005cdb   Thumb Code    26  stm32g0xx_ll_usb.o(.text.USB_DevInit)
    USB_DisableGlobalInt                     0x08005cf5   Thumb Code    12  stm32g0xx_ll_usb.o(.text.USB_DisableGlobalInt)
    USB_EPClearStall                         0x08005d05   Thumb Code    88  stm32g0xx_ll_usb.o(.text.USB_EPClearStall)
    USB_EPSetStall                           0x08005d6d   Thumb Code    44  stm32g0xx_ll_usb.o(.text.USB_EPSetStall)
    USB_EPStartXfer                          0x08005da9   Thumb Code  3260  stm32g0xx_ll_usb.o(.text.USB_EPStartXfer)
    USB_EnableGlobalInt                      0x08006a71   Thumb Code    12  stm32g0xx_ll_usb.o(.text.USB_EnableGlobalInt)
    USB_FlushRxFifo                          0x08006a81   Thumb Code     4  stm32g0xx_ll_usb.o(.text.USB_FlushRxFifo)
    USB_FlushTxFifo                          0x08006a85   Thumb Code     4  stm32g0xx_ll_usb.o(.text.USB_FlushTxFifo)
    USER_initialize                          0x08006a89   Thumb Code    12  user_diskio.o(.text.USER_initialize)
    USER_ioctl                               0x08006a95   Thumb Code     4  user_diskio.o(.text.USER_ioctl)
    USER_read                                0x08006a99   Thumb Code     4  user_diskio.o(.text.USER_read)
    USER_status                              0x08006a9d   Thumb Code    12  user_diskio.o(.text.USER_status)
    USER_write                               0x08006aad   Thumb Code     4  user_diskio.o(.text.USER_write)
    board_printf                             0x08006ab1   Thumb Code   288  dma_uart.o(.text.board_printf)
    get_uid_string                           0x08006bdd   Thumb Code   212  dma_uart.o(.text.get_uid_string)
    main                                     0x08006cb5   Thumb Code   188  main.o(.text.main)
    osDelay                                  0x08006d81   Thumb Code    16  cmsis_os.o(.text.osDelay)
    osKernelStart                            0x08006d91   Thumb Code    10  cmsis_os.o(.text.osKernelStart)
    osThreadCreate                           0x08006d9b   Thumb Code    66  cmsis_os.o(.text.osThreadCreate)
    print_board_uid                          0x08006ddd   Thumb Code    28  dma_uart.o(.text.print_board_uid)
    pvPortMalloc                             0x08007065   Thumb Code   380  heap_4.o(.text.pvPortMalloc)
    pxPortInitialiseStack                    0x080071e9   Thumb Code    32  port.o(.text.pxPortInitialiseStack)
    start_rs485_demo_task                    0x080073b9   Thumb Code    32  dma_uart.o(.text.start_rs485_demo_task)
    test_task                                0x080073f1   Thumb Code    32  main.o(.text.test_task)
    ulSetInterruptMaskFromISR                0x08007419   Thumb Code     8  port.o(.text.ulSetInterruptMaskFromISR)
    ulTaskNotifyTake                         0x08007421   Thumb Code   152  tasks.o(.text.ulTaskNotifyTake)
    uxListRemove                             0x080074b9   Thumb Code    34  list.o(.text.uxListRemove)
    vClearInterruptMaskFromISR               0x080074db   Thumb Code     6  port.o(.text.vClearInterruptMaskFromISR)
    vListInitialise                          0x080074e1   Thumb Code    20  list.o(.text.vListInitialise)
    vListInitialiseItem                      0x080074f5   Thumb Code     6  list.o(.text.vListInitialiseItem)
    vListInsert                              0x080074fb   Thumb Code    60  list.o(.text.vListInsert)
    vListInsertEnd                           0x08007537   Thumb Code    24  list.o(.text.vListInsertEnd)
    vPortEnterCritical                       0x08007551   Thumb Code    20  port.o(.text.vPortEnterCritical)
    vPortExitCritical                        0x08007565   Thumb Code    24  port.o(.text.vPortExitCritical)
    vPortFree                                0x0800757d   Thumb Code   152  heap_4.o(.text.vPortFree)
    vPortSetupTimerInterrupt                 0x08007619   Thumb Code    32  port.o(.text.vPortSetupTimerInterrupt)
    vPortYield                               0x08007675   Thumb Code    20  port.o(.text.vPortYield)
    vTaskDelay                               0x0800768d   Thumb Code   108  tasks.o(.text.vTaskDelay)
    vTaskNotifyGiveFromISR                   0x080076f9   Thumb Code   132  tasks.o(.text.vTaskNotifyGiveFromISR)
    vTaskSetTimeOutState                     0x0800777d   Thumb Code    32  tasks.o(.text.vTaskSetTimeOutState)
    vTaskStartScheduler                      0x0800779d   Thumb Code    60  tasks.o(.text.vTaskStartScheduler)
    vTaskSuspendAll                          0x080077e9   Thumb Code    12  tasks.o(.text.vTaskSuspendAll)
    vTaskSwitchContext                       0x080077f9   Thumb Code   144  tasks.o(.text.vTaskSwitchContext)
    xPortStartScheduler                      0x08007891   Thumb Code    84  port.o(.text.xPortStartScheduler)
    xStreamBufferBytesAvailable              0x080078ed   Thumb Code    26  stream_buffer.o(.text.xStreamBufferBytesAvailable)
    xStreamBufferGenericCreate               0x08007907   Thumb Code   106  stream_buffer.o(.text.xStreamBufferGenericCreate)
    xStreamBufferReceive                     0x08007971   Thumb Code   236  stream_buffer.o(.text.xStreamBufferReceive)
    xStreamBufferReceiveFromISR              0x08007a5d   Thumb Code   110  stream_buffer.o(.text.xStreamBufferReceiveFromISR)
    xStreamBufferSend                        0x08007acb   Thumb Code   250  stream_buffer.o(.text.xStreamBufferSend)
    xStreamBufferSendFromISR                 0x08007bc5   Thumb Code   130  stream_buffer.o(.text.xStreamBufferSendFromISR)
    xTaskCheckForTimeOut                     0x08007c49   Thumb Code   120  tasks.o(.text.xTaskCheckForTimeOut)
    xTaskCreate                              0x08007cc1   Thumb Code   540  tasks.o(.text.xTaskCreate)
    xTaskGenericNotify                       0x08007ee1   Thumb Code   192  tasks.o(.text.xTaskGenericNotify)
    xTaskGenericNotifyFromISR                0x08007fa5   Thumb Code   228  tasks.o(.text.xTaskGenericNotifyFromISR)
    xTaskGetCurrentTaskHandle                0x0800808d   Thumb Code     8  tasks.o(.text.xTaskGetCurrentTaskHandle)
    xTaskIncrementTick                       0x08008095   Thumb Code   236  tasks.o(.text.xTaskIncrementTick)
    xTaskNotifyStateClear                    0x08008185   Thumb Code    52  tasks.o(.text.xTaskNotifyStateClear)
    xTaskNotifyWait                          0x080081bd   Thumb Code   180  tasks.o(.text.xTaskNotifyWait)
    xTaskResumeAll                           0x08008275   Thumb Code   204  tasks.o(.text.xTaskResumeAll)
    __0snprintf                              0x08008349   Thumb Code    50  printfa.o(i.__0snprintf)
    __1snprintf                              0x08008349   Thumb Code     0  printfa.o(i.__0snprintf)
    __2snprintf                              0x08008349   Thumb Code     0  printfa.o(i.__0snprintf)
    __c89snprintf                            0x08008349   Thumb Code     0  printfa.o(i.__0snprintf)
    snprintf                                 0x08008349   Thumb Code     0  printfa.o(i.__0snprintf)
    __0vsnprintf                             0x08008381   Thumb Code    44  printfa.o(i.__0vsnprintf)
    __1vsnprintf                             0x08008381   Thumb Code     0  printfa.o(i.__0vsnprintf)
    __2vsnprintf                             0x08008381   Thumb Code     0  printfa.o(i.__0vsnprintf)
    __c89vsnprintf                           0x08008381   Thumb Code     0  printfa.o(i.__0vsnprintf)
    vsnprintf                                0x08008381   Thumb Code     0  printfa.o(i.__0vsnprintf)
    __ARM_clz                                0x080083b1   Thumb Code    46  depilogue.o(i.__ARM_clz)
    __scatterload_copy                       0x080083df   Thumb Code    14  handlers.o(i.__scatterload_copy)
    __scatterload_null                       0x080083ed   Thumb Code     2  handlers.o(i.__scatterload_null)
    __scatterload_zeroinit                   0x080083ef   Thumb Code    14  handlers.o(i.__scatterload_zeroinit)
    AHBPrescTable                            0x08008cc0   Data          64  system_stm32g0xx.o(.rodata.AHBPrescTable)
    APBPrescTable                            0x08008d00   Data          32  system_stm32g0xx.o(.rodata.APBPrescTable)
    STORAGE_Inquirydata_FS                   0x08008d20   Data          36  usbd_storage_if.o(.rodata.STORAGE_Inquirydata_FS)
    UARTPrescTable                           0x08008d44   Data          24  stm32g0xx_hal_uart.o(.rodata.UARTPrescTable)
    Region$$Table$$Base                      0x08008d80   Number         0  anon$$obj.o(Region$$Table)
    Region$$Table$$Limit                     0x08008da0   Number         0  anon$$obj.o(Region$$Table)
    uwTickFreq                               0x20000000   Data           1  stm32g0xx_hal.o(.data..L_MergedGlobals)
    uwTickPrio                               0x20000004   Data           4  stm32g0xx_hal.o(.data..L_MergedGlobals)
    MSCInEpAdd                               0x20000008   Data           1  usbd_msc.o(.data..L_MergedGlobals)
    MSCOutEpAdd                              0x20000009   Data           1  usbd_msc.o(.data..L_MergedGlobals)
    MSC_Desc                                 0x2000000c   Data          32  usbd_desc.o(.data.MSC_Desc)
    MSC_Mode_Sense10_data                    0x2000002c   Data          27  usbd_msc_data.o(.data.MSC_Mode_Sense10_data)
    MSC_Mode_Sense6_data                     0x20000047   Data          23  usbd_msc_data.o(.data.MSC_Mode_Sense6_data)
    MSC_Page00_Inquiry_Data                  0x2000005e   Data           6  usbd_msc_data.o(.data.MSC_Page00_Inquiry_Data)
    MSC_Page80_Inquiry_Data                  0x20000064   Data           8  usbd_msc_data.o(.data.MSC_Page80_Inquiry_Data)
    SystemCoreClock                          0x20000070   Data           4  system_stm32g0xx.o(.data.SystemCoreClock)
    USBD_LangIDDesc                          0x20000074   Data           4  usbd_desc.o(.data.USBD_LangIDDesc)
    USBD_MSC                                 0x20000078   Data          56  usbd_msc.o(.data.USBD_MSC)
    USBD_MSC_DeviceDesc                      0x200000d0   Data          18  usbd_desc.o(.data.USBD_MSC_DeviceDesc)
    USBD_Storage_Interface_fops_FS           0x200000f0   Data          32  usbd_storage_if.o(.data.USBD_Storage_Interface_fops_FS)
    USBD_StringSerial                        0x20000110   Data          26  usbd_desc.o(.data.USBD_StringSerial)
    USER_Driver                              0x2000012c   Data          20  user_diskio.o(.data.USER_Driver)
    AppliState                               0x20000148   Data           1  app_fatfs.o(.bss..L_MergedGlobals)
    USERPath                                 0x20000149   Data           4  app_fatfs.o(.bss..L_MergedGlobals)
    pxCurrentTCB                             0x20000158   Data           4  tasks.o(.bss..L_MergedGlobals)
    USBD_StrDesc                             0x20000218   Data         512  usbd_desc.o(.bss.USBD_StrDesc)
    defaultTaskHandle                        0x20000690   Data           4  app_freertos.o(.bss.defaultTaskHandle)
    disk                                     0x20000694   Data          12  ff_gen_drv.o(.bss.disk)
    hUsbDeviceFS                             0x200006a0   Data         732  usb_device.o(.bss.hUsbDeviceFS)
    hdma_usart2_rx                           0x2000097c   Data          96  usart.o(.bss.hdma_usart2_rx)
    hdma_usart2_tx                           0x200009dc   Data          96  usart.o(.bss.hdma_usart2_tx)
    hdma_usart3_rx                           0x20000a3c   Data          96  usart.o(.bss.hdma_usart3_rx)
    hdma_usart3_tx                           0x20000a9c   Data          96  usart.o(.bss.hdma_usart3_tx)
    hi2c3                                    0x20000afc   Data          84  i2c.o(.bss.hi2c3)
    hpcd_USB_DRD_FS                          0x20000b50   Data         736  usbd_conf.o(.bss.hpcd_USB_DRD_FS)
    hrtc                                     0x20000e30   Data          44  rtc.o(.bss.hrtc)
    hspi1                                    0x20000e5c   Data         100  spi.o(.bss.hspi1)
    htim6                                    0x20000ec0   Data          76  stm32g0xx_hal_timebase_tim.o(.bss.htim6)
    huart2                                   0x20000f0c   Data         148  usart.o(.bss.huart2)
    huart3                                   0x20000fa0   Data         148  usart.o(.bss.huart3)
    uwTick                                   0x20003de8   Data           4  stm32g0xx_hal.o(.bss.uwTick)
    __initial_sp                             0x200041f0   Data           0  startup_stm32g0b1xx.o(STACK)



==============================================================================

Memory Map of the image

  Image Entry point : 0x080000bd

  Load Region LR_IROM1 (Base: 0x08000000, Size: 0x00008ee8, Max: 0x00020000, ABSOLUTE, COMPRESSED[0x00008e60])

    Execution Region ER_IROM1 (Exec base: 0x08000000, Load base: 0x08000000, Size: 0x00008da0, Max: 0x00020000, ABSOLUTE)

    Exec Addr    Load Addr    Size         Type   Attr      Idx    E Section Name        Object

    0x08000000   0x08000000   0x000000bc   Data   RO            3    RESET               startup_stm32g0b1xx.o
    0x080000bc   0x080000bc   0x00000000   Code   RO         2825  * .ARM.Collect$$$$00000000  mc_p.l(entry.o)
    0x080000bc   0x080000bc   0x00000004   Code   RO         3112    .ARM.Collect$$$$00000001  mc_p.l(entry2.o)
    0x080000c0   0x080000c0   0x00000004   Code   RO         3115    .ARM.Collect$$$$00000004  mc_p.l(entry5.o)
    0x080000c4   0x080000c4   0x00000000   Code   RO         3117    .ARM.Collect$$$$00000008  mc_p.l(entry7b.o)
    0x080000c4   0x080000c4   0x00000000   Code   RO         3119    .ARM.Collect$$$$0000000A  mc_p.l(entry8b.o)
    0x080000c4   0x080000c4   0x00000008   Code   RO         3120    .ARM.Collect$$$$0000000B  mc_p.l(entry9a.o)
    0x080000cc   0x080000cc   0x00000000   Code   RO         3122    .ARM.Collect$$$$0000000D  mc_p.l(entry10a.o)
    0x080000cc   0x080000cc   0x00000000   Code   RO         3124    .ARM.Collect$$$$0000000F  mc_p.l(entry11a.o)
    0x080000cc   0x080000cc   0x00000004   Code   RO         3113    .ARM.Collect$$$$00002712  mc_p.l(entry2.o)
    0x080000d0   0x080000d0   0x0000001c   Code   RO            4    .text               startup_stm32g0b1xx.o
    0x080000ec   0x080000ec   0x00000060   Code   RO         2843    .text               mc_p.l(uldiv.o)
    0x0800014c   0x0800014c   0x00000024   Code   RO         2845    .text               mc_p.l(memcpya.o)
    0x08000170   0x08000170   0x00000024   Code   RO         2847    .text               mc_p.l(memseta.o)
    0x08000194   0x08000194   0x0000003e   Code   RO         3131    .text               mc_p.l(uidiv_div0.o)
    0x080001d2   0x080001d2   0x00000020   Code   RO         3137    .text               mc_p.l(llshl.o)
    0x080001f2   0x080001f2   0x00000022   Code   RO         3139    .text               mc_p.l(llushr.o)
    0x08000214   0x08000214   0x00000000   Code   RO         3141    .text               mc_p.l(iusefp.o)
    0x08000214   0x08000214   0x00000164   Code   RO         3142    .text               mf_p.l(dadd.o)
    0x08000378   0x08000378   0x000000d0   Code   RO         3144    .text               mf_p.l(dmul.o)
    0x08000448   0x08000448   0x000000f0   Code   RO         3146    .text               mf_p.l(ddiv.o)
    0x08000538   0x08000538   0x00000040   Code   RO         3148    .text               mf_p.l(dfixul.o)
    0x08000578   0x08000578   0x00000028   Code   RO         3150    .text               mf_p.l(cdrcmple.o)
    0x080005a0   0x080005a0   0x00000024   Code   RO         3152    .text               mc_p.l(init.o)
    0x080005c4   0x080005c4   0x00000026   Code   RO         3154    .text               mc_p.l(llsshr.o)
    0x080005ea   0x080005ea   0x000000be   Code   RO         3156    .text               mf_p.l(depilogue.o)
    0x080006a8   0x080006a8   0x00000056   Code   RO         3168    .text               mc_p.l(__dczerorl2.o)
    0x080006fe   0x080006fe   0x00000002   PAD
    0x08000700   0x08000700   0x00000010   Code   RO          134    .text.DMA1_Ch4_7_DMA2_Ch1_5_DMAMUX1_OVR_IRQHandler  stm32g0xx_it.o
    0x08000710   0x08000710   0x00000010   Code   RO          130    .text.DMA1_Channel1_IRQHandler  stm32g0xx_it.o
    0x08000720   0x08000720   0x00000018   Code   RO          132    .text.DMA1_Channel2_3_IRQHandler  stm32g0xx_it.o
    0x08000738   0x08000738   0x00000008   Code   RO           17    .text.Error_Handler  main.o
    0x08000740   0x08000740   0x00000040   Code   RO         1915    .text.FATFS_LinkDriver  ff_gen_drv.o
    0x08000780   0x08000780   0x0000006c   Code   RO          516    .text.HAL_DMA_Abort  stm32g0xx_hal_dma.o
    0x080007ec   0x080007ec   0x0000006c   Code   RO          518    .text.HAL_DMA_Abort_IT  stm32g0xx_hal_dma.o
    0x08000858   0x08000858   0x000000e8   Code   RO          522    .text.HAL_DMA_IRQHandler  stm32g0xx_hal_dma.o
    0x08000940   0x08000940   0x00000128   Code   RO          508    .text.HAL_DMA_Init  stm32g0xx_hal_dma.o
    0x08000a68   0x08000a68   0x000000c2   Code   RO          514    .text.HAL_DMA_Start_IT  stm32g0xx_hal_dma.o
    0x08000b2a   0x08000b2a   0x00000002   PAD
    0x08000b2c   0x08000b2c   0x0000018c   Code   RO          482    .text.HAL_GPIO_Init  stm32g0xx_hal_gpio.o
    0x08000cb8   0x08000cb8   0x00000010   Code   RO          490    .text.HAL_GPIO_TogglePin  stm32g0xx_hal_gpio.o
    0x08000cc8   0x08000cc8   0x00000010   Code   RO          488    .text.HAL_GPIO_WritePin  stm32g0xx_hal_gpio.o
    0x08000cd8   0x08000cd8   0x00000008   Code   RO          720    .text.HAL_GetTick   stm32g0xx_hal.o
    0x08000ce0   0x08000ce0   0x0000000c   Code   RO          740    .text.HAL_GetUIDw0  stm32g0xx_hal.o
    0x08000cec   0x08000cec   0x0000000c   Code   RO          742    .text.HAL_GetUIDw1  stm32g0xx_hal.o
    0x08000cf8   0x08000cf8   0x0000000c   Code   RO          744    .text.HAL_GetUIDw2  stm32g0xx_hal.o
    0x08000d04   0x08000d04   0x00000042   Code   RO          968    .text.HAL_I2CEx_ConfigAnalogFilter  stm32g0xx_hal_i2c_ex.o
    0x08000d46   0x08000d46   0x00000042   Code   RO          970    .text.HAL_I2CEx_ConfigDigitalFilter  stm32g0xx_hal_i2c_ex.o
    0x08000d88   0x08000d88   0x000000b4   Code   RO          814    .text.HAL_I2C_Init  stm32g0xx_hal_i2c.o
    0x08000e3c   0x08000e3c   0x00000060   Code   RO           61    .text.HAL_I2C_MspInit  i2c.o
    0x08000e9c   0x08000e9c   0x00000018   Code   RO          718    .text.HAL_IncTick   stm32g0xx_hal.o
    0x08000eb4   0x08000eb4   0x0000002c   Code   RO          708    .text.HAL_Init      stm32g0xx_hal.o
    0x08000ee0   0x08000ee0   0x00000098   Code   RO          157    .text.HAL_InitTick  stm32g0xx_hal_timebase_tim.o
    0x08000f78   0x08000f78   0x00000040   Code   RO          149    .text.HAL_MspInit   stm32g0xx_hal_msp.o
    0x08000fb8   0x08000fb8   0x00000018   Code   RO          668    .text.HAL_NVIC_EnableIRQ  stm32g0xx_hal_cortex.o
    0x08000fd0   0x08000fd0   0x00000038   Code   RO          666    .text.HAL_NVIC_SetPriority  stm32g0xx_hal_cortex.o
    0x08001008   0x08001008   0x00000024   Code   RO          256    .text.HAL_PCDEx_ActivateLPM  stm32g0xx_hal_pcd_ex.o
    0x0800102c   0x0800102c   0x00000038   Code   RO          246    .text.HAL_PCDEx_PMAConfig  stm32g0xx_hal_pcd_ex.o
    0x08001064   0x08001064   0x0000004c   Code   RO          216    .text.HAL_PCD_EP_Close  stm32g0xx_hal_pcd.o
    0x080010b0   0x080010b0   0x0000005e   Code   RO          226    .text.HAL_PCD_EP_ClrStall  stm32g0xx_hal_pcd.o
    0x0800110e   0x0800110e   0x00000036   Code   RO          230    .text.HAL_PCD_EP_Flush  stm32g0xx_hal_pcd.o
    0x08001144   0x08001144   0x00000012   Code   RO          220    .text.HAL_PCD_EP_GetRxCount  stm32g0xx_hal_pcd.o
    0x08001156   0x08001156   0x00000058   Code   RO          214    .text.HAL_PCD_EP_Open  stm32g0xx_hal_pcd.o
    0x080011ae   0x080011ae   0x00000028   Code   RO          218    .text.HAL_PCD_EP_Receive  stm32g0xx_hal_pcd.o
    0x080011d6   0x080011d6   0x00000058   Code   RO          224    .text.HAL_PCD_EP_SetStall  stm32g0xx_hal_pcd.o
    0x0800122e   0x0800122e   0x0000002c   Code   RO          222    .text.HAL_PCD_EP_Transmit  stm32g0xx_hal_pcd.o
    0x0800125a   0x0800125a   0x0000026a   Code   RO          172    .text.HAL_PCD_Init  stm32g0xx_hal_pcd.o
    0x080014c4   0x080014c4   0x00000078   Code   RO         1948    .text.HAL_PCD_MspInit  usbd_conf.o
    0x0800153c   0x0800153c   0x0000002a   Code   RO          180    .text.HAL_PCD_Start  stm32g0xx_hal_pcd.o
    0x08001566   0x08001566   0x00000002   PAD
    0x08001568   0x08001568   0x00000080   Code   RO          644    .text.HAL_PWREx_ControlVoltageScaling  stm32g0xx_hal_pwr_ex.o
    0x080015e8   0x080015e8   0x00000014   Code   RO          604    .text.HAL_PWREx_EnableVddUSB  stm32g0xx_hal_pwr_ex.o
    0x080015fc   0x080015fc   0x000002a4   Code   RO          382    .text.HAL_RCCEx_PeriphCLKConfig  stm32g0xx_hal_rcc_ex.o
    0x080018a0   0x080018a0   0x000001f4   Code   RO          346    .text.HAL_RCC_ClockConfig  stm32g0xx_hal_rcc.o
    0x08001a94   0x08001a94   0x00000030   Code   RO          358    .text.HAL_RCC_GetClockConfig  stm32g0xx_hal_rcc.o
    0x08001ac4   0x08001ac4   0x00000024   Code   RO          354    .text.HAL_RCC_GetPCLK1Freq  stm32g0xx_hal_rcc.o
    0x08001ae8   0x08001ae8   0x00000088   Code   RO          348    .text.HAL_RCC_GetSysClockFreq  stm32g0xx_hal_rcc.o
    0x08001b70   0x08001b70   0x000004b8   Code   RO          344    .text.HAL_RCC_OscConfig  stm32g0xx_hal_rcc.o
    0x08002028   0x08002028   0x000000d0   Code   RO          988    .text.HAL_RTC_Init  stm32g0xx_hal_rtc.o
    0x080020f8   0x080020f8   0x0000005c   Code   RO           76    .text.HAL_RTC_MspInit  rtc.o
    0x08002154   0x08002154   0x000000fc   Code   RO         1144    .text.HAL_SPI_Init  stm32g0xx_hal_spi.o
    0x08002250   0x08002250   0x0000005c   Code   RO           91    .text.HAL_SPI_MspInit  spi.o
    0x080022ac   0x080022ac   0x00000014   Code   RO          776    .text.HAL_SYSCFG_StrobeDBattpinsConfig  stm32g0xx_hal.o
    0x080022c0   0x080022c0   0x00000002   Code   RO         1586    .text.HAL_TIMEx_Break2Callback  stm32g0xx_hal_tim_ex.o
    0x080022c2   0x080022c2   0x00000002   Code   RO         1584    .text.HAL_TIMEx_BreakCallback  stm32g0xx_hal_tim_ex.o
    0x080022c4   0x080022c4   0x00000002   Code   RO         1580    .text.HAL_TIMEx_CommutCallback  stm32g0xx_hal_tim_ex.o
    0x080022c6   0x080022c6   0x00000058   Code   RO         1269    .text.HAL_TIM_Base_Init  stm32g0xx_hal_tim.o
    0x0800231e   0x0800231e   0x00000002   Code   RO         1271    .text.HAL_TIM_Base_MspInit  stm32g0xx_hal_tim.o
    0x08002320   0x08002320   0x0000007c   Code   RO         1283    .text.HAL_TIM_Base_Start_IT  stm32g0xx_hal_tim.o
    0x0800239c   0x0800239c   0x00000002   Code   RO         1405    .text.HAL_TIM_IC_CaptureCallback  stm32g0xx_hal_tim.o
    0x0800239e   0x0800239e   0x00000002   PAD
    0x080023a0   0x080023a0   0x000001dc   Code   RO         1403    .text.HAL_TIM_IRQHandler  stm32g0xx_hal_tim.o
    0x0800257c   0x0800257c   0x00000002   Code   RO         1407    .text.HAL_TIM_OC_DelayElapsedCallback  stm32g0xx_hal_tim.o
    0x0800257e   0x0800257e   0x00000002   Code   RO         1409    .text.HAL_TIM_PWM_PulseFinishedCallback  stm32g0xx_hal_tim.o
    0x08002580   0x08002580   0x00000018   Code   RO           19    .text.HAL_TIM_PeriodElapsedCallback  main.o
    0x08002598   0x08002598   0x00000002   Code   RO         1413    .text.HAL_TIM_TriggerCallback  stm32g0xx_hal_tim.o
    0x0800259a   0x0800259a   0x00000036   Code   RO         1761    .text.HAL_UARTEx_DisableFifoMode  stm32g0xx_hal_uart_ex.o
    0x080025d0   0x080025d0   0x0000006c   Code   RO         1771    .text.HAL_UARTEx_ReceiveToIdle_DMA  stm32g0xx_hal_uart_ex.o
    0x0800263c   0x0800263c   0x000000d4   Code   RO         2344    .text.HAL_UARTEx_RxEventCallback  dma_uart.o
    0x08002710   0x08002710   0x00000002   Code   RO         1747    .text.HAL_UARTEx_RxFifoFullCallback  stm32g0xx_hal_uart_ex.o
    0x08002712   0x08002712   0x00000002   PAD
    0x08002714   0x08002714   0x00000078   Code   RO         1765    .text.HAL_UARTEx_SetRxFifoThreshold  stm32g0xx_hal_uart_ex.o
    0x0800278c   0x0800278c   0x00000080   Code   RO         1763    .text.HAL_UARTEx_SetTxFifoThreshold  stm32g0xx_hal_uart_ex.o
    0x0800280c   0x0800280c   0x00000002   Code   RO         1749    .text.HAL_UARTEx_TxFifoEmptyCallback  stm32g0xx_hal_uart_ex.o
    0x0800280e   0x0800280e   0x00000002   Code   RO         1745    .text.HAL_UARTEx_WakeupCallback  stm32g0xx_hal_uart_ex.o
    0x08002810   0x08002810   0x00000002   Code   RO         1688    .text.HAL_UART_ErrorCallback  stm32g0xx_hal_uart.o
    0x08002812   0x08002812   0x00000002   PAD
    0x08002814   0x08002814   0x00000474   Code   RO         1684    .text.HAL_UART_IRQHandler  stm32g0xx_hal_uart.o
    0x08002c88   0x08002c88   0x0000006c   Code   RO         1600    .text.HAL_UART_Init  stm32g0xx_hal_uart.o
    0x08002cf4   0x08002cf4   0x000001bc   Code   RO          108    .text.HAL_UART_MspInit  usart.o
    0x08002eb0   0x08002eb0   0x00000002   Code   RO         1696    .text.HAL_UART_RxCpltCallback  stm32g0xx_hal_uart.o
    0x08002eb2   0x08002eb2   0x00000002   Code   RO         1698    .text.HAL_UART_RxHalfCpltCallback  stm32g0xx_hal_uart.o
    0x08002eb4   0x08002eb4   0x000000b0   Code   RO         1640    .text.HAL_UART_Transmit_DMA  stm32g0xx_hal_uart.o
    0x08002f64   0x08002f64   0x000000f0   Code   RO         2346    .text.HAL_UART_TxCpltCallback  dma_uart.o
    0x08003054   0x08003054   0x00000002   Code   RO         1694    .text.HAL_UART_TxHalfCpltCallback  stm32g0xx_hal_uart.o
    0x08003056   0x08003056   0x00000002   Code   RO          128    .text.HardFault_Handler  stm32g0xx_it.o
    0x08003058   0x08003058   0x00000060   Code   RO         2243    .text.MSC_BOT_Abort  usbd_msc_bot.o
    0x080030b8   0x080030b8   0x00000070   Code   RO         2241    .text.MSC_BOT_CplClrFeature  usbd_msc_bot.o
    0x08003128   0x08003128   0x0000008c   Code   RO         2235    .text.MSC_BOT_DataIn  usbd_msc_bot.o
    0x080031b4   0x080031b4   0x00000178   Code   RO         2239    .text.MSC_BOT_DataOut  usbd_msc_bot.o
    0x0800332c   0x0800332c   0x0000001a   Code   RO         2233    .text.MSC_BOT_DeInit  usbd_msc_bot.o
    0x08003346   0x08003346   0x00000002   PAD
    0x08003348   0x08003348   0x00000058   Code   RO         2229    .text.MSC_BOT_Init  usbd_msc_bot.o
    0x080033a0   0x080033a0   0x00000044   Code   RO         2231    .text.MSC_BOT_Reset  usbd_msc_bot.o
    0x080033e4   0x080033e4   0x00000054   Code   RO         2237    .text.MSC_BOT_SendCSW  usbd_msc_bot.o
    0x08003438   0x08003438   0x0000004c   Code   RO         2245    .text.MSC_BOT_SendData  usbd_msc_bot.o
    0x08003484   0x08003484   0x00000058   Code   RO           51    .text.MX_DMA_Init   dma.o
    0x080034dc   0x080034dc   0x00000028   Code   RO         1799    .text.MX_FATFS_Init  app_fatfs.o
    0x08003504   0x08003504   0x00000038   Code   RO           38    .text.MX_FREERTOS_Init  app_freertos.o
    0x0800353c   0x0800353c   0x000000f4   Code   RO           30    .text.MX_GPIO_Init  gpio.o
    0x08003630   0x08003630   0x00000058   Code   RO           59    .text.MX_I2C3_Init  i2c.o
    0x08003688   0x08003688   0x00000038   Code   RO           74    .text.MX_RTC_Init   rtc.o
    0x080036c0   0x080036c0   0x00000048   Code   RO           89    .text.MX_SPI1_Init  spi.o
    0x08003708   0x08003708   0x00000068   Code   RO          104    .text.MX_USART2_UART_Init  usart.o
    0x08003770   0x08003770   0x00000068   Code   RO          106    .text.MX_USART3_UART_Init  usart.o
    0x080037d8   0x080037d8   0x00000054   Code   RO         2020    .text.MX_USB_Device_Init  usb_device.o
    0x0800382c   0x0800382c   0x00000002   Code   RO          126    .text.NMI_Handler   stm32g0xx_it.o
    0x0800382e   0x0800382e   0x00000002   PAD
    0x08003830   0x08003830   0x00000044   Code   RO         2795    .text.PendSV_Handler  port.o
    0x08003874   0x08003874   0x00000090   Code   RO          994    .text.RTC_ExitInitMode  stm32g0xx_hal_rtc.o
    0x08003904   0x08003904   0x00000058   Code   RO         2268    .text.SCSI_CheckAddressRange  usbd_msc_scsi.o
    0x0800395c   0x0800395c   0x00000c2c   Code   RO         2264    .text.SCSI_ProcessCmd  usbd_msc_scsi.o
    0x08004588   0x08004588   0x000000dc   Code   RO         2270    .text.SCSI_ProcessRead  usbd_msc_scsi.o
    0x08004664   0x08004664   0x000000f8   Code   RO         2272    .text.SCSI_ProcessWrite  usbd_msc_scsi.o
    0x0800475c   0x0800475c   0x00000040   Code   RO         2266    .text.SCSI_SenseCode  usbd_msc_scsi.o
    0x0800479c   0x0800479c   0x0000000e   Code   RO         2058    .text.STORAGE_GetCapacity_FS  usbd_storage_if.o
    0x080047aa   0x080047aa   0x00000004   Code   RO         2068    .text.STORAGE_GetMaxLun_FS  usbd_storage_if.o
    0x080047ae   0x080047ae   0x00000004   Code   RO         2056    .text.STORAGE_Init_FS  usbd_storage_if.o
    0x080047b2   0x080047b2   0x00000004   Code   RO         2060    .text.STORAGE_IsReady_FS  usbd_storage_if.o
    0x080047b6   0x080047b6   0x00000004   Code   RO         2062    .text.STORAGE_IsWriteProtected_FS  usbd_storage_if.o
    0x080047ba   0x080047ba   0x00000004   Code   RO         2064    .text.STORAGE_Read_FS  usbd_storage_if.o
    0x080047be   0x080047be   0x00000004   Code   RO         2066    .text.STORAGE_Write_FS  usbd_storage_if.o
    0x080047c2   0x080047c2   0x00000002   Code   RO         2775    .text.SVC_Handler   port.o
    0x080047c4   0x080047c4   0x0000000c   Code   RO           40    .text.StartDefaultTask  app_freertos.o
    0x080047d0   0x080047d0   0x00000024   Code   RO         2797    .text.SysTick_Handler  port.o
    0x080047f4   0x080047f4   0x00000002   Code   RO         1784    .text.SystemInit    system_stm32g0xx.o
    0x080047f6   0x080047f6   0x00000002   PAD
    0x080047f8   0x080047f8   0x00000010   Code   RO          136    .text.TIM6_DAC_LPTIM1_IRQHandler  stm32g0xx_it.o
    0x08004808   0x08004808   0x000000f8   Code   RO         1273    .text.TIM_Base_SetConfig  stm32g0xx_hal_tim.o
    0x08004900   0x08004900   0x000000d2   Code   RO         1604    .text.UART_AdvFeatureConfig  stm32g0xx_hal_uart.o
    0x080049d2   0x080049d2   0x00000002   PAD
    0x080049d4   0x080049d4   0x000000c4   Code   RO         1608    .text.UART_CheckIdleState  stm32g0xx_hal_uart.o
    0x08004a98   0x08004a98   0x00000016   Code   RO         1686    .text.UART_DMAAbortOnError  stm32g0xx_hal_uart.o
    0x08004aae   0x08004aae   0x00000002   PAD
    0x08004ab0   0x08004ab0   0x000000d8   Code   RO         1646    .text.UART_DMAError  stm32g0xx_hal_uart.o
    0x08004b88   0x08004b88   0x00000090   Code   RO         1730    .text.UART_DMAReceiveCplt  stm32g0xx_hal_uart.o
    0x08004c18   0x08004c18   0x00000020   Code   RO         1732    .text.UART_DMARxHalfCplt  stm32g0xx_hal_uart.o
    0x08004c38   0x08004c38   0x0000004a   Code   RO         1642    .text.UART_DMATransmitCplt  stm32g0xx_hal_uart.o
    0x08004c82   0x08004c82   0x0000000a   Code   RO         1644    .text.UART_DMATxHalfCplt  stm32g0xx_hal_uart.o
    0x08004c8c   0x08004c8c   0x00000298   Code   RO         1606    .text.UART_SetConfig  stm32g0xx_hal_uart.o
    0x08004f24   0x08004f24   0x000000a8   Code   RO         1650    .text.UART_Start_Receive_DMA  stm32g0xx_hal_uart.o
    0x08004fcc   0x08004fcc   0x000001c4   Code   RO         1622    .text.UART_WaitOnFlagUntilTimeout  stm32g0xx_hal_uart.o
    0x08005190   0x08005190   0x00000010   Code   RO          138    .text.USART2_LPUART2_IRQHandler  stm32g0xx_it.o
    0x080051a0   0x080051a0   0x00000010   Code   RO          140    .text.USART3_4_5_6_LPUART1_IRQHandler  stm32g0xx_it.o
    0x080051b0   0x080051b0   0x00000014   Code   RO         2156    .text.USBD_CtlError  usbd_ctlreq.o
    0x080051c4   0x080051c4   0x0000001e   Code   RO         2175    .text.USBD_CtlSendData  usbd_ioreq.o
    0x080051e2   0x080051e2   0x0000007a   Code   RO         2142    .text.USBD_GetEpDesc  usbd_core.o
    0x0800525c   0x0800525c   0x000000ae   Code   RO         2164    .text.USBD_GetString  usbd_ctlreq.o
    0x0800530a   0x0800530a   0x0000002a   Code   RO         2098    .text.USBD_Init     usbd_core.o
    0x08005334   0x08005334   0x00000020   Code   RO         1990    .text.USBD_LL_ClearStallEP  usbd_conf.o
    0x08005354   0x08005354   0x00000020   Code   RO         1984    .text.USBD_LL_CloseEP  usbd_conf.o
    0x08005374   0x08005374   0x00000020   Code   RO         1986    .text.USBD_LL_FlushEP  usbd_conf.o
    0x08005394   0x08005394   0x0000000e   Code   RO         2000    .text.USBD_LL_GetRxDataSize  usbd_conf.o
    0x080053a2   0x080053a2   0x00000002   PAD
    0x080053a4   0x080053a4   0x0000007c   Code   RO         1974    .text.USBD_LL_Init  usbd_conf.o
    0x08005420   0x08005420   0x00000028   Code   RO         1982    .text.USBD_LL_OpenEP  usbd_conf.o
    0x08005448   0x08005448   0x00000020   Code   RO         1998    .text.USBD_LL_PrepareReceive  usbd_conf.o
    0x08005468   0x08005468   0x00000020   Code   RO         1988    .text.USBD_LL_StallEP  usbd_conf.o
    0x08005488   0x08005488   0x00000020   Code   RO         1978    .text.USBD_LL_Start  usbd_conf.o
    0x080054a8   0x080054a8   0x00000024   Code   RO         1996    .text.USBD_LL_Transmit  usbd_conf.o
    0x080054cc   0x080054cc   0x00000020   Code   RO         2039    .text.USBD_MSC_ConfigStrDescriptor  usbd_desc.o
    0x080054ec   0x080054ec   0x0000000a   Code   RO         2203    .text.USBD_MSC_DataIn  usbd_msc.o
    0x080054f6   0x080054f6   0x0000000a   Code   RO         2205    .text.USBD_MSC_DataOut  usbd_msc.o
    0x08005500   0x08005500   0x00000070   Code   RO         2199    .text.USBD_MSC_DeInit  usbd_msc.o
    0x08005570   0x08005570   0x0000000c   Code   RO         2029    .text.USBD_MSC_DeviceDescriptor  usbd_desc.o
    0x0800557c   0x0800557c   0x0000000c   Code   RO         2213    .text.USBD_MSC_GetDeviceQualifierDescriptor  usbd_msc.o
    0x08005588   0x08005588   0x00000038   Code   RO         2209    .text.USBD_MSC_GetFSCfgDesc  usbd_msc.o
    0x080055c0   0x080055c0   0x0000003c   Code   RO         2207    .text.USBD_MSC_GetHSCfgDesc  usbd_msc.o
    0x080055fc   0x080055fc   0x0000003c   Code   RO         2211    .text.USBD_MSC_GetOtherSpeedCfgDesc  usbd_msc.o
    0x08005638   0x08005638   0x00000094   Code   RO         2197    .text.USBD_MSC_Init  usbd_msc.o
    0x080056cc   0x080056cc   0x00000024   Code   RO         2041    .text.USBD_MSC_InterfaceStrDescriptor  usbd_desc.o
    0x080056f0   0x080056f0   0x0000000c   Code   RO         2031    .text.USBD_MSC_LangIDStrDescriptor  usbd_desc.o
    0x080056fc   0x080056fc   0x00000028   Code   RO         2033    .text.USBD_MSC_ManufacturerStrDescriptor  usbd_desc.o
    0x08005724   0x08005724   0x0000002c   Code   RO         2035    .text.USBD_MSC_ProductStrDescriptor  usbd_desc.o
    0x08005750   0x08005750   0x0000001c   Code   RO         2215    .text.USBD_MSC_RegisterStorage  usbd_msc.o
    0x0800576c   0x0800576c   0x00000110   Code   RO         2037    .text.USBD_MSC_SerialStrDescriptor  usbd_desc.o
    0x0800587c   0x0800587c   0x0000011e   Code   RO         2201    .text.USBD_MSC_Setup  usbd_msc.o
    0x0800599a   0x0800599a   0x0000003e   Code   RO         2102    .text.USBD_RegisterClass  usbd_core.o
    0x080059d8   0x080059d8   0x00000008   Code   RO         2104    .text.USBD_Start    usbd_core.o
    0x080059e0   0x080059e0   0x00000002   Code   RO         2006    .text.USBD_static_free  usbd_conf.o
    0x080059e2   0x080059e2   0x00000002   PAD
    0x080059e4   0x080059e4   0x00000008   Code   RO         2004    .text.USBD_static_malloc  usbd_conf.o
    0x080059ec   0x080059ec   0x0000023c   Code   RO          284    .text.USB_ActivateEndpoint  stm32g0xx_ll_usb.o
    0x08005c28   0x08005c28   0x000000a4   Code   RO          286    .text.USB_DeactivateEndpoint  stm32g0xx_ll_usb.o
    0x08005ccc   0x08005ccc   0x0000000e   Code   RO          302    .text.USB_DevConnect  stm32g0xx_ll_usb.o
    0x08005cda   0x08005cda   0x0000001a   Code   RO          278    .text.USB_DevInit   stm32g0xx_ll_usb.o
    0x08005cf4   0x08005cf4   0x00000010   Code   RO          274    .text.USB_DisableGlobalInt  stm32g0xx_ll_usb.o
    0x08005d04   0x08005d04   0x00000068   Code   RO          294    .text.USB_EPClearStall  stm32g0xx_ll_usb.o
    0x08005d6c   0x08005d6c   0x0000003c   Code   RO          292    .text.USB_EPSetStall  stm32g0xx_ll_usb.o
    0x08005da8   0x08005da8   0x00000cc8   Code   RO          288    .text.USB_EPStartXfer  stm32g0xx_ll_usb.o
    0x08006a70   0x08006a70   0x00000010   Code   RO          272    .text.USB_EnableGlobalInt  stm32g0xx_ll_usb.o
    0x08006a80   0x08006a80   0x00000004   Code   RO          282    .text.USB_FlushRxFifo  stm32g0xx_ll_usb.o
    0x08006a84   0x08006a84   0x00000004   Code   RO          280    .text.USB_FlushTxFifo  stm32g0xx_ll_usb.o
    0x08006a88   0x08006a88   0x0000000c   Code   RO         2079    .text.USER_initialize  user_diskio.o
    0x08006a94   0x08006a94   0x00000004   Code   RO         2087    .text.USER_ioctl    user_diskio.o
    0x08006a98   0x08006a98   0x00000004   Code   RO         2083    .text.USER_read     user_diskio.o
    0x08006a9c   0x08006a9c   0x00000010   Code   RO         2081    .text.USER_status   user_diskio.o
    0x08006aac   0x08006aac   0x00000004   Code   RO         2085    .text.USER_write    user_diskio.o
    0x08006ab0   0x08006ab0   0x0000012c   Code   RO         2338    .text.board_printf  dma_uart.o
    0x08006bdc   0x08006bdc   0x000000d8   Code   RO         2342    .text.get_uid_string  dma_uart.o
    0x08006cb4   0x08006cb4   0x000000cc   Code   RO           13    .text.main          main.o
    0x08006d80   0x08006d80   0x00000010   Code   RO         2653    .text.osDelay       cmsis_os.o
    0x08006d90   0x08006d90   0x0000000a   Code   RO         2635    .text.osKernelStart  cmsis_os.o
    0x08006d9a   0x08006d9a   0x00000042   Code   RO         2641    .text.osThreadCreate  cmsis_os.o
    0x08006ddc   0x08006ddc   0x0000002c   Code   RO         2340    .text.print_board_uid  dma_uart.o
    0x08006e08   0x08006e08   0x0000004c   Code   RO         2563    .text.prvIdleTask   tasks.o
    0x08006e54   0x08006e54   0x000000fa   Code   RO         2515    .text.prvReadMessageFromBuffer  stream_buffer.o
    0x08006f4e   0x08006f4e   0x00000002   PAD
    0x08006f50   0x08006f50   0x00000034   Code   RO         2773    .text.prvTaskExitError  port.o
    0x08006f84   0x08006f84   0x000000de   Code   RO         2509    .text.prvWriteMessageToBuffer  stream_buffer.o
    0x08007062   0x08007062   0x00000002   PAD
    0x08007064   0x08007064   0x00000184   Code   RO         2749    .text.pvPortMalloc  heap_4.o
    0x080071e8   0x080071e8   0x00000024   Code   RO         2771    .text.pxPortInitialiseStack  port.o
    0x0800720c   0x0800720c   0x000001ac   Code   RO         2334    .text.rs485_demo_task  dma_uart.o
    0x080073b8   0x080073b8   0x00000038   Code   RO         2332    .text.start_rs485_demo_task  dma_uart.o
    0x080073f0   0x080073f0   0x00000028   Code   RO           11    .text.test_task     main.o
    0x08007418   0x08007418   0x00000008   Code   RO         2791    .text.ulSetInterruptMaskFromISR  port.o
    0x08007420   0x08007420   0x00000098   Code   RO         2609    .text.ulTaskNotifyTake  tasks.o
    0x080074b8   0x080074b8   0x00000022   Code   RO         2434    .text.uxListRemove  list.o
    0x080074da   0x080074da   0x00000006   Code   RO         2793    .text.vClearInterruptMaskFromISR  port.o
    0x080074e0   0x080074e0   0x00000014   Code   RO         2426    .text.vListInitialise  list.o
    0x080074f4   0x080074f4   0x00000006   Code   RO         2428    .text.vListInitialiseItem  list.o
    0x080074fa   0x080074fa   0x0000003c   Code   RO         2432    .text.vListInsert   list.o
    0x08007536   0x08007536   0x00000018   Code   RO         2430    .text.vListInsertEnd  list.o
    0x0800754e   0x0800754e   0x00000002   PAD
    0x08007550   0x08007550   0x00000014   Code   RO         2787    .text.vPortEnterCritical  port.o
    0x08007564   0x08007564   0x00000018   Code   RO         2789    .text.vPortExitCritical  port.o
    0x0800757c   0x0800757c   0x0000009c   Code   RO         2751    .text.vPortFree     heap_4.o
    0x08007618   0x08007618   0x00000028   Code   RO         2779    .text.vPortSetupTimerInterrupt  port.o
    0x08007640   0x08007640   0x00000034   Code   RO         2781    .text.vPortStartFirstTask  port.o
    0x08007674   0x08007674   0x00000018   Code   RO         2785    .text.vPortYield    port.o
    0x0800768c   0x0800768c   0x0000006c   Code   RO         2541    .text.vTaskDelay    tasks.o
    0x080076f8   0x080076f8   0x00000084   Code   RO         2617    .text.vTaskNotifyGiveFromISR  tasks.o
    0x0800777c   0x0800777c   0x00000020   Code   RO         2587    .text.vTaskSetTimeOutState  tasks.o
    0x0800779c   0x0800779c   0x0000004c   Code   RO         2561    .text.vTaskStartScheduler  tasks.o
    0x080077e8   0x080077e8   0x00000010   Code   RO         2543    .text.vTaskSuspendAll  tasks.o
    0x080077f8   0x080077f8   0x00000098   Code   RO         2555    .text.vTaskSwitchContext  tasks.o
    0x08007890   0x08007890   0x0000005c   Code   RO         2777    .text.xPortStartScheduler  port.o
    0x080078ec   0x080078ec   0x0000001a   Code   RO         2505    .text.xStreamBufferBytesAvailable  stream_buffer.o
    0x08007906   0x08007906   0x0000006a   Code   RO         2495    .text.xStreamBufferGenericCreate  stream_buffer.o
    0x08007970   0x08007970   0x000000ec   Code   RO         2513    .text.xStreamBufferReceive  stream_buffer.o
    0x08007a5c   0x08007a5c   0x0000006e   Code   RO         2519    .text.xStreamBufferReceiveFromISR  stream_buffer.o
    0x08007aca   0x08007aca   0x000000fa   Code   RO         2507    .text.xStreamBufferSend  stream_buffer.o
    0x08007bc4   0x08007bc4   0x00000082   Code   RO         2511    .text.xStreamBufferSendFromISR  stream_buffer.o
    0x08007c46   0x08007c46   0x00000002   PAD
    0x08007c48   0x08007c48   0x00000078   Code   RO         2591    .text.xTaskCheckForTimeOut  tasks.o
    0x08007cc0   0x08007cc0   0x00000220   Code   RO         2537    .text.xTaskCreate   tasks.o
    0x08007ee0   0x08007ee0   0x000000c4   Code   RO         2613    .text.xTaskGenericNotify  tasks.o
    0x08007fa4   0x08007fa4   0x000000e8   Code   RO         2615    .text.xTaskGenericNotifyFromISR  tasks.o
    0x0800808c   0x0800808c   0x00000008   Code   RO         2595    .text.xTaskGetCurrentTaskHandle  tasks.o
    0x08008094   0x08008094   0x000000f0   Code   RO         2567    .text.xTaskIncrementTick  tasks.o
    0x08008184   0x08008184   0x00000038   Code   RO         2619    .text.xTaskNotifyStateClear  tasks.o
    0x080081bc   0x080081bc   0x000000b8   Code   RO         2611    .text.xTaskNotifyWait  tasks.o
    0x08008274   0x08008274   0x000000d4   Code   RO         2545    .text.xTaskResumeAll  tasks.o
    0x08008348   0x08008348   0x00000038   Code   RO         3085    i.__0snprintf       mc_p.l(printfa.o)
    0x08008380   0x08008380   0x00000030   Code   RO         3089    i.__0vsnprintf      mc_p.l(printfa.o)
    0x080083b0   0x080083b0   0x0000002e   Code   RO         3158    i.__ARM_clz         mf_p.l(depilogue.o)
    0x080083de   0x080083de   0x0000000e   Code   RO         3162    i.__scatterload_copy  mc_p.l(handlers.o)
    0x080083ec   0x080083ec   0x00000002   Code   RO         3163    i.__scatterload_null  mc_p.l(handlers.o)
    0x080083ee   0x080083ee   0x0000000e   Code   RO         3164    i.__scatterload_zeroinit  mc_p.l(handlers.o)
    0x080083fc   0x080083fc   0x00000174   Code   RO         3091    i._fp_digits        mc_p.l(printfa.o)
    0x08008570   0x08008570   0x000006ec   Code   RO         3092    i._printf_core      mc_p.l(printfa.o)
    0x08008c5c   0x08008c5c   0x00000020   Code   RO         3093    i._printf_post_padding  mc_p.l(printfa.o)
    0x08008c7c   0x08008c7c   0x0000002c   Code   RO         3094    i._printf_pre_padding  mc_p.l(printfa.o)
    0x08008ca8   0x08008ca8   0x00000016   Code   RO         3095    i._snputc           mc_p.l(printfa.o)
    0x08008cbe   0x08008cbe   0x00000002   PAD
    0x08008cc0   0x08008cc0   0x00000040   Data   RO         1789    .rodata.AHBPrescTable  system_stm32g0xx.o
    0x08008d00   0x08008d00   0x00000020   Data   RO         1790    .rodata.APBPrescTable  system_stm32g0xx.o
    0x08008d20   0x08008d20   0x00000024   Data   RO         2070    .rodata.STORAGE_Inquirydata_FS  usbd_storage_if.o
    0x08008d44   0x08008d44   0x00000018   Data   RO         1734    .rodata.UARTPrescTable  stm32g0xx_hal_uart.o
    0x08008d5c   0x08008d5c   0x00000010   Data   RO         1775    .rodata.cst8        stm32g0xx_hal_uart_ex.o
    0x08008d6c   0x08008d6c   0x0000000c   Data   RO           42    .rodata.str1.1      app_freertos.o
    0x08008d78   0x08008d78   0x00000005   Data   RO         2349    .rodata.str1.1      dma_uart.o
    0x08008d7d   0x08008d7d   0x00000003   PAD
    0x08008d80   0x08008d80   0x00000020   Data   RO         3161    Region$$Table       anon$$obj.o


    Execution Region RW_IRAM1 (Exec base: 0x20000000, Load base: 0x08008da0, Size: 0x000041f0, Max: 0x00024000, ABSOLUTE, COMPRESSED[0x000000c0])

    Exec Addr    Load Addr    Size         Type   Attr      Idx    E Section Name        Object

    0x20000000   COMPRESSED   0x00000008   Data   RW          779    .data..L_MergedGlobals  stm32g0xx_hal.o
    0x20000008   COMPRESSED   0x00000002   Data   RW         2220    .data..L_MergedGlobals  usbd_msc.o
    0x2000000a   COMPRESSED   0x00000002   PAD
    0x2000000c   COMPRESSED   0x00000020   Data   RW         2043    .data.MSC_Desc      usbd_desc.o
    0x2000002c   COMPRESSED   0x0000001b   Data   RW         2258    .data.MSC_Mode_Sense10_data  usbd_msc_data.o
    0x20000047   COMPRESSED   0x00000017   Data   RW         2257    .data.MSC_Mode_Sense6_data  usbd_msc_data.o
    0x2000005e   COMPRESSED   0x00000006   Data   RW         2255    .data.MSC_Page00_Inquiry_Data  usbd_msc_data.o
    0x20000064   COMPRESSED   0x00000008   Data   RW         2256    .data.MSC_Page80_Inquiry_Data  usbd_msc_data.o
    0x2000006c   COMPRESSED   0x00000001   Data   RW         2090    .data.Stat          user_diskio.o
    0x2000006d   COMPRESSED   0x00000003   PAD
    0x20000070   COMPRESSED   0x00000004   Data   RW         1788    .data.SystemCoreClock  system_stm32g0xx.o
    0x20000074   COMPRESSED   0x00000004   Data   RW         2045    .data.USBD_LangIDDesc  usbd_desc.o
    0x20000078   COMPRESSED   0x00000038   Data   RW         2217    .data.USBD_MSC      usbd_msc.o
    0x200000b0   COMPRESSED   0x00000020   Data   RW         2218    .data.USBD_MSC_CfgDesc  usbd_msc.o
    0x200000d0   COMPRESSED   0x00000012   Data   RW         2044    .data.USBD_MSC_DeviceDesc  usbd_desc.o
    0x200000e2   COMPRESSED   0x00000002   PAD
    0x200000e4   COMPRESSED   0x0000000a   Data   RW         2219    .data.USBD_MSC_DeviceQualifierDesc  usbd_msc.o
    0x200000ee   COMPRESSED   0x00000002   PAD
    0x200000f0   COMPRESSED   0x00000020   Data   RW         2071    .data.USBD_Storage_Interface_fops_FS  usbd_storage_if.o
    0x20000110   COMPRESSED   0x0000001a   Data   RW         2046    .data.USBD_StringSerial  usbd_desc.o
    0x2000012a   COMPRESSED   0x00000002   PAD
    0x2000012c   COMPRESSED   0x00000014   Data   RW         2089    .data.USER_Driver   user_diskio.o
    0x20000140   COMPRESSED   0x00000004   Data   RW         2799    .data.uxCriticalNesting  port.o
    0x20000144   COMPRESSED   0x00000004   PAD
    0x20000148        -       0x00000005   Zero   RW         1807    .bss..L_MergedGlobals  app_fatfs.o
    0x2000014d   COMPRESSED   0x00000003   PAD
    0x20000150        -       0x00000008   Zero   RW         2350    .bss..L_MergedGlobals  dma_uart.o
    0x20000158        -       0x00000078   Zero   RW         2624    .bss..L_MergedGlobals  tasks.o
    0x200001d0        -       0x00000020   Zero   RW         2762    .bss..L_MergedGlobals  heap_4.o
    0x200001f0        -       0x00000028   Zero   RW         2625    .bss..L_MergedGlobals.1  tasks.o
    0x20000218        -       0x00000200   Zero   RW         2047    .bss.USBD_StrDesc   usbd_desc.o
    0x20000418        -       0x00000278   Zero   RW         2011    .bss.USBD_static_malloc.mem  usbd_conf.o
    0x20000690        -       0x00000004   Zero   RW           43    .bss.defaultTaskHandle  app_freertos.o
    0x20000694        -       0x0000000c   Zero   RW         1923    .bss.disk           ff_gen_drv.o
    0x200006a0        -       0x000002dc   Zero   RW         2022    .bss.hUsbDeviceFS   usb_device.o
    0x2000097c        -       0x00000060   Zero   RW          114    .bss.hdma_usart2_rx  usart.o
    0x200009dc        -       0x00000060   Zero   RW          115    .bss.hdma_usart2_tx  usart.o
    0x20000a3c        -       0x00000060   Zero   RW          116    .bss.hdma_usart3_rx  usart.o
    0x20000a9c        -       0x00000060   Zero   RW          117    .bss.hdma_usart3_tx  usart.o
    0x20000afc        -       0x00000054   Zero   RW           65    .bss.hi2c3          i2c.o
    0x20000b50        -       0x000002e0   Zero   RW         2010    .bss.hpcd_USB_DRD_FS  usbd_conf.o
    0x20000e30        -       0x0000002c   Zero   RW           80    .bss.hrtc           rtc.o
    0x20000e5c        -       0x00000064   Zero   RW           95    .bss.hspi1          spi.o
    0x20000ec0        -       0x0000004c   Zero   RW          163    .bss.htim6          stm32g0xx_hal_timebase_tim.o
    0x20000f0c        -       0x00000094   Zero   RW          112    .bss.huart2         usart.o
    0x20000fa0        -       0x00000094   Zero   RW          113    .bss.huart3         usart.o
    0x20001034        -       0x0000008c   Zero   RW         2623    .bss.pxReadyTasksLists  tasks.o
    0x200010c0        -       0x00000528   Zero   RW         2348    .bss.uart_instances  dma_uart.o
    0x200015e8        -       0x00002800   Zero   RW         2761    .bss.ucHeap         heap_4.o
    0x20003de8        -       0x00000004   Zero   RW          778    .bss.uwTick         stm32g0xx_hal.o
    0x20003dec   COMPRESSED   0x00000004   PAD
    0x20003df0        -       0x00000400   Zero   RW            1    STACK               startup_stm32g0b1xx.o


==============================================================================

Image component sizes


      Code (inc. data)   RO Data    RW Data    ZI Data      Debug   Object Name

        40          8          0          0          5       2560   app_fatfs.o
        68         24         12          0          4       2008   app_freertos.o
        92          0          0          0          0      22342   cmsis_os.o
        88          4          0          0          0       2089   dma.o
      1496        144          5          0       1328      11809   dma_uart.o
        64          4          0          0         12       3313   ff_gen_drv.o
       244         20          0          0          0       2078   gpio.o
       544         12          0          0      10272       4982   heap_4.o
       184         24          0          0         84       5491   i2c.o
       144          0          0          0          0       2320   list.o
       276         28          0          0          0       6526   main.o
       460         40          0          4          0       2934   port.o
       148         16          0          0         44       3778   rtc.o
       164         16          0          0        100       5283   spi.o
        28          8        188          0       1024        620   startup_stm32g0b1xx.o
       132         28          0          8          4       8065   stm32g0xx_hal.o
        80         12          0          0          0       7097   stm32g0xx_hal_cortex.o
       938         44          0          0          0       9575   stm32g0xx_hal_dma.o
       428         12          0          0          0       4801   stm32g0xx_hal_gpio.o
       180          8          0          0          0      66165   stm32g0xx_hal_i2c.o
       132          0          0          0          0       6109   stm32g0xx_hal_i2c_ex.o
        64          4          0          0          0       2132   stm32g0xx_hal_msp.o
      1162          0          0          0          0      17273   stm32g0xx_hal_pcd.o
        92          0          0          0          0       5582   stm32g0xx_hal_pcd_ex.o
       148         16          0          0          0       8452   stm32g0xx_hal_pwr_ex.o
      1928         84          0          0          0       9810   stm32g0xx_hal_rcc.o
       676         20          0          0          0      10770   stm32g0xx_hal_rcc_ex.o
       352         12          0          0          0      15896   stm32g0xx_hal_rtc.o
       252          4          0          0          0      26608   stm32g0xx_hal_spi.o
       946         76          0          0          0      66200   stm32g0xx_hal_tim.o
         6          0          0          0          0      27010   stm32g0xx_hal_tim_ex.o
       152         20          0          0         76       6642   stm32g0xx_hal_timebase_tim.o
      3620        176         24          0          0      50003   stm32g0xx_hal_uart.o
       416          8         16          0          0      12130   stm32g0xx_hal_uart_ex.o
       108         28          0          0          0       2057   stm32g0xx_it.o
      4252        136          0          0          0      36253   stm32g0xx_ll_usb.o
      1330          0          0          0          0      16712   stream_buffer.o
         2          0         96          4          0       1982   system_stm32g0xx.o
      2536         80          0          0        300      24778   tasks.o
       652         56          0          0        680       7895   usart.o
        84         16          0          0        732       3158   usb_device.o
       536         28          0          0       1368      16265   usbd_conf.o
       234          0          0          0          0      10957   usbd_core.o
       194          0          0          0          0      10142   usbd_ctlreq.o
       448         88          0         80        512       4334   usbd_desc.o
        30          0          0          0          0       4742   usbd_ioreq.o
       782         24          0        100          0       8368   usbd_msc.o
      1066         28          0          0          0       8587   usbd_msc_bot.o
         0          0          0         64          0        771   usbd_msc_data.o
      3736        234          0          0          0      19549   usbd_msc_scsi.o
        38          0         36         32          0       2319   usbd_storage_if.o
        40          4          0         21          0       1766   user_diskio.o

    ----------------------------------------------------------------------
     31844       1594        412        324      16556     619088   Object Totals
         0          0         32          0          0          0   (incl. Generated)
        32          0          3         11         11          0   (incl. Padding)

    ----------------------------------------------------------------------

      Code (inc. data)   RO Data    RW Data    ZI Data      Debug   Library Member Name

        86          0          0          0          0          0   __dczerorl2.o
         0          0          0          0          0          0   entry.o
         0          0          0          0          0          0   entry10a.o
         0          0          0          0          0          0   entry11a.o
         8          4          0          0          0          0   entry2.o
         4          0          0          0          0          0   entry5.o
         0          0          0          0          0          0   entry7b.o
         0          0          0          0          0          0   entry8b.o
         8          4          0          0          0          0   entry9a.o
        30          0          0          0          0          0   handlers.o
        36          8          0          0          0         68   init.o
         0          0          0          0          0          0   iusefp.o
        32          0          0          0          0         68   llshl.o
        38          0          0          0          0         68   llsshr.o
        34          0          0          0          0         68   llushr.o
        36          0          0          0          0         60   memcpya.o
        36          0          0          0          0        100   memseta.o
      2346        100          0          0          0        552   printfa.o
        62          0          0          0          0         72   uidiv_div0.o
        96          0          0          0          0         84   uldiv.o
        40          2          0          0          0         68   cdrcmple.o
       356          4          0          0          0        140   dadd.o
       240          6          0          0          0         84   ddiv.o
       236          0          0          0          0        216   depilogue.o
        64         10          0          0          0         68   dfixul.o
       208          6          0          0          0         88   dmul.o

    ----------------------------------------------------------------------
      4000        144          0          0          0       1804   Library Totals
         4          0          0          0          0          0   (incl. Padding)

    ----------------------------------------------------------------------

      Code (inc. data)   RO Data    RW Data    ZI Data      Debug   Library Name

      2852        116          0          0          0       1140   mc_p.l
      1144         28          0          0          0        664   mf_p.l

    ----------------------------------------------------------------------
      4000        144          0          0          0       1804   Library Totals

    ----------------------------------------------------------------------

==============================================================================


      Code (inc. data)   RO Data    RW Data    ZI Data      Debug   

     35844       1738        412        324      16556     619248   Grand Totals
     35844       1738        412        192      16556     619248   ELF Image Totals (compressed)
     35844       1738        412        192          0          0   ROM Totals

==============================================================================

    Total RO  Size (Code + RO Data)                36256 (  35.41kB)
    Total RW  Size (RW Data + ZI Data)             16880 (  16.48kB)
    Total ROM Size (Code + RO Data + RW Data)      36448 (  35.59kB)

==============================================================================

