Component: Arm Compiler for Embedded 6.19 Tool: armlink [5e73cb00]

==============================================================================

Section Cross References

    startup_stm32g0b1xx.o(RESET) refers to startup_stm32g0b1xx.o(STACK) for __initial_sp
    startup_stm32g0b1xx.o(RESET) refers to startup_stm32g0b1xx.o(.text) for Reset_Handler
    startup_stm32g0b1xx.o(RESET) refers to stm32g0xx_it.o(.text.NMI_Handler) for NMI_Handler
    startup_stm32g0b1xx.o(RESET) refers to stm32g0xx_it.o(.text.HardFault_Handler) for HardFault_Handler
    startup_stm32g0b1xx.o(RESET) refers to port.o(.text.SVC_Handler) for SVC_Handler
    startup_stm32g0b1xx.o(RESET) refers to port.o(.text.PendSV_Handler) for PendSV_Handler
    startup_stm32g0b1xx.o(RESET) refers to port.o(.text.SysTick_Handler) for SysTick_Handler
    startup_stm32g0b1xx.o(RESET) refers to stm32g0xx_it.o(.text.TIM6_DAC_LPTIM1_IRQHandler) for TIM6_DAC_LPTIM1_IRQHandler
    startup_stm32g0b1xx.o(.text) refers to system_stm32g0xx.o(.text.SystemInit) for SystemInit
    startup_stm32g0b1xx.o(.text) refers to entry.o(.ARM.Collect$$$$00000000) for __main
    main.o(.text.main) refers to stm32g0xx_hal.o(.text.HAL_Init) for HAL_Init
    main.o(.text.main) refers to stm32g0xx_hal_pwr_ex.o(.text.HAL_PWREx_ControlVoltageScaling) for HAL_PWREx_ControlVoltageScaling
    main.o(.text.main) refers to stm32g0xx_hal_rcc.o(.text.HAL_RCC_OscConfig) for HAL_RCC_OscConfig
    main.o(.text.main) refers to stm32g0xx_hal_rcc.o(.text.HAL_RCC_ClockConfig) for HAL_RCC_ClockConfig
    main.o(.text.main) refers to gpio.o(.text.MX_GPIO_Init) for MX_GPIO_Init
    main.o(.text.main) refers to iwdg.o(.text.MX_IWDG_Init) for MX_IWDG_Init
    main.o(.text.main) refers to usart.o(.text.MX_USART2_UART_Init) for MX_USART2_UART_Init
    main.o(.text.main) refers to spi.o(.text.MX_SPI1_Init) for MX_SPI1_Init
    main.o(.text.main) refers to app_fatfs.o(.text.MX_FATFS_Init) for MX_FATFS_Init
    main.o(.text.main) refers to i2c.o(.text.MX_I2C3_Init) for MX_I2C3_Init
    main.o(.text.main) refers to usart.o(.text.MX_USART3_UART_Init) for MX_USART3_UART_Init
    main.o(.text.main) refers to rtc.o(.text.MX_RTC_Init) for MX_RTC_Init
    main.o(.text.main) refers to app_freertos.o(.text.MX_FREERTOS_Init) for MX_FREERTOS_Init
    main.o(.text.main) refers to cmsis_os.o(.text.osKernelStart) for osKernelStart
    main.o(.ARM.exidx.text.main) refers to main.o(.text.main) for [Anonymous Symbol]
    main.o(.text.SystemClock_Config) refers to stm32g0xx_hal_pwr_ex.o(.text.HAL_PWREx_ControlVoltageScaling) for HAL_PWREx_ControlVoltageScaling
    main.o(.text.SystemClock_Config) refers to stm32g0xx_hal_rcc.o(.text.HAL_RCC_OscConfig) for HAL_RCC_OscConfig
    main.o(.text.SystemClock_Config) refers to stm32g0xx_hal_rcc.o(.text.HAL_RCC_ClockConfig) for HAL_RCC_ClockConfig
    main.o(.ARM.exidx.text.SystemClock_Config) refers to main.o(.text.SystemClock_Config) for [Anonymous Symbol]
    main.o(.ARM.exidx.text.Error_Handler) refers to main.o(.text.Error_Handler) for [Anonymous Symbol]
    main.o(.text.HAL_TIM_PeriodElapsedCallback) refers to stm32g0xx_hal.o(.text.HAL_IncTick) for HAL_IncTick
    main.o(.ARM.exidx.text.HAL_TIM_PeriodElapsedCallback) refers to main.o(.text.HAL_TIM_PeriodElapsedCallback) for [Anonymous Symbol]
    gpio.o(.text.MX_GPIO_Init) refers to stm32g0xx_hal_gpio.o(.text.HAL_GPIO_WritePin) for HAL_GPIO_WritePin
    gpio.o(.text.MX_GPIO_Init) refers to stm32g0xx_hal_gpio.o(.text.HAL_GPIO_Init) for HAL_GPIO_Init
    gpio.o(.ARM.exidx.text.MX_GPIO_Init) refers to gpio.o(.text.MX_GPIO_Init) for [Anonymous Symbol]
    app_freertos.o(.text.MX_FREERTOS_Init) refers to cmsis_os.o(.text.osThreadCreate) for osThreadCreate
    app_freertos.o(.text.MX_FREERTOS_Init) refers to app_freertos.o(.rodata.str1.1) for [Anonymous Symbol]
    app_freertos.o(.text.MX_FREERTOS_Init) refers to app_freertos.o(.text.StartDefaultTask) for StartDefaultTask
    app_freertos.o(.text.MX_FREERTOS_Init) refers to app_freertos.o(.bss.defaultTaskHandle) for defaultTaskHandle
    app_freertos.o(.ARM.exidx.text.MX_FREERTOS_Init) refers to app_freertos.o(.text.MX_FREERTOS_Init) for [Anonymous Symbol]
    app_freertos.o(.text.StartDefaultTask) refers to usb_device.o(.text.MX_USB_Device_Init) for MX_USB_Device_Init
    app_freertos.o(.text.StartDefaultTask) refers to cmsis_os.o(.text.osDelay) for osDelay
    app_freertos.o(.ARM.exidx.text.StartDefaultTask) refers to app_freertos.o(.text.StartDefaultTask) for [Anonymous Symbol]
    i2c.o(.text.MX_I2C3_Init) refers to stm32g0xx_hal_i2c.o(.text.HAL_I2C_Init) for HAL_I2C_Init
    i2c.o(.text.MX_I2C3_Init) refers to main.o(.text.Error_Handler) for Error_Handler
    i2c.o(.text.MX_I2C3_Init) refers to stm32g0xx_hal_i2c_ex.o(.text.HAL_I2CEx_ConfigAnalogFilter) for HAL_I2CEx_ConfigAnalogFilter
    i2c.o(.text.MX_I2C3_Init) refers to stm32g0xx_hal_i2c_ex.o(.text.HAL_I2CEx_ConfigDigitalFilter) for HAL_I2CEx_ConfigDigitalFilter
[...]
    [Anonymous Symbol]                       0x08003728   Section        0  stm32g0xx_hal_tim.o(.text.TIM_Base_SetConfig)
    __arm_cp.2_0                             0x080037f4   Number         4  stm32g0xx_hal_tim.o(.text.TIM_Base_SetConfig)
    __arm_cp.2_1                             0x080037f8   Number         4  stm32g0xx_hal_tim.o(.text.TIM_Base_SetConfig)
    __arm_cp.2_2                             0x080037fc   Number         4  stm32g0xx_hal_tim.o(.text.TIM_Base_SetConfig)
    __arm_cp.2_3                             0x08003800   Number         4  stm32g0xx_hal_tim.o(.text.TIM_Base_SetConfig)
    __arm_cp.2_4                             0x08003804   Number         4  stm32g0xx_hal_tim.o(.text.TIM_Base_SetConfig)
    __arm_cp.2_5                             0x08003808   Number         4  stm32g0xx_hal_tim.o(.text.TIM_Base_SetConfig)
    __arm_cp.2_6                             0x0800380c   Number         4  stm32g0xx_hal_tim.o(.text.TIM_Base_SetConfig)
    __arm_cp.2_7                             0x08003810   Number         4  stm32g0xx_hal_tim.o(.text.TIM_Base_SetConfig)
    __arm_cp.2_8                             0x08003814   Number         4  stm32g0xx_hal_tim.o(.text.TIM_Base_SetConfig)
    __arm_cp.2_9                             0x08003818   Number         4  stm32g0xx_hal_tim.o(.text.TIM_Base_SetConfig)
    __arm_cp.2_10                            0x0800381c   Number         4  stm32g0xx_hal_tim.o(.text.TIM_Base_SetConfig)
    [Anonymous Symbol]                       0x08003820   Section        0  stm32g0xx_hal_uart.o(.text.UART_AdvFeatureConfig)
    [Anonymous Symbol]                       0x080038f4   Section        0  stm32g0xx_hal_uart.o(.text.UART_CheckIdleState)
    __arm_cp.4_0                             0x080039b4   Number         4  stm32g0xx_hal_uart.o(.text.UART_CheckIdleState)
    [Anonymous Symbol]                       0x080039b8   Section        0  stm32g0xx_hal_uart.o(.text.UART_SetConfig)
    __arm_cp.3_0                             0x08003bf0   Number         4  stm32g0xx_hal_uart.o(.text.UART_SetConfig)
    __arm_cp.3_1                             0x08003bf4   Number         4  stm32g0xx_hal_uart.o(.text.UART_SetConfig)
    __arm_cp.3_2                             0x08003bf8   Number         4  stm32g0xx_hal_uart.o(.text.UART_SetConfig)
    __arm_cp.3_3                             0x08003bfc   Number         4  stm32g0xx_hal_uart.o(.text.UART_SetConfig)
    __arm_cp.3_4                             0x08003c00   Number         4  stm32g0xx_hal_uart.o(.text.UART_SetConfig)
    __arm_cp.3_5                             0x08003c04   Number         4  stm32g0xx_hal_uart.o(.text.UART_SetConfig)
    __arm_cp.3_6                             0x08003c08   Number         4  stm32g0xx_hal_uart.o(.text.UART_SetConfig)
    __arm_cp.3_7                             0x08003c0c   Number         4  stm32g0xx_hal_uart.o(.text.UART_SetConfig)
    __arm_cp.3_8                             0x08003c10   Number         4  stm32g0xx_hal_uart.o(.text.UART_SetConfig)
    __arm_cp.3_9                             0x08003c14   Number         4  stm32g0xx_hal_uart.o(.text.UART_SetConfig)
    __arm_cp.3_10                            0x08003c18   Number         4  stm32g0xx_hal_uart.o(.text.UART_SetConfig)
    __arm_cp.3_11                            0x08003c1c   Number         4  stm32g0xx_hal_uart.o(.text.UART_SetConfig)
    __arm_cp.3_12                            0x08003c20   Number         4  stm32g0xx_hal_uart.o(.text.UART_SetConfig)
    __arm_cp.3_13                            0x08003c24   Number         4  stm32g0xx_hal_uart.o(.text.UART_SetConfig)
    __arm_cp.3_14                            0x08003c28   Number         4  stm32g0xx_hal_uart.o(.text.UART_SetConfig)
    __arm_cp.3_16                            0x08003c3c   Number         4  stm32g0xx_hal_uart.o(.text.UART_SetConfig)
    __arm_cp.3_17                            0x08003c40   Number         4  stm32g0xx_hal_uart.o(.text.UART_SetConfig)
    __arm_cp.3_18                            0x08003c44   Number         4  stm32g0xx_hal_uart.o(.text.UART_SetConfig)
    __arm_cp.3_19                            0x08003c48   Number         4  stm32g0xx_hal_uart.o(.text.UART_SetConfig)
    __arm_cp.3_20                            0x08003c4c   Number         4  stm32g0xx_hal_uart.o(.text.UART_SetConfig)
    [Anonymous Symbol]                       0x08003c50   Section        0  stm32g0xx_hal_uart.o(.text.UART_WaitOnFlagUntilTimeout)
    __arm_cp.11_0                            0x08003e10   Number         4  stm32g0xx_hal_uart.o(.text.UART_WaitOnFlagUntilTimeout)
    [Anonymous Symbol]                       0x08003e14   Section        0  usbd_ctlreq.o(.text.USBD_CtlError)
    [Anonymous Symbol]                       0x08003e28   Section        0  usbd_ioreq.o(.text.USBD_CtlSendData)
    [Anonymous Symbol]                       0x08003e46   Section        0  usbd_core.o(.text.USBD_GetEpDesc)
    [Anonymous Symbol]                       0x08003ec0   Section        0  usbd_ctlreq.o(.text.USBD_GetString)
    [Anonymous Symbol]                       0x08003f6e   Section        0  usbd_core.o(.text.USBD_Init)
    [Anonymous Symbol]                       0x08003f98   Section        0  usbd_conf.o(.text.USBD_LL_ClearStallEP)
    [Anonymous Symbol]                       0x08003fb8   Section        0  usbd_conf.o(.text.USBD_LL_CloseEP)
    [Anonymous Symbol]                       0x08003fd8   Section        0  usbd_conf.o(.text.USBD_LL_FlushEP)
    [Anonymous Symbol]                       0x08003ff8   Section        0  usbd_conf.o(.text.USBD_LL_GetRxDataSize)
    [Anonymous Symbol]                       0x08004008   Section        0  usbd_conf.o(.text.USBD_LL_Init)
    __arm_cp.13_0                            0x08004078   Number         4  usbd_conf.o(.text.USBD_LL_Init)
    __arm_cp.13_1                            0x0800407c   Number         4  usbd_conf.o(.text.USBD_LL_Init)
    __arm_cp.13_2                            0x08004080   Number         4  usbd_conf.o(.text.USBD_LL_Init)
    [Anonymous Symbol]                       0x08004084   Section        0  usbd_conf.o(.text.USBD_LL_OpenEP)
    [Anonymous Symbol]                       0x080040ac   Section        0  usbd_conf.o(.text.USBD_LL_PrepareReceive)
    [Anonymous Symbol]                       0x080040cc   Section        0  usbd_conf.o(.text.USBD_LL_StallEP)
    [Anonymous Symbol]                       0x080040ec   Section        0  usbd_conf.o(.text.USBD_LL_Start)
    [Anonymous Symbol]                       0x0800410c   Section        0  usbd_conf.o(.text.USBD_LL_Transmit)
    __arm_cp.24_0                            0x0800412c   Number         4  usbd_conf.o(.text.USBD_LL_Transmit)
    [Anonymous Symbol]                       0x08004130   Section        0  usbd_desc.o(.text.USBD_MSC_ConfigStrDescriptor)
    [Anonymous Symbol]                       0x08004150   Section        0  usbd_msc.o(.text.USBD_MSC_DataIn)
    [Anonymous Symbol]                       0x0800415a   Section        0  usbd_msc.o(.text.USBD_MSC_DataOut)
    [Anonymous Symbol]                       0x08004164   Section        0  usbd_msc.o(.text.USBD_MSC_DeInit)
    [Anonymous Symbol]                       0x080041d4   Section        0  usbd_desc.o(.text.USBD_MSC_DeviceDescriptor)
    __arm_cp.0_0                             0x080041dc   Number         4  usbd_desc.o(.text.USBD_MSC_DeviceDescriptor)
    [Anonymous Symbol]                       0x080041e0   Section        0  usbd_msc.o(.text.USBD_MSC_GetDeviceQualifierDescriptor)
    __arm_cp.8_0                             0x080041e8   Number         4  usbd_msc.o(.text.USBD_MSC_GetDeviceQualifierDescriptor)
    [Anonymous Symbol]                       0x080041ec   Section        0  usbd_msc.o(.text.USBD_MSC_GetFSCfgDesc)
    [Anonymous Symbol]                       0x08004224   Section        0  usbd_msc.o(.text.USBD_MSC_GetHSCfgDesc)
    [Anonymous Symbol]                       0x08004260   Section        0  usbd_msc.o(.text.USBD_MSC_GetOtherSpeedCfgDesc)
    __arm_cp.7_0                             0x08004298   Number         4  usbd_msc.o(.text.USBD_MSC_GetOtherSpeedCfgDesc)
    [Anonymous Symbol]                       0x0800429c   Section        0  usbd_msc.o(.text.USBD_MSC_Init)
    __arm_cp.0_0                             0x0800432c   Number         4  usbd_msc.o(.text.USBD_MSC_Init)
    [Anonymous Symbol]                       0x08004330   Section        0  usbd_desc.o(.text.USBD_MSC_InterfaceStrDescriptor)
    [Anonymous Symbol]                       0x08004354   Section        0  usbd_desc.o(.text.USBD_MSC_LangIDStrDescriptor)
    __arm_cp.1_0                             0x0800435c   Number         4  usbd_desc.o(.text.USBD_MSC_LangIDStrDescriptor)
    [Anonymous Symbol]                       0x08004360   Section        0  usbd_desc.o(.text.USBD_MSC_ManufacturerStrDescriptor)
    [Anonymous Symbol]                       0x08004388   Section        0  usbd_desc.o(.text.USBD_MSC_ProductStrDescriptor)
    __arm_cp.3_1                             0x080043b0   Number         4  usbd_desc.o(.text.USBD_MSC_ProductStrDescriptor)
    [Anonymous Symbol]                       0x080043b4   Section        0  usbd_msc.o(.text.USBD_MSC_RegisterStorage)
    [Anonymous Symbol]                       0x080043d0   Section        0  usbd_desc.o(.text.USBD_MSC_SerialStrDescriptor)
    __arm_cp.4_0                             0x080044d8   Number         4  usbd_desc.o(.text.USBD_MSC_SerialStrDescriptor)
    __arm_cp.4_1                             0x080044dc   Number         4  usbd_desc.o(.text.USBD_MSC_SerialStrDescriptor)
    [Anonymous Symbol]                       0x080044e0   Section        0  usbd_msc.o(.text.USBD_MSC_Setup)
    [Anonymous Symbol]                       0x080045fe   Section        0  usbd_core.o(.text.USBD_RegisterClass)
    [Anonymous Symbol]                       0x0800463c   Section        0  usbd_core.o(.text.USBD_Start)
    [Anonymous Symbol]                       0x08004644   Section        0  usbd_conf.o(.text.USBD_static_free)
    [Anonymous Symbol]                       0x08004648   Section        0  usbd_conf.o(.text.USBD_static_malloc)
    __arm_cp.28_0                            0x0800464c   Number         4  usbd_conf.o(.text.USBD_static_malloc)
    [Anonymous Symbol]                       0x08004650   Section        0  stm32g0xx_ll_usb.o(.text.USB_ActivateEndpoint)
    __arm_cp.7_0                             0x08004870   Number         4  stm32g0xx_ll_usb.o(.text.USB_ActivateEndpoint)
    __arm_cp.7_1                             0x08004874   Number         4  stm32g0xx_ll_usb.o(.text.USB_ActivateEndpoint)
    __arm_cp.7_3                             0x08004878   Number         4  stm32g0xx_ll_usb.o(.text.USB_ActivateEndpoint)
    __arm_cp.7_4                             0x0800487c   Number         4  stm32g0xx_ll_usb.o(.text.USB_ActivateEndpoint)
    __arm_cp.7_5                             0x08004880   Number         4  stm32g0xx_ll_usb.o(.text.USB_ActivateEndpoint)
    __arm_cp.7_6                             0x08004884   Number         4  stm32g0xx_ll_usb.o(.text.USB_ActivateEndpoint)
    __arm_cp.7_10                            0x08004888   Number         4  stm32g0xx_ll_usb.o(.text.USB_ActivateEndpoint)
    [Anonymous Symbol]                       0x0800488c   Section        0  stm32g0xx_ll_usb.o(.text.USB_DeactivateEndpoint)
    __arm_cp.8_0                             0x0800492c   Number         4  stm32g0xx_ll_usb.o(.text.USB_DeactivateEndpoint)
    [Anonymous Symbol]                       0x08004930   Section        0  stm32g0xx_ll_usb.o(.text.USB_DevConnect)
    [Anonymous Symbol]                       0x0800493e   Section        0  stm32g0xx_ll_usb.o(.text.USB_DevInit)
    [Anonymous Symbol]                       0x08004958   Section        0  stm32g0xx_ll_usb.o(.text.USB_DisableGlobalInt)
    __arm_cp.2_0                             0x08004964   Number         4  stm32g0xx_ll_usb.o(.text.USB_DisableGlobalInt)
    [Anonymous Symbol]                       0x08004968   Section        0  stm32g0xx_ll_usb.o(.text.USB_EPClearStall)
    __arm_cp.12_0                            0x080049c0   Number         4  stm32g0xx_ll_usb.o(.text.USB_EPClearStall)
    __arm_cp.12_1                            0x080049c4   Number         4  stm32g0xx_ll_usb.o(.text.USB_EPClearStall)
    __arm_cp.12_2                            0x080049c8   Number         4  stm32g0xx_ll_usb.o(.text.USB_EPClearStall)
    __arm_cp.12_4                            0x080049cc   Number         4  stm32g0xx_ll_usb.o(.text.USB_EPClearStall)
    [Anonymous Symbol]                       0x080049d0   Section        0  stm32g0xx_ll_usb.o(.text.USB_EPSetStall)
    __arm_cp.11_0                            0x080049fc   Number         4  stm32g0xx_ll_usb.o(.text.USB_EPSetStall)
    __arm_cp.11_1                            0x08004a00   Number         4  stm32g0xx_ll_usb.o(.text.USB_EPSetStall)
    __arm_cp.11_2                            0x08004a04   Number         4  stm32g0xx_ll_usb.o(.text.USB_EPSetStall)
    __arm_cp.11_3                            0x08004a08   Number         4  stm32g0xx_ll_usb.o(.text.USB_EPSetStall)
    [Anonymous Symbol]                       0x08004a0c   Section        0  stm32g0xx_ll_usb.o(.text.USB_EPStartXfer)
    __arm_cp.9_20                            0x08004e30   Number         4  stm32g0xx_ll_usb.o(.text.USB_EPStartXfer)
    __arm_cp.9_21                            0x08004e34   Number         4  stm32g0xx_ll_usb.o(.text.USB_EPStartXfer)
    __arm_cp.9_12                            0x08004e90   Number         4  stm32g0xx_ll_usb.o(.text.USB_EPStartXfer)
    __arm_cp.9_17                            0x080052c8   Number         4  stm32g0xx_ll_usb.o(.text.USB_EPStartXfer)
    __arm_cp.9_18                            0x080052cc   Number         4  stm32g0xx_ll_usb.o(.text.USB_EPStartXfer)
    __arm_cp.9_19                            0x080052d0   Number         4  stm32g0xx_ll_usb.o(.text.USB_EPStartXfer)
    __arm_cp.9_0                             0x080056c8   Number         4  stm32g0xx_ll_usb.o(.text.USB_EPStartXfer)
    __arm_cp.9_3                             0x080056cc   Number         4  stm32g0xx_ll_usb.o(.text.USB_EPStartXfer)
    __arm_cp.9_4                             0x080056d0   Number         4  stm32g0xx_ll_usb.o(.text.USB_EPStartXfer)
    [Anonymous Symbol]                       0x080056d4   Section        0  stm32g0xx_ll_usb.o(.text.USB_EnableGlobalInt)
    __arm_cp.1_0                             0x080056e0   Number         4  stm32g0xx_ll_usb.o(.text.USB_EnableGlobalInt)
    [Anonymous Symbol]                       0x080056e4   Section        0  stm32g0xx_ll_usb.o(.text.USB_FlushRxFifo)
    [Anonymous Symbol]                       0x080056e8   Section        0  stm32g0xx_ll_usb.o(.text.USB_FlushTxFifo)
    [Anonymous Symbol]                       0x080056ec   Section        0  user_diskio.o(.text.USER_initialize)
    [Anonymous Symbol]                       0x080056f8   Section        0  user_diskio.o(.text.USER_ioctl)
    [Anonymous Symbol]                       0x080056fc   Section        0  user_diskio.o(.text.USER_read)
    [Anonymous Symbol]                       0x08005700   Section        0  user_diskio.o(.text.USER_status)
    __arm_cp.1_0                             0x0800570c   Number         4  user_diskio.o(.text.USER_status)
    [Anonymous Symbol]                       0x08005710   Section        0  user_diskio.o(.text.USER_write)
    [Anonymous Symbol]                       0x08005714   Section        0  main.o(.text.main)
    [Anonymous Symbol]                       0x080057ba   Section        0  cmsis_os.o(.text.osDelay)
    [Anonymous Symbol]                       0x080057ca   Section        0  cmsis_os.o(.text.osKernelStart)
    [Anonymous Symbol]                       0x080057d4   Section        0  cmsis_os.o(.text.osThreadCreate)
    prvIdleTask                              0x08005819   Thumb Code    68  tasks.o(.text.prvIdleTask)
    [Anonymous Symbol]                       0x08005818   Section        0  tasks.o(.text.prvIdleTask)
    __arm_cp.13_0                            0x0800585c   Number         4  tasks.o(.text.prvIdleTask)
    __arm_cp.13_1                            0x08005860   Number         4  tasks.o(.text.prvIdleTask)
    prvTaskExitError                         0x08005865   Thumb Code    48  port.o(.text.prvTaskExitError)
    [Anonymous Symbol]                       0x08005864   Section        0  port.o(.text.prvTaskExitError)
    [Anonymous Symbol]                       0x08005894   Section        0  heap_4.o(.text.pvPortMalloc)
    __arm_cp.0_1                             0x08005a0c   Number         4  heap_4.o(.text.pvPortMalloc)
    __arm_cp.0_2                             0x08005a10   Number         4  heap_4.o(.text.pvPortMalloc)
    [Anonymous Symbol]                       0x08005a14   Section        0  port.o(.text.pxPortInitialiseStack)
    __arm_cp.0_0                             0x08005a34   Number         4  port.o(.text.pxPortInitialiseStack)
    [Anonymous Symbol]                       0x08005a38   Section        0  port.o(.text.ulSetInterruptMaskFromISR)
    [Anonymous Symbol]                       0x08005a40   Section        0  list.o(.text.uxListRemove)
    [Anonymous Symbol]                       0x08005a62   Section        0  port.o(.text.vClearInterruptMaskFromISR)
    [Anonymous Symbol]                       0x08005a68   Section        0  list.o(.text.vListInitialise)
    [Anonymous Symbol]                       0x08005a7c   Section        0  list.o(.text.vListInitialiseItem)
    [Anonymous Symbol]                       0x08005a82   Section        0  list.o(.text.vListInsert)
    [Anonymous Symbol]                       0x08005abe   Section        0  list.o(.text.vListInsertEnd)
    [Anonymous Symbol]                       0x08005ad8   Section        0  port.o(.text.vPortEnterCritical)
    [Anonymous Symbol]                       0x08005aec   Section        0  port.o(.text.vPortExitCritical)
    __arm_cp.9_0                             0x08005b04   Number         4  port.o(.text.vPortExitCritical)
    [Anonymous Symbol]                       0x08005b08   Section        0  heap_4.o(.text.vPortFree)
    __arm_cp.1_0                             0x08005ba0   Number         4  heap_4.o(.text.vPortFree)
    [Anonymous Symbol]                       0x08005ba4   Section        0  port.o(.text.vPortSetupTimerInterrupt)
    __arm_cp.4_0                             0x08005bc4   Number         4  port.o(.text.vPortSetupTimerInterrupt)
    __arm_cp.4_1                             0x08005bc8   Number         4  port.o(.text.vPortSetupTimerInterrupt)
    vPortStartFirstTask                      0x08005bd1   Thumb Code    52  port.o(.text.vPortStartFirstTask)
    [Anonymous Symbol]                       0x08005bd0   Section        0  port.o(.text.vPortStartFirstTask)
    pxCurrentTCBConst2                       0x08005c00   Number         0  port.o(.text.vPortStartFirstTask)
    [Anonymous Symbol]                       0x08005c04   Section        0  port.o(.text.vPortYield)
    __arm_cp.7_0                             0x08005c18   Number         4  port.o(.text.vPortYield)
    [Anonymous Symbol]                       0x08005c1c   Section        0  tasks.o(.text.vTaskDelay)
    [Anonymous Symbol]                       0x08005c88   Section        0  tasks.o(.text.vTaskStartScheduler)
    __arm_cp.12_0                            0x08005cc4   Number         4  tasks.o(.text.vTaskStartScheduler)
    __arm_cp.12_1                            0x08005cc8   Number         4  tasks.o(.text.vTaskStartScheduler)
    [Anonymous Symbol]                       0x08005cd4   Section        0  tasks.o(.text.vTaskSuspendAll)
    [Anonymous Symbol]                       0x08005ce0   Section        0  tasks.o(.text.vTaskSwitchContext)
    [Anonymous Symbol]                       0x08005d70   Section        0  port.o(.text.xPortStartScheduler)
    __arm_cp.3_0                             0x08005dc4   Number         4  port.o(.text.xPortStartScheduler)
    __arm_cp.3_1                             0x08005dc8   Number         4  port.o(.text.xPortStartScheduler)
    [Anonymous Symbol]                       0x08005dcc   Section        0  tasks.o(.text.xTaskCreate)
    __arm_cp.0_0                             0x08005fe8   Number         4  tasks.o(.text.xTaskCreate)
    __arm_cp.0_2                             0x08005fec   Number         4  tasks.o(.text.xTaskCreate)
    [Anonymous Symbol]                       0x08005ff0   Section        0  tasks.o(.text.xTaskIncrementTick)
    __arm_cp.15_1                            0x080060dc   Number         4  tasks.o(.text.xTaskIncrementTick)
    [Anonymous Symbol]                       0x080060e0   Section        0  tasks.o(.text.xTaskResumeAll)
    __arm_cp.4_0                             0x080061ac   Number         4  tasks.o(.text.xTaskResumeAll)
    __arm_cp.4_1                             0x080061b0   Number         4  tasks.o(.text.xTaskResumeAll)
    i.__scatterload_copy                     0x080061b4   Section       14  handlers.o(i.__scatterload_copy)
    i.__scatterload_null                     0x080061c2   Section        2  handlers.o(i.__scatterload_null)
    i.__scatterload_zeroinit                 0x080061c4   Section       14  handlers.o(i.__scatterload_zeroinit)
    UARTEx_SetNbDataToProcess.numerator      0x08006270   Data           8  stm32g0xx_hal_uart_ex.o(.rodata.cst8)
    [Anonymous Symbol]                       0x08006270   Section        0  stm32g0xx_hal_uart_ex.o(.rodata.cst8)
    UARTEx_SetNbDataToProcess.denominator    0x08006278   Data           8  stm32g0xx_hal_uart_ex.o(.rodata.cst8)
    [Anonymous Symbol]                       0x08006280   Section        0  app_freertos.o(.rodata.str1.1)
    [Anonymous Symbol]                       0x20000000   Section        0  stm32g0xx_hal.o(.data..L_MergedGlobals)
    [Anonymous Symbol]                       0x20000008   Section        0  usbd_msc.o(.data..L_MergedGlobals)
    Stat                                     0x2000006c   Data           1  user_diskio.o(.data.Stat)
    [Anonymous Symbol]                       0x2000006c   Section        0  user_diskio.o(.data.Stat)
    USBD_MSC_CfgDesc                         0x200000b0   Data          32  usbd_msc.o(.data.USBD_MSC_CfgDesc)
    [Anonymous Symbol]                       0x200000b0   Section        0  usbd_msc.o(.data.USBD_MSC_CfgDesc)
    USBD_MSC_DeviceQualifierDesc             0x200000e4   Data          10  usbd_msc.o(.data.USBD_MSC_DeviceQualifierDesc)
    [Anonymous Symbol]                       0x200000e4   Section        0  usbd_msc.o(.data.USBD_MSC_DeviceQualifierDesc)
    uxCriticalNesting                        0x20000140   Data           4  port.o(.data.uxCriticalNesting)
    [Anonymous Symbol]                       0x20000140   Section        0  port.o(.data.uxCriticalNesting)
    [Anonymous Symbol]                       0x20000148   Section        0  app_fatfs.o(.bss..L_MergedGlobals)
    [Anonymous Symbol]                       0x20000150   Section        0  tasks.o(.bss..L_MergedGlobals)
    uxTaskNumber                             0x20000154   Data           4  tasks.o(.bss..L_MergedGlobals)
    uxDeletedTasksWaitingCleanUp             0x20000158   Data           4  tasks.o(.bss..L_MergedGlobals)
    uxCurrentNumberOfTasks                   0x2000015c   Data           4  tasks.o(.bss..L_MergedGlobals)
    xSchedulerRunning                        0x20000160   Data           4  tasks.o(.bss..L_MergedGlobals)
    uxSchedulerSuspended                     0x20000164   Data           4  tasks.o(.bss..L_MergedGlobals)
    uxTopReadyPriority                       0x20000168   Data           4  tasks.o(.bss..L_MergedGlobals)
    xIdleTaskHandle                          0x2000016c   Data           4  tasks.o(.bss..L_MergedGlobals)
    xNextTaskUnblockTime                     0x20000170   Data           4  tasks.o(.bss..L_MergedGlobals)
    xTickCount                               0x20000174   Data           4  tasks.o(.bss..L_MergedGlobals)
    xYieldPending                            0x20000178   Data           4  tasks.o(.bss..L_MergedGlobals)
    xPendedTicks                             0x2000017c   Data           4  tasks.o(.bss..L_MergedGlobals)
    pxDelayedTaskList                        0x20000180   Data           4  tasks.o(.bss..L_MergedGlobals)
    pxOverflowDelayedTaskList                0x20000184   Data           4  tasks.o(.bss..L_MergedGlobals)
    xNumOfOverflows                          0x20000188   Data           4  tasks.o(.bss..L_MergedGlobals)
    xTasksWaitingTermination                 0x2000018c   Data          20  tasks.o(.bss..L_MergedGlobals)
    xSuspendedTaskList                       0x200001a0   Data          20  tasks.o(.bss..L_MergedGlobals)
    xPendingReadyList                        0x200001b4   Data          20  tasks.o(.bss..L_MergedGlobals)
    xBlockAllocatedBit                       0x200001c8   Data           1  heap_4.o(.bss..L_MergedGlobals)
    [Anonymous Symbol]                       0x200001c8   Section        0  heap_4.o(.bss..L_MergedGlobals)
    pxEnd                                    0x200001cc   Data           4  heap_4.o(.bss..L_MergedGlobals)
    xFreeBytesRemaining                      0x200001d0   Data           4  heap_4.o(.bss..L_MergedGlobals)
    xMinimumEverFreeBytesRemaining           0x200001d4   Data           4  heap_4.o(.bss..L_MergedGlobals)
    xNumberOfSuccessfulAllocations           0x200001d8   Data           4  heap_4.o(.bss..L_MergedGlobals)
    xNumberOfSuccessfulFrees                 0x200001dc   Data           4  heap_4.o(.bss..L_MergedGlobals)
    xStart                                   0x200001e0   Data           8  heap_4.o(.bss..L_MergedGlobals)
    xDelayedTaskList1                        0x200001e8   Data          20  tasks.o(.bss..L_MergedGlobals.1)
    [Anonymous Symbol]                       0x200001e8   Section        0  tasks.o(.bss..L_MergedGlobals.1)
    xDelayedTaskList2                        0x200001fc   Data          20  tasks.o(.bss..L_MergedGlobals.1)
    USBD_static_malloc.mem                   0x20000410   Data         632  usbd_conf.o(.bss.USBD_static_malloc.mem)
    [Anonymous Symbol]                       0x20000410   Section        0  usbd_conf.o(.bss.USBD_static_malloc.mem)
    pxReadyTasksLists                        0x20000ebc   Data         140  tasks.o(.bss.pxReadyTasksLists)
    [Anonymous Symbol]                       0x20000ebc   Section        0  tasks.o(.bss.pxReadyTasksLists)
    ucHeap                                   0x20000f48   Data       120000  heap_4.o(.bss.ucHeap)
    [Anonymous Symbol]                       0x20000f48   Section        0  heap_4.o(.bss.ucHeap)
    STACK                                    0x2001e410   Section     1024  startup_stm32g0b1xx.o(STACK)

    Global Symbols

    Symbol Name                              Value     Ov Type        Size  Object(Section)

    BuildAttributes$$THM_ISAv3M$S$PE$A:L22$X:L11$S22$IEEE1$IW$~IW$USESV6$~STKCKD$USESV7$~SHL$OTIME$EBA8$MICROLIB$REQ8$PRES8$EABIv2 0x00000000   Number         0  anon$$obj.o ABSOLUTE
    __cpp_initialize__aeabi_                  - Undefined Weak Reference
    __cxa_finalize                            - Undefined Weak Reference
    _clock_init                               - Undefined Weak Reference
    _microlib_exit                            - Undefined Weak Reference
    __Vectors_Size                           0x000000bc   Number         0  startup_stm32g0b1xx.o ABSOLUTE
    __Vectors                                0x08000000   Data           4  startup_stm32g0b1xx.o(RESET)
    __Vectors_End                            0x080000bc   Data           0  startup_stm32g0b1xx.o(RESET)
    __main                                   0x080000bd   Thumb Code     0  entry.o(.ARM.Collect$$$$00000000)
    _main_stk                                0x080000bd   Thumb Code     0  entry2.o(.ARM.Collect$$$$00000001)
    _main_scatterload                        0x080000c1   Thumb Code     0  entry5.o(.ARM.Collect$$$$00000004)
    __main_after_scatterload                 0x080000c5   Thumb Code     0  entry5.o(.ARM.Collect$$$$00000004)
    _main_clock                              0x080000c5   Thumb Code     0  entry7b.o(.ARM.Collect$$$$00000008)
    _main_cpp_init                           0x080000c5   Thumb Code     0  entry8b.o(.ARM.Collect$$$$0000000A)
    _main_init                               0x080000c5   Thumb Code     0  entry9a.o(.ARM.Collect$$$$0000000B)
    __rt_final_cpp                           0x080000cd   Thumb Code     0  entry10a.o(.ARM.Collect$$$$0000000D)
    __rt_final_exit                          0x080000cd   Thumb Code     0  entry11a.o(.ARM.Collect$$$$0000000F)
    Reset_Handler                            0x080000d1   Thumb Code     8  startup_stm32g0b1xx.o(.text)
    ADC1_COMP_IRQHandler                     0x080000e3   Thumb Code     0  startup_stm32g0b1xx.o(.text)
    CEC_IRQHandler                           0x080000e3   Thumb Code     0  startup_stm32g0b1xx.o(.text)
    DMA1_Ch4_7_DMA2_Ch1_5_DMAMUX1_OVR_IRQHandler 0x080000e3   Thumb Code     0  startup_stm32g0b1xx.o(.text)
    DMA1_Channel1_IRQHandler                 0x080000e3   Thumb Code     0  startup_stm32g0b1xx.o(.text)
    DMA1_Channel2_3_IRQHandler               0x080000e3   Thumb Code     0  startup_stm32g0b1xx.o(.text)
    EXTI0_1_IRQHandler                       0x080000e3   Thumb Code     0  startup_stm32g0b1xx.o(.text)
    EXTI2_3_IRQHandler                       0x080000e3   Thumb Code     0  startup_stm32g0b1xx.o(.text)
    EXTI4_15_IRQHandler                      0x080000e3   Thumb Code     0  startup_stm32g0b1xx.o(.text)
    FLASH_IRQHandler                         0x080000e3   Thumb Code     0  startup_stm32g0b1xx.o(.text)
    I2C1_IRQHandler                          0x080000e3   Thumb Code     0  startup_stm32g0b1xx.o(.text)
    I2C2_3_IRQHandler                        0x080000e3   Thumb Code     0  startup_stm32g0b1xx.o(.text)
    PVD_VDDIO2_IRQHandler                    0x080000e3   Thumb Code     0  startup_stm32g0b1xx.o(.text)
    RCC_CRS_IRQHandler                       0x080000e3   Thumb Code     0  startup_stm32g0b1xx.o(.text)
    RTC_TAMP_IRQHandler                      0x080000e3   Thumb Code     0  startup_stm32g0b1xx.o(.text)
    SPI1_IRQHandler                          0x080000e3   Thumb Code     0  startup_stm32g0b1xx.o(.text)
    SPI2_3_IRQHandler                        0x080000e3   Thumb Code     0  startup_stm32g0b1xx.o(.text)
    TIM14_IRQHandler                         0x080000e3   Thumb Code     0  startup_stm32g0b1xx.o(.text)
    TIM15_IRQHandler                         0x080000e3   Thumb Code     0  startup_stm32g0b1xx.o(.text)
    TIM16_FDCAN_IT0_IRQHandler               0x080000e3   Thumb Code     0  startup_stm32g0b1xx.o(.text)
    TIM17_FDCAN_IT1_IRQHandler               0x080000e3   Thumb Code     0  startup_stm32g0b1xx.o(.text)
    TIM1_BRK_UP_TRG_COM_IRQHandler           0x080000e3   Thumb Code     0  startup_stm32g0b1xx.o(.text)
    TIM1_CC_IRQHandler                       0x080000e3   Thumb Code     0  startup_stm32g0b1xx.o(.text)
    TIM2_IRQHandler                          0x080000e3   Thumb Code     0  startup_stm32g0b1xx.o(.text)
    TIM3_TIM4_IRQHandler                     0x080000e3   Thumb Code     0  startup_stm32g0b1xx.o(.text)
    TIM7_LPTIM2_IRQHandler                   0x080000e3   Thumb Code     0  startup_stm32g0b1xx.o(.text)
    USART1_IRQHandler                        0x080000e3   Thumb Code     0  startup_stm32g0b1xx.o(.text)
    USART2_LPUART2_IRQHandler                0x080000e3   Thumb Code     0  startup_stm32g0b1xx.o(.text)
    USART3_4_5_6_LPUART1_IRQHandler          0x080000e3   Thumb Code     0  startup_stm32g0b1xx.o(.text)
    USB_UCPD1_2_IRQHandler                   0x080000e3   Thumb Code     0  startup_stm32g0b1xx.o(.text)
    WWDG_IRQHandler                          0x080000e3   Thumb Code     0  startup_stm32g0b1xx.o(.text)
    __aeabi_uldivmod                         0x080000ed   Thumb Code    96  uldiv.o(.text)
    __aeabi_memset                           0x0800014d   Thumb Code    14  memseta.o(.text)
    __aeabi_memset4                          0x0800014d   Thumb Code     0  memseta.o(.text)
    __aeabi_memset8                          0x0800014d   Thumb Code     0  memseta.o(.text)
    __aeabi_memclr                           0x0800015b   Thumb Code     4  memseta.o(.text)
    __aeabi_memclr4                          0x0800015b   Thumb Code     0  memseta.o(.text)
    __aeabi_memclr8                          0x0800015b   Thumb Code     0  memseta.o(.text)
    _memset$wrapper                          0x0800015f   Thumb Code    18  memseta.o(.text)
    __aeabi_uidiv                            0x08000171   Thumb Code     0  uidiv_div0.o(.text)
    __aeabi_uidivmod                         0x08000171   Thumb Code    62  uidiv_div0.o(.text)
    __aeabi_llsl                             0x080001af   Thumb Code    32  llshl.o(.text)
    _ll_shift_l                              0x080001af   Thumb Code     0  llshl.o(.text)
    __aeabi_llsr                             0x080001cf   Thumb Code    34  llushr.o(.text)
    _ll_ushift_r                             0x080001cf   Thumb Code     0  llushr.o(.text)
    __scatterload                            0x080001f1   Thumb Code    28  init.o(.text)
    __scatterload_rt2                        0x080001f1   Thumb Code     0  init.o(.text)
    __decompress                             0x08000215   Thumb Code     0  __dczerorl.o(.text)
    __decompress0                            0x08000215   Thumb Code    58  __dczerorl.o(.text)
    Error_Handler                            0x0800024f   Thumb Code     8  main.o(.text.Error_Handler)
    FATFS_LinkDriver                         0x08000259   Thumb Code    60  ff_gen_drv.o(.text.FATFS_LinkDriver)
    HAL_GPIO_Init                            0x08000299   Thumb Code   384  stm32g0xx_hal_gpio.o(.text.HAL_GPIO_Init)
    HAL_GPIO_WritePin                        0x08000425   Thumb Code    16  stm32g0xx_hal_gpio.o(.text.HAL_GPIO_WritePin)
    HAL_GetTick                              0x08000435   Thumb Code     8  stm32g0xx_hal.o(.text.HAL_GetTick)
    HAL_I2CEx_ConfigAnalogFilter             0x0800043d   Thumb Code    66  stm32g0xx_hal_i2c_ex.o(.text.HAL_I2CEx_ConfigAnalogFilter)
    HAL_I2CEx_ConfigDigitalFilter            0x0800047f   Thumb Code    66  stm32g0xx_hal_i2c_ex.o(.text.HAL_I2CEx_ConfigDigitalFilter)
    HAL_I2C_Init                             0x080004c1   Thumb Code   172  stm32g0xx_hal_i2c.o(.text.HAL_I2C_Init)
    HAL_I2C_MspInit                          0x08000575   Thumb Code    84  i2c.o(.text.HAL_I2C_MspInit)
    HAL_IWDG_Init                            0x080005d5   Thumb Code    88  stm32g0xx_hal_iwdg.o(.text.HAL_IWDG_Init)
    HAL_IncTick                              0x08000639   Thumb Code    16  stm32g0xx_hal.o(.text.HAL_IncTick)
    HAL_Init                                 0x08000651   Thumb Code    40  stm32g0xx_hal.o(.text.HAL_Init)
    HAL_InitTick                             0x0800067d   Thumb Code   132  stm32g0xx_hal_timebase_tim.o(.text.HAL_InitTick)
    HAL_MspInit                              0x08000715   Thumb Code    60  stm32g0xx_hal_msp.o(.text.HAL_MspInit)
    HAL_NVIC_EnableIRQ                       0x08000755   Thumb Code    20  stm32g0xx_hal_cortex.o(.text.HAL_NVIC_EnableIRQ)
    HAL_NVIC_SetPriority                     0x0800076d   Thumb Code    48  stm32g0xx_hal_cortex.o(.text.HAL_NVIC_SetPriority)
    HAL_PCDEx_ActivateLPM                    0x080007a5   Thumb Code    36  stm32g0xx_hal_pcd_ex.o(.text.HAL_PCDEx_ActivateLPM)
    HAL_PCDEx_PMAConfig                      0x080007c9   Thumb Code    56  stm32g0xx_hal_pcd_ex.o(.text.HAL_PCDEx_PMAConfig)
    HAL_PCD_EP_Close                         0x08000801   Thumb Code    76  stm32g0xx_hal_pcd.o(.text.HAL_PCD_EP_Close)
    HAL_PCD_EP_ClrStall                      0x0800084d   Thumb Code    94  stm32g0xx_hal_pcd.o(.text.HAL_PCD_EP_ClrStall)
    HAL_PCD_EP_Flush                         0x080008ab   Thumb Code    54  stm32g0xx_hal_pcd.o(.text.HAL_PCD_EP_Flush)
    HAL_PCD_EP_GetRxCount                    0x080008e1   Thumb Code    18  stm32g0xx_hal_pcd.o(.text.HAL_PCD_EP_GetRxCount)
    HAL_PCD_EP_Open                          0x080008f3   Thumb Code    88  stm32g0xx_hal_pcd.o(.text.HAL_PCD_EP_Open)
    HAL_PCD_EP_Receive                       0x0800094b   Thumb Code    40  stm32g0xx_hal_pcd.o(.text.HAL_PCD_EP_Receive)
    HAL_PCD_EP_SetStall                      0x08000973   Thumb Code    88  stm32g0xx_hal_pcd.o(.text.HAL_PCD_EP_SetStall)
    HAL_PCD_EP_Transmit                      0x080009cb   Thumb Code    44  stm32g0xx_hal_pcd.o(.text.HAL_PCD_EP_Transmit)
    HAL_PCD_Init                             0x080009f7   Thumb Code   618  stm32g0xx_hal_pcd.o(.text.HAL_PCD_Init)
    HAL_PCD_MspInit                          0x08000c61   Thumb Code   112  usbd_conf.o(.text.HAL_PCD_MspInit)
    HAL_PCD_Start                            0x08000cd9   Thumb Code    42  stm32g0xx_hal_pcd.o(.text.HAL_PCD_Start)
    HAL_PWREx_ControlVoltageScaling          0x08000d05   Thumb Code   116  stm32g0xx_hal_pwr_ex.o(.text.HAL_PWREx_ControlVoltageScaling)
    HAL_PWREx_EnableVddUSB                   0x08000d85   Thumb Code    16  stm32g0xx_hal_pwr_ex.o(.text.HAL_PWREx_EnableVddUSB)
    HAL_RCCEx_PeriphCLKConfig                0x08000d99   Thumb Code   656  stm32g0xx_hal_rcc_ex.o(.text.HAL_RCCEx_PeriphCLKConfig)
    HAL_RCC_ClockConfig                      0x0800103d   Thumb Code   488  stm32g0xx_hal_rcc.o(.text.HAL_RCC_ClockConfig)
    HAL_RCC_GetClockConfig                   0x08001231   Thumb Code    44  stm32g0xx_hal_rcc.o(.text.HAL_RCC_GetClockConfig)
    HAL_RCC_GetPCLK1Freq                     0x08001261   Thumb Code    28  stm32g0xx_hal_rcc.o(.text.HAL_RCC_GetPCLK1Freq)
    HAL_RCC_GetSysClockFreq                  0x08001285   Thumb Code   124  stm32g0xx_hal_rcc.o(.text.HAL_RCC_GetSysClockFreq)
    HAL_RCC_OscConfig                        0x0800130d   Thumb Code  1180  stm32g0xx_hal_rcc.o(.text.HAL_RCC_OscConfig)
    HAL_RTC_Init                             0x080017c5   Thumb Code   204  stm32g0xx_hal_rtc.o(.text.HAL_RTC_Init)
    HAL_RTC_MspInit                          0x08001895   Thumb Code    84  rtc.o(.text.HAL_RTC_MspInit)
    HAL_SPI_Init                             0x080018f1   Thumb Code   248  stm32g0xx_hal_spi.o(.text.HAL_SPI_Init)
    HAL_SPI_MspInit                          0x080019ed   Thumb Code    84  spi.o(.text.HAL_SPI_MspInit)
    HAL_SYSCFG_StrobeDBattpinsConfig         0x08001a49   Thumb Code    16  stm32g0xx_hal.o(.text.HAL_SYSCFG_StrobeDBattpinsConfig)
    HAL_TIMEx_Break2Callback                 0x08001a5d   Thumb Code     2  stm32g0xx_hal_tim_ex.o(.text.HAL_TIMEx_Break2Callback)
    HAL_TIMEx_BreakCallback                  0x08001a5f   Thumb Code     2  stm32g0xx_hal_tim_ex.o(.text.HAL_TIMEx_BreakCallback)
    HAL_TIMEx_CommutCallback                 0x08001a61   Thumb Code     2  stm32g0xx_hal_tim_ex.o(.text.HAL_TIMEx_CommutCallback)
    HAL_TIM_Base_Init                        0x08001a63   Thumb Code    88  stm32g0xx_hal_tim.o(.text.HAL_TIM_Base_Init)
    HAL_TIM_Base_MspInit                     0x08001abb   Thumb Code     2  stm32g0xx_hal_tim.o(.text.HAL_TIM_Base_MspInit)
    HAL_TIM_Base_Start_IT                    0x08001abd   Thumb Code   100  stm32g0xx_hal_tim.o(.text.HAL_TIM_Base_Start_IT)
    HAL_TIM_IC_CaptureCallback               0x08001b39   Thumb Code     2  stm32g0xx_hal_tim.o(.text.HAL_TIM_IC_CaptureCallback)
    HAL_TIM_IRQHandler                       0x08001b3d   Thumb Code   468  stm32g0xx_hal_tim.o(.text.HAL_TIM_IRQHandler)
    HAL_TIM_OC_DelayElapsedCallback          0x08001d19   Thumb Code     2  stm32g0xx_hal_tim.o(.text.HAL_TIM_OC_DelayElapsedCallback)
    HAL_TIM_PWM_PulseFinishedCallback        0x08001d1b   Thumb Code     2  stm32g0xx_hal_tim.o(.text.HAL_TIM_PWM_PulseFinishedCallback)
    HAL_TIM_PeriodElapsedCallback            0x08001d1d   Thumb Code    20  main.o(.text.HAL_TIM_PeriodElapsedCallback)
    HAL_TIM_TriggerCallback                  0x08001d35   Thumb Code     2  stm32g0xx_hal_tim.o(.text.HAL_TIM_TriggerCallback)
    HAL_UARTEx_DisableFifoMode               0x08001d37   Thumb Code    54  stm32g0xx_hal_uart_ex.o(.text.HAL_UARTEx_DisableFifoMode)
    HAL_UARTEx_SetRxFifoThreshold            0x08001d6d   Thumb Code   120  stm32g0xx_hal_uart_ex.o(.text.HAL_UARTEx_SetRxFifoThreshold)
    HAL_UARTEx_SetTxFifoThreshold            0x08001de5   Thumb Code   120  stm32g0xx_hal_uart_ex.o(.text.HAL_UARTEx_SetTxFifoThreshold)
    HAL_UART_Init                            0x08001e65   Thumb Code   108  stm32g0xx_hal_uart.o(.text.HAL_UART_Init)
    HAL_UART_MspInit                         0x08001ed1   Thumb Code   180  usart.o(.text.HAL_UART_MspInit)
    HardFault_Handler                        0x08001f99   Thumb Code     2  stm32g0xx_it.o(.text.HardFault_Handler)
    MSC_BOT_CplClrFeature                    0x08001ffd   Thumb Code   112  usbd_msc_bot.o(.text.MSC_BOT_CplClrFeature)
    MSC_BOT_DataIn                           0x0800206d   Thumb Code   136  usbd_msc_bot.o(.text.MSC_BOT_DataIn)
    MSC_BOT_DataOut                          0x080020f9   Thumb Code   368  usbd_msc_bot.o(.text.MSC_BOT_DataOut)
    MSC_BOT_DeInit                           0x08002271   Thumb Code    26  usbd_msc_bot.o(.text.MSC_BOT_DeInit)
    MSC_BOT_Init                             0x0800228d   Thumb Code    88  usbd_msc_bot.o(.text.MSC_BOT_Init)
    MSC_BOT_Reset                            0x080022e5   Thumb Code    68  usbd_msc_bot.o(.text.MSC_BOT_Reset)
    MSC_BOT_SendCSW                          0x08002329   Thumb Code    72  usbd_msc_bot.o(.text.MSC_BOT_SendCSW)
    MX_FATFS_Init                            0x080023c9   Thumb Code    32  app_fatfs.o(.text.MX_FATFS_Init)
    MX_FREERTOS_Init                         0x080023f1   Thumb Code    32  app_freertos.o(.text.MX_FREERTOS_Init)
    MX_GPIO_Init                             0x08002429   Thumb Code   224  gpio.o(.text.MX_GPIO_Init)
    MX_I2C3_Init                             0x0800251d   Thumb Code    76  i2c.o(.text.MX_I2C3_Init)
    MX_IWDG_Init                             0x08002575   Thumb Code    32  iwdg.o(.text.MX_IWDG_Init)
    MX_RTC_Init                              0x080025a1   Thumb Code    48  rtc.o(.text.MX_RTC_Init)
    MX_SPI1_Init                             0x080025d9   Thumb Code    64  spi.o(.text.MX_SPI1_Init)
    MX_USART2_UART_Init                      0x08002621   Thumb Code    96  usart.o(.text.MX_USART2_UART_Init)
    MX_USART3_UART_Init                      0x08002689   Thumb Code    96  usart.o(.text.MX_USART3_UART_Init)
    MX_USB_Device_Init                       0x080026f1   Thumb Code    68  usb_device.o(.text.MX_USB_Device_Init)
    NMI_Handler                              0x08002745   Thumb Code     2  stm32g0xx_it.o(.text.NMI_Handler)
    PendSV_Handler                           0x08002751   Thumb Code    68  port.o(.text.PendSV_Handler)
    RTC_ExitInitMode                         0x08002795   Thumb Code   136  stm32g0xx_hal_rtc.o(.text.RTC_ExitInitMode)
    SCSI_ProcessCmd                          0x0800287d   Thumb Code  3112  usbd_msc_scsi.o(.text.SCSI_ProcessCmd)
    SCSI_SenseCode                           0x0800367d   Thumb Code    60  usbd_msc_scsi.o(.text.SCSI_SenseCode)
    SVC_Handler                              0x080036e3   Thumb Code     2  port.o(.text.SVC_Handler)
    StartDefaultTask                         0x080036e5   Thumb Code    12  app_freertos.o(.text.StartDefaultTask)
    SysTick_Handler                          0x080036f1   Thumb Code    32  port.o(.text.SysTick_Handler)
    SystemInit                               0x08003715   Thumb Code     2  system_stm32g0xx.o(.text.SystemInit)
    TIM6_DAC_LPTIM1_IRQHandler               0x08003719   Thumb Code    12  stm32g0xx_it.o(.text.TIM6_DAC_LPTIM1_IRQHandler)
    TIM_Base_SetConfig                       0x08003729   Thumb Code   204  stm32g0xx_hal_tim.o(.text.TIM_Base_SetConfig)
    UART_AdvFeatureConfig                    0x08003821   Thumb Code   210  stm32g0xx_hal_uart.o(.text.UART_AdvFeatureConfig)
    UART_CheckIdleState                      0x080038f5   Thumb Code   192  stm32g0xx_hal_uart.o(.text.UART_CheckIdleState)
    UART_SetConfig                           0x080039b9   Thumb Code   568  stm32g0xx_hal_uart.o(.text.UART_SetConfig)
    UART_WaitOnFlagUntilTimeout              0x08003c51   Thumb Code   448  stm32g0xx_hal_uart.o(.text.UART_WaitOnFlagUntilTimeout)
    USBD_CtlError                            0x08003e15   Thumb Code    20  usbd_ctlreq.o(.text.USBD_CtlError)
    USBD_CtlSendData                         0x08003e29   Thumb Code    30  usbd_ioreq.o(.text.USBD_CtlSendData)
    USBD_GetEpDesc                           0x08003e47   Thumb Code   122  usbd_core.o(.text.USBD_GetEpDesc)
    USBD_GetString                           0x08003ec1   Thumb Code   174  usbd_ctlreq.o(.text.USBD_GetString)
    USBD_Init                                0x08003f6f   Thumb Code    42  usbd_core.o(.text.USBD_Init)
    USBD_LL_ClearStallEP                     0x08003f99   Thumb Code    32  usbd_conf.o(.text.USBD_LL_ClearStallEP)
    USBD_LL_CloseEP                          0x08003fb9   Thumb Code    32  usbd_conf.o(.text.USBD_LL_CloseEP)
    USBD_LL_FlushEP                          0x08003fd9   Thumb Code    32  usbd_conf.o(.text.USBD_LL_FlushEP)
    USBD_LL_GetRxDataSize                    0x08003ff9   Thumb Code    14  usbd_conf.o(.text.USBD_LL_GetRxDataSize)
    USBD_LL_Init                             0x08004009   Thumb Code   112  usbd_conf.o(.text.USBD_LL_Init)
    USBD_LL_OpenEP                           0x08004085   Thumb Code    40  usbd_conf.o(.text.USBD_LL_OpenEP)
    USBD_LL_PrepareReceive                   0x080040ad   Thumb Code    32  usbd_conf.o(.text.USBD_LL_PrepareReceive)
    USBD_LL_StallEP                          0x080040cd   Thumb Code    32  usbd_conf.o(.text.USBD_LL_StallEP)
    USBD_LL_Start                            0x080040ed   Thumb Code    32  usbd_conf.o(.text.USBD_LL_Start)
    USBD_LL_Transmit                         0x0800410d   Thumb Code    32  usbd_conf.o(.text.USBD_LL_Transmit)
    USBD_MSC_ConfigStrDescriptor             0x08004131   Thumb Code    20  usbd_desc.o(.text.USBD_MSC_ConfigStrDescriptor)
    USBD_MSC_DataIn                          0x08004151   Thumb Code    10  usbd_msc.o(.text.USBD_MSC_DataIn)
    USBD_MSC_DataOut                         0x0800415b   Thumb Code    10  usbd_msc.o(.text.USBD_MSC_DataOut)
    USBD_MSC_DeInit                          0x08004165   Thumb Code   112  usbd_msc.o(.text.USBD_MSC_DeInit)
    USBD_MSC_DeviceDescriptor                0x080041d5   Thumb Code     8  usbd_desc.o(.text.USBD_MSC_DeviceDescriptor)
    USBD_MSC_GetDeviceQualifierDescriptor    0x080041e1   Thumb Code     8  usbd_msc.o(.text.USBD_MSC_GetDeviceQualifierDescriptor)
    USBD_MSC_GetFSCfgDesc                    0x080041ed   Thumb Code    56  usbd_msc.o(.text.USBD_MSC_GetFSCfgDesc)
    USBD_MSC_GetHSCfgDesc                    0x08004225   Thumb Code    60  usbd_msc.o(.text.USBD_MSC_GetHSCfgDesc)
    USBD_MSC_GetOtherSpeedCfgDesc            0x08004261   Thumb Code    56  usbd_msc.o(.text.USBD_MSC_GetOtherSpeedCfgDesc)
    USBD_MSC_Init                            0x0800429d   Thumb Code   144  usbd_msc.o(.text.USBD_MSC_Init)
    USBD_MSC_InterfaceStrDescriptor          0x08004331   Thumb Code    20  usbd_desc.o(.text.USBD_MSC_InterfaceStrDescriptor)
    USBD_MSC_LangIDStrDescriptor             0x08004355   Thumb Code     8  usbd_desc.o(.text.USBD_MSC_LangIDStrDescriptor)
    USBD_MSC_ManufacturerStrDescriptor       0x08004361   Thumb Code    20  usbd_desc.o(.text.USBD_MSC_ManufacturerStrDescriptor)
    USBD_MSC_ProductStrDescriptor            0x08004389   Thumb Code    20  usbd_desc.o(.text.USBD_MSC_ProductStrDescriptor)
    USBD_MSC_RegisterStorage                 0x080043b5   Thumb Code    28  usbd_msc.o(.text.USBD_MSC_RegisterStorage)
    USBD_MSC_SerialStrDescriptor             0x080043d1   Thumb Code   264  usbd_desc.o(.text.USBD_MSC_SerialStrDescriptor)
    USBD_MSC_Setup                           0x080044e1   Thumb Code   286  usbd_msc.o(.text.USBD_MSC_Setup)
    USBD_RegisterClass                       0x080045ff   Thumb Code    62  usbd_core.o(.text.USBD_RegisterClass)
    USBD_Start                               0x0800463d   Thumb Code     8  usbd_core.o(.text.USBD_Start)
    USBD_static_free                         0x08004645   Thumb Code     2  usbd_conf.o(.text.USBD_static_free)
    USBD_static_malloc                       0x08004649   Thumb Code     4  usbd_conf.o(.text.USBD_static_malloc)
    USB_ActivateEndpoint                     0x08004651   Thumb Code   544  stm32g0xx_ll_usb.o(.text.USB_ActivateEndpoint)
    USB_DeactivateEndpoint                   0x0800488d   Thumb Code   160  stm32g0xx_ll_usb.o(.text.USB_DeactivateEndpoint)
    USB_DevConnect                           0x08004931   Thumb Code    14  stm32g0xx_ll_usb.o(.text.USB_DevConnect)
    USB_DevInit                              0x0800493f   Thumb Code    26  stm32g0xx_ll_usb.o(.text.USB_DevInit)
    USB_DisableGlobalInt                     0x08004959   Thumb Code    12  stm32g0xx_ll_usb.o(.text.USB_DisableGlobalInt)
    USB_EPClearStall                         0x08004969   Thumb Code    88  stm32g0xx_ll_usb.o(.text.USB_EPClearStall)
    USB_EPSetStall                           0x080049d1   Thumb Code    44  stm32g0xx_ll_usb.o(.text.USB_EPSetStall)
    USB_EPStartXfer                          0x08004a0d   Thumb Code  3260  stm32g0xx_ll_usb.o(.text.USB_EPStartXfer)
    USB_EnableGlobalInt                      0x080056d5   Thumb Code    12  stm32g0xx_ll_usb.o(.text.USB_EnableGlobalInt)
    USB_FlushRxFifo                          0x080056e5   Thumb Code     4  stm32g0xx_ll_usb.o(.text.USB_FlushRxFifo)
    USB_FlushTxFifo                          0x080056e9   Thumb Code     4  stm32g0xx_ll_usb.o(.text.USB_FlushTxFifo)
    USER_initialize                          0x080056ed   Thumb Code    12  user_diskio.o(.text.USER_initialize)
    USER_ioctl                               0x080056f9   Thumb Code     4  user_diskio.o(.text.USER_ioctl)
    USER_read                                0x080056fd   Thumb Code     4  user_diskio.o(.text.USER_read)
    USER_status                              0x08005701   Thumb Code    12  user_diskio.o(.text.USER_status)
    USER_write                               0x08005711   Thumb Code     4  user_diskio.o(.text.USER_write)
    main                                     0x08005715   Thumb Code   166  main.o(.text.main)
    osDelay                                  0x080057bb   Thumb Code    16  cmsis_os.o(.text.osDelay)
    osKernelStart                            0x080057cb   Thumb Code    10  cmsis_os.o(.text.osKernelStart)
    osThreadCreate                           0x080057d5   Thumb Code    66  cmsis_os.o(.text.osThreadCreate)
    pvPortMalloc                             0x08005895   Thumb Code   376  heap_4.o(.text.pvPortMalloc)
    pxPortInitialiseStack                    0x08005a15   Thumb Code    32  port.o(.text.pxPortInitialiseStack)
    ulSetInterruptMaskFromISR                0x08005a39   Thumb Code     8  port.o(.text.ulSetInterruptMaskFromISR)
    uxListRemove                             0x08005a41   Thumb Code    34  list.o(.text.uxListRemove)
    vClearInterruptMaskFromISR               0x08005a63   Thumb Code     6  port.o(.text.vClearInterruptMaskFromISR)
    vListInitialise                          0x08005a69   Thumb Code    20  list.o(.text.vListInitialise)
    vListInitialiseItem                      0x08005a7d   Thumb Code     6  list.o(.text.vListInitialiseItem)
    vListInsert                              0x08005a83   Thumb Code    60  list.o(.text.vListInsert)
    vListInsertEnd                           0x08005abf   Thumb Code    24  list.o(.text.vListInsertEnd)
    vPortEnterCritical                       0x08005ad9   Thumb Code    20  port.o(.text.vPortEnterCritical)
    vPortExitCritical                        0x08005aed   Thumb Code    24  port.o(.text.vPortExitCritical)
    vPortFree                                0x08005b09   Thumb Code   152  heap_4.o(.text.vPortFree)
    vPortSetupTimerInterrupt                 0x08005ba5   Thumb Code    32  port.o(.text.vPortSetupTimerInterrupt)
    vPortYield                               0x08005c05   Thumb Code    20  port.o(.text.vPortYield)
    vTaskDelay                               0x08005c1d   Thumb Code   108  tasks.o(.text.vTaskDelay)
    vTaskStartScheduler                      0x08005c89   Thumb Code    60  tasks.o(.text.vTaskStartScheduler)
    vTaskSuspendAll                          0x08005cd5   Thumb Code    12  tasks.o(.text.vTaskSuspendAll)
    vTaskSwitchContext                       0x08005ce1   Thumb Code   144  tasks.o(.text.vTaskSwitchContext)
    xPortStartScheduler                      0x08005d71   Thumb Code    84  port.o(.text.xPortStartScheduler)
    xTaskCreate                              0x08005dcd   Thumb Code   540  tasks.o(.text.xTaskCreate)
    xTaskIncrementTick                       0x08005ff1   Thumb Code   236  tasks.o(.text.xTaskIncrementTick)
    xTaskResumeAll                           0x080060e1   Thumb Code   204  tasks.o(.text.xTaskResumeAll)
    __scatterload_copy                       0x080061b5   Thumb Code    14  handlers.o(i.__scatterload_copy)
    __scatterload_null                       0x080061c3   Thumb Code     2  handlers.o(i.__scatterload_null)
    __scatterload_zeroinit                   0x080061c5   Thumb Code    14  handlers.o(i.__scatterload_zeroinit)
    AHBPrescTable                            0x080061d4   Data          64  system_stm32g0xx.o(.rodata.AHBPrescTable)
    APBPrescTable                            0x08006214   Data          32  system_stm32g0xx.o(.rodata.APBPrescTable)
    STORAGE_Inquirydata_FS                   0x08006234   Data          36  usbd_storage_if.o(.rodata.STORAGE_Inquirydata_FS)
    UARTPrescTable                           0x08006258   Data          24  stm32g0xx_hal_uart.o(.rodata.UARTPrescTable)
    Region$$Table$$Base                      0x0800628c   Number         0  anon$$obj.o(Region$$Table)
    Region$$Table$$Limit                     0x080062ac   Number         0  anon$$obj.o(Region$$Table)
    uwTickFreq                               0x20000000   Data           1  stm32g0xx_hal.o(.data..L_MergedGlobals)
    uwTickPrio                               0x20000004   Data           4  stm32g0xx_hal.o(.data..L_MergedGlobals)
    MSCInEpAdd                               0x20000008   Data           1  usbd_msc.o(.data..L_MergedGlobals)
    MSCOutEpAdd                              0x20000009   Data           1  usbd_msc.o(.data..L_MergedGlobals)
    MSC_Desc                                 0x2000000c   Data          32  usbd_desc.o(.data.MSC_Desc)
    MSC_Mode_Sense10_data                    0x2000002c   Data          27  usbd_msc_data.o(.data.MSC_Mode_Sense10_data)
    MSC_Mode_Sense6_data                     0x20000047   Data          23  usbd_msc_data.o(.data.MSC_Mode_Sense6_data)
    MSC_Page00_Inquiry_Data                  0x2000005e   Data           6  usbd_msc_data.o(.data.MSC_Page00_Inquiry_Data)
    MSC_Page80_Inquiry_Data                  0x20000064   Data           8  usbd_msc_data.o(.data.MSC_Page80_Inquiry_Data)
    SystemCoreClock                          0x20000070   Data           4  system_stm32g0xx.o(.data.SystemCoreClock)
    USBD_LangIDDesc                          0x20000074   Data           4  usbd_desc.o(.data.USBD_LangIDDesc)
    USBD_MSC                                 0x20000078   Data          56  usbd_msc.o(.data.USBD_MSC)
    USBD_MSC_DeviceDesc                      0x200000d0   Data          18  usbd_desc.o(.data.USBD_MSC_DeviceDesc)
    USBD_Storage_Interface_fops_FS           0x200000f0   Data          32  usbd_storage_if.o(.data.USBD_Storage_Interface_fops_FS)
    USBD_StringSerial                        0x20000110   Data          26  usbd_desc.o(.data.USBD_StringSerial)
    USER_Driver                              0x2000012c   Data          20  user_diskio.o(.data.USER_Driver)
    AppliState                               0x20000148   Data           1  app_fatfs.o(.bss..L_MergedGlobals)
    USERPath                                 0x20000149   Data           4  app_fatfs.o(.bss..L_MergedGlobals)
    pxCurrentTCB                             0x20000150   Data           4  tasks.o(.bss..L_MergedGlobals)
    USBD_StrDesc                             0x20000210   Data         512  usbd_desc.o(.bss.USBD_StrDesc)
    defaultTaskHandle                        0x20000688   Data           4  app_freertos.o(.bss.defaultTaskHandle)
    disk                                     0x2000068c   Data          12  ff_gen_drv.o(.bss.disk)
    hUsbDeviceFS                             0x20000698   Data         732  usb_device.o(.bss.hUsbDeviceFS)
    hi2c3                                    0x20000974   Data          84  i2c.o(.bss.hi2c3)
    hiwdg                                    0x200009c8   Data          16  iwdg.o(.bss.hiwdg)
    hpcd_USB_DRD_FS                          0x200009d8   Data         736  usbd_conf.o(.bss.hpcd_USB_DRD_FS)
    hrtc                                     0x20000cb8   Data          44  rtc.o(.bss.hrtc)
    hspi1                                    0x20000ce4   Data         100  spi.o(.bss.hspi1)
    htim6                                    0x20000d48   Data          76  stm32g0xx_hal_timebase_tim.o(.bss.htim6)
    huart2                                   0x20000d94   Data         148  usart.o(.bss.huart2)
    huart3                                   0x20000e28   Data         148  usart.o(.bss.huart3)
    uwTick                                   0x2001e408   Data           4  stm32g0xx_hal.o(.bss.uwTick)
    __initial_sp                             0x2001e810   Data           0  startup_stm32g0b1xx.o(STACK)



==============================================================================

Memory Map of the image

  Image Entry point : 0x080000bd

  Load Region LR_IROM1 (Base: 0x08000000, Size: 0x000063f8, Max: 0x00020000, ABSOLUTE, COMPRESSED[0x00006390])

    Execution Region ER_IROM1 (Exec base: 0x08000000, Load base: 0x08000000, Size: 0x000062ac, Max: 0x00020000, ABSOLUTE)

    Exec Addr    Load Addr    Size         Type   Attr      Idx    E Section Name        Object

    0x08000000   0x08000000   0x000000bc   Data   RO            3    RESET               startup_stm32g0b1xx.o
    0x080000bc   0x080000bc   0x00000000   Code   RO         2687  * .ARM.Collect$$$$00000000  mc_p.l(entry.o)
    0x080000bc   0x080000bc   0x00000004   Code   RO         2704    .ARM.Collect$$$$00000001  mc_p.l(entry2.o)
    0x080000c0   0x080000c0   0x00000004   Code   RO         2707    .ARM.Collect$$$$00000004  mc_p.l(entry5.o)
    0x080000c4   0x080000c4   0x00000000   Code   RO         2709    .ARM.Collect$$$$00000008  mc_p.l(entry7b.o)
    0x080000c4   0x080000c4   0x00000000   Code   RO         2711    .ARM.Collect$$$$0000000A  mc_p.l(entry8b.o)
    0x080000c4   0x080000c4   0x00000008   Code   RO         2712    .ARM.Collect$$$$0000000B  mc_p.l(entry9a.o)
    0x080000cc   0x080000cc   0x00000000   Code   RO         2714    .ARM.Collect$$$$0000000D  mc_p.l(entry10a.o)
    0x080000cc   0x080000cc   0x00000000   Code   RO         2716    .ARM.Collect$$$$0000000F  mc_p.l(entry11a.o)
    0x080000cc   0x080000cc   0x00000004   Code   RO         2705    .ARM.Collect$$$$00002712  mc_p.l(entry2.o)
    0x080000d0   0x080000d0   0x0000001c   Code   RO            4    .text               startup_stm32g0b1xx.o
    0x080000ec   0x080000ec   0x00000060   Code   RO         2696    .text               mc_p.l(uldiv.o)
    0x0800014c   0x0800014c   0x00000024   Code   RO         2700    .text               mc_p.l(memseta.o)
    0x08000170   0x08000170   0x0000003e   Code   RO         2722    .text               mc_p.l(uidiv_div0.o)
    0x080001ae   0x080001ae   0x00000020   Code   RO         2728    .text               mc_p.l(llshl.o)
    0x080001ce   0x080001ce   0x00000022   Code   RO         2730    .text               mc_p.l(llushr.o)
    0x080001f0   0x080001f0   0x00000024   Code   RO         2732    .text               mc_p.l(init.o)
    0x08000214   0x08000214   0x0000003a   Code   RO         2742    .text               mc_p.l(__dczerorl.o)
    0x0800024e   0x0800024e   0x00000008   Code   RO           15    .text.Error_Handler  main.o
    0x08000256   0x08000256   0x00000002   PAD
    0x08000258   0x08000258   0x00000040   Code   RO         1912    .text.FATFS_LinkDriver  ff_gen_drv.o
    0x08000298   0x08000298   0x0000018c   Code   RO          467    .text.HAL_GPIO_Init  stm32g0xx_hal_gpio.o
    0x08000424   0x08000424   0x00000010   Code   RO          473    .text.HAL_GPIO_WritePin  stm32g0xx_hal_gpio.o
    0x08000434   0x08000434   0x00000008   Code   RO          705    .text.HAL_GetTick   stm32g0xx_hal.o
    0x0800043c   0x0800043c   0x00000042   Code   RO          953    .text.HAL_I2CEx_ConfigAnalogFilter  stm32g0xx_hal_i2c_ex.o
    0x0800047e   0x0800047e   0x00000042   Code   RO          955    .text.HAL_I2CEx_ConfigDigitalFilter  stm32g0xx_hal_i2c_ex.o
    0x080004c0   0x080004c0   0x000000b4   Code   RO          799    .text.HAL_I2C_Init  stm32g0xx_hal_i2c.o
    0x08000574   0x08000574   0x00000060   Code   RO           51    .text.HAL_I2C_MspInit  i2c.o
    0x080005d4   0x080005d4   0x00000064   Code   RO          973    .text.HAL_IWDG_Init  stm32g0xx_hal_iwdg.o
    0x08000638   0x08000638   0x00000018   Code   RO          703    .text.HAL_IncTick   stm32g0xx_hal.o
    0x08000650   0x08000650   0x0000002c   Code   RO          693    .text.HAL_Init      stm32g0xx_hal.o
    0x0800067c   0x0800067c   0x00000098   Code   RO          142    .text.HAL_InitTick  stm32g0xx_hal_timebase_tim.o
    0x08000714   0x08000714   0x00000040   Code   RO          134    .text.HAL_MspInit   stm32g0xx_hal_msp.o
    0x08000754   0x08000754   0x00000018   Code   RO          653    .text.HAL_NVIC_EnableIRQ  stm32g0xx_hal_cortex.o
    0x0800076c   0x0800076c   0x00000038   Code   RO          651    .text.HAL_NVIC_SetPriority  stm32g0xx_hal_cortex.o
    0x080007a4   0x080007a4   0x00000024   Code   RO          241    .text.HAL_PCDEx_ActivateLPM  stm32g0xx_hal_pcd_ex.o
    0x080007c8   0x080007c8   0x00000038   Code   RO          231    .text.HAL_PCDEx_PMAConfig  stm32g0xx_hal_pcd_ex.o
    0x08000800   0x08000800   0x0000004c   Code   RO          201    .text.HAL_PCD_EP_Close  stm32g0xx_hal_pcd.o
    0x0800084c   0x0800084c   0x0000005e   Code   RO          211    .text.HAL_PCD_EP_ClrStall  stm32g0xx_hal_pcd.o
    0x080008aa   0x080008aa   0x00000036   Code   RO          215    .text.HAL_PCD_EP_Flush  stm32g0xx_hal_pcd.o
    0x080008e0   0x080008e0   0x00000012   Code   RO          205    .text.HAL_PCD_EP_GetRxCount  stm32g0xx_hal_pcd.o
    0x080008f2   0x080008f2   0x00000058   Code   RO          199    .text.HAL_PCD_EP_Open  stm32g0xx_hal_pcd.o
    0x0800094a   0x0800094a   0x00000028   Code   RO          203    .text.HAL_PCD_EP_Receive  stm32g0xx_hal_pcd.o
    0x08000972   0x08000972   0x00000058   Code   RO          209    .text.HAL_PCD_EP_SetStall  stm32g0xx_hal_pcd.o
    0x080009ca   0x080009ca   0x0000002c   Code   RO          207    .text.HAL_PCD_EP_Transmit  stm32g0xx_hal_pcd.o
    0x080009f6   0x080009f6   0x0000026a   Code   RO          157    .text.HAL_PCD_Init  stm32g0xx_hal_pcd.o
    0x08000c60   0x08000c60   0x00000078   Code   RO         1945    .text.HAL_PCD_MspInit  usbd_conf.o
    0x08000cd8   0x08000cd8   0x0000002a   Code   RO          165    .text.HAL_PCD_Start  stm32g0xx_hal_pcd.o
    0x08000d02   0x08000d02   0x00000002   PAD
    0x08000d04   0x08000d04   0x00000080   Code   RO          629    .text.HAL_PWREx_ControlVoltageScaling  stm32g0xx_hal_pwr_ex.o
    0x08000d84   0x08000d84   0x00000014   Code   RO          589    .text.HAL_PWREx_EnableVddUSB  stm32g0xx_hal_pwr_ex.o
    0x08000d98   0x08000d98   0x000002a4   Code   RO          367    .text.HAL_RCCEx_PeriphCLKConfig  stm32g0xx_hal_rcc_ex.o
    0x0800103c   0x0800103c   0x000001f4   Code   RO          331    .text.HAL_RCC_ClockConfig  stm32g0xx_hal_rcc.o
    0x08001230   0x08001230   0x00000030   Code   RO          343    .text.HAL_RCC_GetClockConfig  stm32g0xx_hal_rcc.o
    0x08001260   0x08001260   0x00000024   Code   RO          339    .text.HAL_RCC_GetPCLK1Freq  stm32g0xx_hal_rcc.o
    0x08001284   0x08001284   0x00000088   Code   RO          333    .text.HAL_RCC_GetSysClockFreq  stm32g0xx_hal_rcc.o
    0x0800130c   0x0800130c   0x000004b8   Code   RO          329    .text.HAL_RCC_OscConfig  stm32g0xx_hal_rcc.o
    0x080017c4   0x080017c4   0x000000d0   Code   RO          985    .text.HAL_RTC_Init  stm32g0xx_hal_rtc.o
    0x08001894   0x08001894   0x0000005c   Code   RO           75    .text.HAL_RTC_MspInit  rtc.o
    0x080018f0   0x080018f0   0x000000fc   Code   RO         1141    .text.HAL_SPI_Init  stm32g0xx_hal_spi.o
    0x080019ec   0x080019ec   0x0000005c   Code   RO           90    .text.HAL_SPI_MspInit  spi.o
    0x08001a48   0x08001a48   0x00000014   Code   RO          761    .text.HAL_SYSCFG_StrobeDBattpinsConfig  stm32g0xx_hal.o
    0x08001a5c   0x08001a5c   0x00000002   Code   RO         1583    .text.HAL_TIMEx_Break2Callback  stm32g0xx_hal_tim_ex.o
    0x08001a5e   0x08001a5e   0x00000002   Code   RO         1581    .text.HAL_TIMEx_BreakCallback  stm32g0xx_hal_tim_ex.o
    0x08001a60   0x08001a60   0x00000002   Code   RO         1577    .text.HAL_TIMEx_CommutCallback  stm32g0xx_hal_tim_ex.o
    0x08001a62   0x08001a62   0x00000058   Code   RO         1266    .text.HAL_TIM_Base_Init  stm32g0xx_hal_tim.o
    0x08001aba   0x08001aba   0x00000002   Code   RO         1268    .text.HAL_TIM_Base_MspInit  stm32g0xx_hal_tim.o
    0x08001abc   0x08001abc   0x0000007c   Code   RO         1280    .text.HAL_TIM_Base_Start_IT  stm32g0xx_hal_tim.o
    0x08001b38   0x08001b38   0x00000002   Code   RO         1402    .text.HAL_TIM_IC_CaptureCallback  stm32g0xx_hal_tim.o
    0x08001b3a   0x08001b3a   0x00000002   PAD
    0x08001b3c   0x08001b3c   0x000001dc   Code   RO         1400    .text.HAL_TIM_IRQHandler  stm32g0xx_hal_tim.o
    0x08001d18   0x08001d18   0x00000002   Code   RO         1404    .text.HAL_TIM_OC_DelayElapsedCallback  stm32g0xx_hal_tim.o
    0x08001d1a   0x08001d1a   0x00000002   Code   RO         1406    .text.HAL_TIM_PWM_PulseFinishedCallback  stm32g0xx_hal_tim.o
    0x08001d1c   0x08001d1c   0x00000018   Code   RO           17    .text.HAL_TIM_PeriodElapsedCallback  main.o
    0x08001d34   0x08001d34   0x00000002   Code   RO         1410    .text.HAL_TIM_TriggerCallback  stm32g0xx_hal_tim.o
    0x08001d36   0x08001d36   0x00000036   Code   RO         1758    .text.HAL_UARTEx_DisableFifoMode  stm32g0xx_hal_uart_ex.o
    0x08001d6c   0x08001d6c   0x00000078   Code   RO         1762    .text.HAL_UARTEx_SetRxFifoThreshold  stm32g0xx_hal_uart_ex.o
    0x08001de4   0x08001de4   0x00000080   Code   RO         1760    .text.HAL_UARTEx_SetTxFifoThreshold  stm32g0xx_hal_uart_ex.o
    0x08001e64   0x08001e64   0x0000006c   Code   RO         1597    .text.HAL_UART_Init  stm32g0xx_hal_uart.o
    0x08001ed0   0x08001ed0   0x000000c8   Code   RO          107    .text.HAL_UART_MspInit  usart.o
    0x08001f98   0x08001f98   0x00000002   Code   RO          123    .text.HardFault_Handler  stm32g0xx_it.o
    0x08001f9a   0x08001f9a   0x00000002   PAD
    0x08001f9c   0x08001f9c   0x00000060   Code   RO         2240    .text.MSC_BOT_Abort  usbd_msc_bot.o
    0x08001ffc   0x08001ffc   0x00000070   Code   RO         2238    .text.MSC_BOT_CplClrFeature  usbd_msc_bot.o
    0x0800206c   0x0800206c   0x0000008c   Code   RO         2232    .text.MSC_BOT_DataIn  usbd_msc_bot.o
    0x080020f8   0x080020f8   0x00000178   Code   RO         2236    .text.MSC_BOT_DataOut  usbd_msc_bot.o
    0x08002270   0x08002270   0x0000001a   Code   RO         2230    .text.MSC_BOT_DeInit  usbd_msc_bot.o
    0x0800228a   0x0800228a   0x00000002   PAD
    0x0800228c   0x0800228c   0x00000058   Code   RO         2226    .text.MSC_BOT_Init  usbd_msc_bot.o
    0x080022e4   0x080022e4   0x00000044   Code   RO         2228    .text.MSC_BOT_Reset  usbd_msc_bot.o
    0x08002328   0x08002328   0x00000054   Code   RO         2234    .text.MSC_BOT_SendCSW  usbd_msc_bot.o
    0x0800237c   0x0800237c   0x0000004c   Code   RO         2242    .text.MSC_BOT_SendData  usbd_msc_bot.o
    0x080023c8   0x080023c8   0x00000028   Code   RO         1796    .text.MX_FATFS_Init  app_fatfs.o
    0x080023f0   0x080023f0   0x00000038   Code   RO           36    .text.MX_FREERTOS_Init  app_freertos.o
    0x08002428   0x08002428   0x000000f4   Code   RO           28    .text.MX_GPIO_Init  gpio.o
    0x0800251c   0x0800251c   0x00000058   Code   RO           49    .text.MX_I2C3_Init  i2c.o
    0x08002574   0x08002574   0x0000002c   Code   RO           64    .text.MX_IWDG_Init  iwdg.o
    0x080025a0   0x080025a0   0x00000038   Code   RO           73    .text.MX_RTC_Init   rtc.o
    0x080025d8   0x080025d8   0x00000048   Code   RO           88    .text.MX_SPI1_Init  spi.o
    0x08002620   0x08002620   0x00000068   Code   RO          103    .text.MX_USART2_UART_Init  usart.o
    0x08002688   0x08002688   0x00000068   Code   RO          105    .text.MX_USART3_UART_Init  usart.o
    0x080026f0   0x080026f0   0x00000054   Code   RO         2017    .text.MX_USB_Device_Init  usb_device.o
    0x08002744   0x08002744   0x00000002   Code   RO          121    .text.NMI_Handler   stm32g0xx_it.o
    0x08002746   0x08002746   0x0000000a   PAD
    0x08002750   0x08002750   0x00000044   Code   RO         2675    .text.PendSV_Handler  port.o
    0x08002794   0x08002794   0x00000090   Code   RO          991    .text.RTC_ExitInitMode  stm32g0xx_hal_rtc.o
    0x08002824   0x08002824   0x00000058   Code   RO         2265    .text.SCSI_CheckAddressRange  usbd_msc_scsi.o
    0x0800287c   0x0800287c   0x00000c2c   Code   RO         2261    .text.SCSI_ProcessCmd  usbd_msc_scsi.o
    0x080034a8   0x080034a8   0x000000dc   Code   RO         2267    .text.SCSI_ProcessRead  usbd_msc_scsi.o
    0x08003584   0x08003584   0x000000f8   Code   RO         2269    .text.SCSI_ProcessWrite  usbd_msc_scsi.o
    0x0800367c   0x0800367c   0x00000040   Code   RO         2263    .text.SCSI_SenseCode  usbd_msc_scsi.o
    0x080036bc   0x080036bc   0x0000000e   Code   RO         2055    .text.STORAGE_GetCapacity_FS  usbd_storage_if.o
    0x080036ca   0x080036ca   0x00000004   Code   RO         2065    .text.STORAGE_GetMaxLun_FS  usbd_storage_if.o
    0x080036ce   0x080036ce   0x00000004   Code   RO         2053    .text.STORAGE_Init_FS  usbd_storage_if.o
    0x080036d2   0x080036d2   0x00000004   Code   RO         2057    .text.STORAGE_IsReady_FS  usbd_storage_if.o
    0x080036d6   0x080036d6   0x00000004   Code   RO         2059    .text.STORAGE_IsWriteProtected_FS  usbd_storage_if.o
    0x080036da   0x080036da   0x00000004   Code   RO         2061    .text.STORAGE_Read_FS  usbd_storage_if.o
    0x080036de   0x080036de   0x00000004   Code   RO         2063    .text.STORAGE_Write_FS  usbd_storage_if.o
    0x080036e2   0x080036e2   0x00000002   Code   RO         2655    .text.SVC_Handler   port.o
    0x080036e4   0x080036e4   0x0000000c   Code   RO           38    .text.StartDefaultTask  app_freertos.o
    0x080036f0   0x080036f0   0x00000024   Code   RO         2677    .text.SysTick_Handler  port.o
    0x08003714   0x08003714   0x00000002   Code   RO         1781    .text.SystemInit    system_stm32g0xx.o
    0x08003716   0x08003716   0x00000002   PAD
    0x08003718   0x08003718   0x00000010   Code   RO          125    .text.TIM6_DAC_LPTIM1_IRQHandler  stm32g0xx_it.o
    0x08003728   0x08003728   0x000000f8   Code   RO         1270    .text.TIM_Base_SetConfig  stm32g0xx_hal_tim.o
    0x08003820   0x08003820   0x000000d2   Code   RO         1601    .text.UART_AdvFeatureConfig  stm32g0xx_hal_uart.o
    0x080038f2   0x080038f2   0x00000002   PAD
    0x080038f4   0x080038f4   0x000000c4   Code   RO         1605    .text.UART_CheckIdleState  stm32g0xx_hal_uart.o
    0x080039b8   0x080039b8   0x00000298   Code   RO         1603    .text.UART_SetConfig  stm32g0xx_hal_uart.o
    0x08003c50   0x08003c50   0x000001c4   Code   RO         1619    .text.UART_WaitOnFlagUntilTimeout  stm32g0xx_hal_uart.o
    0x08003e14   0x08003e14   0x00000014   Code   RO         2153    .text.USBD_CtlError  usbd_ctlreq.o
    0x08003e28   0x08003e28   0x0000001e   Code   RO         2172    .text.USBD_CtlSendData  usbd_ioreq.o
    0x08003e46   0x08003e46   0x0000007a   Code   RO         2139    .text.USBD_GetEpDesc  usbd_core.o
    0x08003ec0   0x08003ec0   0x000000ae   Code   RO         2161    .text.USBD_GetString  usbd_ctlreq.o
    0x08003f6e   0x08003f6e   0x0000002a   Code   RO         2095    .text.USBD_Init     usbd_core.o
    0x08003f98   0x08003f98   0x00000020   Code   RO         1987    .text.USBD_LL_ClearStallEP  usbd_conf.o
    0x08003fb8   0x08003fb8   0x00000020   Code   RO         1981    .text.USBD_LL_CloseEP  usbd_conf.o
    0x08003fd8   0x08003fd8   0x00000020   Code   RO         1983    .text.USBD_LL_FlushEP  usbd_conf.o
    0x08003ff8   0x08003ff8   0x0000000e   Code   RO         1997    .text.USBD_LL_GetRxDataSize  usbd_conf.o
    0x08004006   0x08004006   0x00000002   PAD
    0x08004008   0x08004008   0x0000007c   Code   RO         1971    .text.USBD_LL_Init  usbd_conf.o
    0x08004084   0x08004084   0x00000028   Code   RO         1979    .text.USBD_LL_OpenEP  usbd_conf.o
    0x080040ac   0x080040ac   0x00000020   Code   RO         1995    .text.USBD_LL_PrepareReceive  usbd_conf.o
    0x080040cc   0x080040cc   0x00000020   Code   RO         1985    .text.USBD_LL_StallEP  usbd_conf.o
    0x080040ec   0x080040ec   0x00000020   Code   RO         1975    .text.USBD_LL_Start  usbd_conf.o
    0x0800410c   0x0800410c   0x00000024   Code   RO         1993    .text.USBD_LL_Transmit  usbd_conf.o
    0x08004130   0x08004130   0x00000020   Code   RO         2036    .text.USBD_MSC_ConfigStrDescriptor  usbd_desc.o
    0x08004150   0x08004150   0x0000000a   Code   RO         2200    .text.USBD_MSC_DataIn  usbd_msc.o
    0x0800415a   0x0800415a   0x0000000a   Code   RO         2202    .text.USBD_MSC_DataOut  usbd_msc.o
    0x08004164   0x08004164   0x00000070   Code   RO         2196    .text.USBD_MSC_DeInit  usbd_msc.o
    0x080041d4   0x080041d4   0x0000000c   Code   RO         2026    .text.USBD_MSC_DeviceDescriptor  usbd_desc.o
    0x080041e0   0x080041e0   0x0000000c   Code   RO         2210    .text.USBD_MSC_GetDeviceQualifierDescriptor  usbd_msc.o
    0x080041ec   0x080041ec   0x00000038   Code   RO         2206    .text.USBD_MSC_GetFSCfgDesc  usbd_msc.o
    0x08004224   0x08004224   0x0000003c   Code   RO         2204    .text.USBD_MSC_GetHSCfgDesc  usbd_msc.o
    0x08004260   0x08004260   0x0000003c   Code   RO         2208    .text.USBD_MSC_GetOtherSpeedCfgDesc  usbd_msc.o
    0x0800429c   0x0800429c   0x00000094   Code   RO         2194    .text.USBD_MSC_Init  usbd_msc.o
    0x08004330   0x08004330   0x00000024   Code   RO         2038    .text.USBD_MSC_InterfaceStrDescriptor  usbd_desc.o
    0x08004354   0x08004354   0x0000000c   Code   RO         2028    .text.USBD_MSC_LangIDStrDescriptor  usbd_desc.o
    0x08004360   0x08004360   0x00000028   Code   RO         2030    .text.USBD_MSC_ManufacturerStrDescriptor  usbd_desc.o
    0x08004388   0x08004388   0x0000002c   Code   RO         2032    .text.USBD_MSC_ProductStrDescriptor  usbd_desc.o
    0x080043b4   0x080043b4   0x0000001c   Code   RO         2212    .text.USBD_MSC_RegisterStorage  usbd_msc.o
    0x080043d0   0x080043d0   0x00000110   Code   RO         2034    .text.USBD_MSC_SerialStrDescriptor  usbd_desc.o
    0x080044e0   0x080044e0   0x0000011e   Code   RO         2198    .text.USBD_MSC_Setup  usbd_msc.o
    0x080045fe   0x080045fe   0x0000003e   Code   RO         2099    .text.USBD_RegisterClass  usbd_core.o
    0x0800463c   0x0800463c   0x00000008   Code   RO         2101    .text.USBD_Start    usbd_core.o
    0x08004644   0x08004644   0x00000002   Code   RO         2003    .text.USBD_static_free  usbd_conf.o
    0x08004646   0x08004646   0x00000002   PAD
    0x08004648   0x08004648   0x00000008   Code   RO         2001    .text.USBD_static_malloc  usbd_conf.o
    0x08004650   0x08004650   0x0000023c   Code   RO          269    .text.USB_ActivateEndpoint  stm32g0xx_ll_usb.o
    0x0800488c   0x0800488c   0x000000a4   Code   RO          271    .text.USB_DeactivateEndpoint  stm32g0xx_ll_usb.o
    0x08004930   0x08004930   0x0000000e   Code   RO          287    .text.USB_DevConnect  stm32g0xx_ll_usb.o
    0x0800493e   0x0800493e   0x0000001a   Code   RO          263    .text.USB_DevInit   stm32g0xx_ll_usb.o
    0x08004958   0x08004958   0x00000010   Code   RO          259    .text.USB_DisableGlobalInt  stm32g0xx_ll_usb.o
    0x08004968   0x08004968   0x00000068   Code   RO          279    .text.USB_EPClearStall  stm32g0xx_ll_usb.o
    0x080049d0   0x080049d0   0x0000003c   Code   RO          277    .text.USB_EPSetStall  stm32g0xx_ll_usb.o
    0x08004a0c   0x08004a0c   0x00000cc8   Code   RO          273    .text.USB_EPStartXfer  stm32g0xx_ll_usb.o
    0x080056d4   0x080056d4   0x00000010   Code   RO          257    .text.USB_EnableGlobalInt  stm32g0xx_ll_usb.o
    0x080056e4   0x080056e4   0x00000004   Code   RO          267    .text.USB_FlushRxFifo  stm32g0xx_ll_usb.o
    0x080056e8   0x080056e8   0x00000004   Code   RO          265    .text.USB_FlushTxFifo  stm32g0xx_ll_usb.o
    0x080056ec   0x080056ec   0x0000000c   Code   RO         2076    .text.USER_initialize  user_diskio.o
    0x080056f8   0x080056f8   0x00000004   Code   RO         2084    .text.USER_ioctl    user_diskio.o
    0x080056fc   0x080056fc   0x00000004   Code   RO         2080    .text.USER_read     user_diskio.o
    0x08005700   0x08005700   0x00000010   Code   RO         2078    .text.USER_status   user_diskio.o
    0x08005710   0x08005710   0x00000004   Code   RO         2082    .text.USER_write    user_diskio.o
    0x08005714   0x08005714   0x000000a6   Code   RO           11    .text.main          main.o
    0x080057ba   0x080057ba   0x00000010   Code   RO         2533    .text.osDelay       cmsis_os.o
    0x080057ca   0x080057ca   0x0000000a   Code   RO         2515    .text.osKernelStart  cmsis_os.o
    0x080057d4   0x080057d4   0x00000042   Code   RO         2521    .text.osThreadCreate  cmsis_os.o
    0x08005816   0x08005816   0x00000002   PAD
    0x08005818   0x08005818   0x0000004c   Code   RO         2443    .text.prvIdleTask   tasks.o
    0x08005864   0x08005864   0x00000030   Code   RO         2653    .text.prvTaskExitError  port.o
    0x08005894   0x08005894   0x00000180   Code   RO         2629    .text.pvPortMalloc  heap_4.o
    0x08005a14   0x08005a14   0x00000024   Code   RO         2651    .text.pxPortInitialiseStack  port.o
    0x08005a38   0x08005a38   0x00000008   Code   RO         2671    .text.ulSetInterruptMaskFromISR  port.o
    0x08005a40   0x08005a40   0x00000022   Code   RO         2314    .text.uxListRemove  list.o
    0x08005a62   0x08005a62   0x00000006   Code   RO         2673    .text.vClearInterruptMaskFromISR  port.o
    0x08005a68   0x08005a68   0x00000014   Code   RO         2306    .text.vListInitialise  list.o
    0x08005a7c   0x08005a7c   0x00000006   Code   RO         2308    .text.vListInitialiseItem  list.o
    0x08005a82   0x08005a82   0x0000003c   Code   RO         2312    .text.vListInsert   list.o
    0x08005abe   0x08005abe   0x00000018   Code   RO         2310    .text.vListInsertEnd  list.o
    0x08005ad6   0x08005ad6   0x00000002   PAD
    0x08005ad8   0x08005ad8   0x00000014   Code   RO         2667    .text.vPortEnterCritical  port.o
    0x08005aec   0x08005aec   0x0000001c   Code   RO         2669    .text.vPortExitCritical  port.o
    0x08005b08   0x08005b08   0x0000009c   Code   RO         2631    .text.vPortFree     heap_4.o
    0x08005ba4   0x08005ba4   0x00000028   Code   RO         2659    .text.vPortSetupTimerInterrupt  port.o
    0x08005bcc   0x08005bcc   0x00000004   PAD
    0x08005bd0   0x08005bd0   0x00000034   Code   RO         2661    .text.vPortStartFirstTask  port.o
    0x08005c04   0x08005c04   0x00000018   Code   RO         2665    .text.vPortYield    port.o
    0x08005c1c   0x08005c1c   0x0000006c   Code   RO         2421    .text.vTaskDelay    tasks.o
    0x08005c88   0x08005c88   0x0000004c   Code   RO         2441    .text.vTaskStartScheduler  tasks.o
    0x08005cd4   0x08005cd4   0x0000000c   Code   RO         2423    .text.vTaskSuspendAll  tasks.o
    0x08005ce0   0x08005ce0   0x00000090   Code   RO         2435    .text.vTaskSwitchContext  tasks.o
    0x08005d70   0x08005d70   0x0000005c   Code   RO         2657    .text.xPortStartScheduler  port.o
    0x08005dcc   0x08005dcc   0x00000224   Code   RO         2417    .text.xTaskCreate   tasks.o
    0x08005ff0   0x08005ff0   0x000000f0   Code   RO         2447    .text.xTaskIncrementTick  tasks.o
    0x080060e0   0x080060e0   0x000000d4   Code   RO         2425    .text.xTaskResumeAll  tasks.o
    0x080061b4   0x080061b4   0x0000000e   Code   RO         2736    i.__scatterload_copy  mc_p.l(handlers.o)
    0x080061c2   0x080061c2   0x00000002   Code   RO         2737    i.__scatterload_null  mc_p.l(handlers.o)
    0x080061c4   0x080061c4   0x0000000e   Code   RO         2738    i.__scatterload_zeroinit  mc_p.l(handlers.o)
    0x080061d2   0x080061d2   0x00000002   PAD
    0x080061d4   0x080061d4   0x00000040   Data   RO         1786    .rodata.AHBPrescTable  system_stm32g0xx.o
    0x08006214   0x08006214   0x00000020   Data   RO         1787    .rodata.APBPrescTable  system_stm32g0xx.o
    0x08006234   0x08006234   0x00000024   Data   RO         2067    .rodata.STORAGE_Inquirydata_FS  usbd_storage_if.o
    0x08006258   0x08006258   0x00000018   Data   RO         1731    .rodata.UARTPrescTable  stm32g0xx_hal_uart.o
    0x08006270   0x08006270   0x00000010   Data   RO         1772    .rodata.cst8        stm32g0xx_hal_uart_ex.o
    0x08006280   0x08006280   0x0000000c   Data   RO           40    .rodata.str1.1      app_freertos.o
    0x0800628c   0x0800628c   0x00000020   Data   RO         2735    Region$$Table       anon$$obj.o


    Execution Region RW_IRAM1 (Exec base: 0x20000000, Load base: 0x080062b0, Size: 0x0001e810, Max: 0x00024000, ABSOLUTE, COMPRESSED[0x000000e0])

    Exec Addr    Load Addr    Size         Type   Attr      Idx    E Section Name        Object

    0x20000000   COMPRESSED   0x00000008   Data   RW          764    .data..L_MergedGlobals  stm32g0xx_hal.o
    0x20000008   COMPRESSED   0x00000002   Data   RW         2217    .data..L_MergedGlobals  usbd_msc.o
    0x2000000a   COMPRESSED   0x00000002   PAD
    0x2000000c   COMPRESSED   0x00000020   Data   RW         2040    .data.MSC_Desc      usbd_desc.o
    0x2000002c   COMPRESSED   0x0000001b   Data   RW         2255    .data.MSC_Mode_Sense10_data  usbd_msc_data.o
    0x20000047   COMPRESSED   0x00000017   Data   RW         2254    .data.MSC_Mode_Sense6_data  usbd_msc_data.o
    0x2000005e   COMPRESSED   0x00000006   Data   RW         2252    .data.MSC_Page00_Inquiry_Data  usbd_msc_data.o
    0x20000064   COMPRESSED   0x00000008   Data   RW         2253    .data.MSC_Page80_Inquiry_Data  usbd_msc_data.o
    0x2000006c   COMPRESSED   0x00000001   Data   RW         2087    .data.Stat          user_diskio.o
    0x2000006d   COMPRESSED   0x00000003   PAD
    0x20000070   COMPRESSED   0x00000004   Data   RW         1785    .data.SystemCoreClock  system_stm32g0xx.o
    0x20000074   COMPRESSED   0x00000004   Data   RW         2042    .data.USBD_LangIDDesc  usbd_desc.o
    0x20000078   COMPRESSED   0x00000038   Data   RW         2214    .data.USBD_MSC      usbd_msc.o
    0x200000b0   COMPRESSED   0x00000020   Data   RW         2215    .data.USBD_MSC_CfgDesc  usbd_msc.o
    0x200000d0   COMPRESSED   0x00000012   Data   RW         2041    .data.USBD_MSC_DeviceDesc  usbd_desc.o
    0x200000e2   COMPRESSED   0x00000002   PAD
    0x200000e4   COMPRESSED   0x0000000a   Data   RW         2216    .data.USBD_MSC_DeviceQualifierDesc  usbd_msc.o
    0x200000ee   COMPRESSED   0x00000002   PAD
    0x200000f0   COMPRESSED   0x00000020   Data   RW         2068    .data.USBD_Storage_Interface_fops_FS  usbd_storage_if.o
    0x20000110   COMPRESSED   0x0000001a   Data   RW         2043    .data.USBD_StringSerial  usbd_desc.o
    0x2000012a   COMPRESSED   0x00000002   PAD
    0x2000012c   COMPRESSED   0x00000014   Data   RW         2086    .data.USER_Driver   user_diskio.o
    0x20000140   COMPRESSED   0x00000004   Data   RW         2679    .data.uxCriticalNesting  port.o
    0x20000144   COMPRESSED   0x00000004   PAD
    0x20000148        -       0x00000005   Zero   RW         1804    .bss..L_MergedGlobals  app_fatfs.o
    0x2000014d   COMPRESSED   0x00000003   PAD
    0x20000150        -       0x00000078   Zero   RW         2504    .bss..L_MergedGlobals  tasks.o
    0x200001c8        -       0x00000020   Zero   RW         2642    .bss..L_MergedGlobals  heap_4.o
    0x200001e8        -       0x00000028   Zero   RW         2505    .bss..L_MergedGlobals.1  tasks.o
    0x20000210        -       0x00000200   Zero   RW         2044    .bss.USBD_StrDesc   usbd_desc.o
    0x20000410        -       0x00000278   Zero   RW         2008    .bss.USBD_static_malloc.mem  usbd_conf.o
    0x20000688        -       0x00000004   Zero   RW           41    .bss.defaultTaskHandle  app_freertos.o
    0x2000068c        -       0x0000000c   Zero   RW         1920    .bss.disk           ff_gen_drv.o
    0x20000698        -       0x000002dc   Zero   RW         2019    .bss.hUsbDeviceFS   usb_device.o
    0x20000974        -       0x00000054   Zero   RW           55    .bss.hi2c3          i2c.o
    0x200009c8        -       0x00000010   Zero   RW           66    .bss.hiwdg          iwdg.o
    0x200009d8        -       0x000002e0   Zero   RW         2007    .bss.hpcd_USB_DRD_FS  usbd_conf.o
    0x20000cb8        -       0x0000002c   Zero   RW           79    .bss.hrtc           rtc.o
    0x20000ce4        -       0x00000064   Zero   RW           94    .bss.hspi1          spi.o
    0x20000d48        -       0x0000004c   Zero   RW          148    .bss.htim6          stm32g0xx_hal_timebase_tim.o
    0x20000d94        -       0x00000094   Zero   RW          111    .bss.huart2         usart.o
    0x20000e28        -       0x00000094   Zero   RW          112    .bss.huart3         usart.o
    0x20000ebc        -       0x0000008c   Zero   RW         2503    .bss.pxReadyTasksLists  tasks.o
    0x20000f48        -       0x0001d4c0   Zero   RW         2641    .bss.ucHeap         heap_4.o
    0x2001e408        -       0x00000004   Zero   RW          763    .bss.uwTick         stm32g0xx_hal.o
    0x2001e40c   COMPRESSED   0x00000004   PAD
    0x2001e410        -       0x00000400   Zero   RW            1    STACK               startup_stm32g0b1xx.o


==============================================================================

Image component sizes


      Code (inc. data)   RO Data    RW Data    ZI Data      Debug   Object Name

        40          8          0          0          5       2560   app_fatfs.o
        68         24         12          0          4       2008   app_freertos.o
        92          0          0          0          0      22342   cmsis_os.o
        64          4          0          0         12       3313   ff_gen_drv.o
       244         20          0          0          0       2078   gpio.o
       540         12          0          0     120032       4985   heap_4.o
       184         24          0          0         84       5491   i2c.o
        44         12          0          0         16       1207   iwdg.o
       144          0          0          0          0       2320   list.o
       198          4          0          0          0       6124   main.o
       460         40          0          4          0       2934   port.o
       148         16          0          0         44       3778   rtc.o
       164         16          0          0        100       5283   spi.o
        28          8        188          0       1024        620   startup_stm32g0b1xx.o
        96         16          0          8          4       8065   stm32g0xx_hal.o
        80         12          0          0          0       7097   stm32g0xx_hal_cortex.o
       412         12          0          0          0       4801   stm32g0xx_hal_gpio.o
       180          8          0          0          0      66165   stm32g0xx_hal_i2c.o
       132          0          0          0          0       6109   stm32g0xx_hal_i2c_ex.o
       100         12          0          0          0       1799   stm32g0xx_hal_iwdg.o
        64          4          0          0          0       2132   stm32g0xx_hal_msp.o
      1162          0          0          0          0      17273   stm32g0xx_hal_pcd.o
        92          0          0          0          0       5582   stm32g0xx_hal_pcd_ex.o
       148         16          0          0          0       8452   stm32g0xx_hal_pwr_ex.o
      1928         84          0          0          0       9810   stm32g0xx_hal_rcc.o
       676         20          0          0          0      10770   stm32g0xx_hal_rcc_ex.o
       352         12          0          0          0      15896   stm32g0xx_hal_rtc.o
       252          4          0          0          0      26608   stm32g0xx_hal_spi.o
       946         76          0          0          0      66200   stm32g0xx_hal_tim.o
         6          0          0          0          0      27010   stm32g0xx_hal_tim_ex.o
       152         20          0          0         76       6642   stm32g0xx_hal_timebase_tim.o
      1630        132         24          0          0      50003   stm32g0xx_hal_uart.o
       302          8         16          0          0      12130   stm32g0xx_hal_uart_ex.o
        20          4          0          0          0       1516   stm32g0xx_it.o
      4252        136          0          0          0      36253   stm32g0xx_ll_usb.o
         2          0         96          4          0       1982   system_stm32g0xx.o
      1416         44          0          0        300      24778   tasks.o
       408         36          0          0        296       6645   usart.o
        84         16          0          0        732       3158   usb_device.o
       536         28          0          0       1368      16265   usbd_conf.o
       234          0          0          0          0      10957   usbd_core.o
       194          0          0          0          0      10142   usbd_ctlreq.o
       448         88          0         80        512       4334   usbd_desc.o
        30          0          0          0          0       4742   usbd_ioreq.o
       782         24          0        100          0       8368   usbd_msc.o
      1066         28          0          0          0       8587   usbd_msc_bot.o
         0          0          0         64          0        771   usbd_msc_data.o
      3736        234          0          0          0      19549   usbd_msc_scsi.o
        38          0         36         32          0       2319   usbd_storage_if.o
        40          4          0         21          0       1766   user_diskio.o

    ----------------------------------------------------------------------
     24450       1270        404        324     124620     579719   Object Totals
         0          0         32          0          0          0   (incl. Generated)
        36          4          0         11         11          0   (incl. Padding)

    ----------------------------------------------------------------------

      Code (inc. data)   RO Data    RW Data    ZI Data      Debug   Library Member Name

        58          0          0          0          0          0   __dczerorl.o
         0          0          0          0          0          0   entry.o
         0          0          0          0          0          0   entry10a.o
         0          0          0          0          0          0   entry11a.o
         8          4          0          0          0          0   entry2.o
         4          0          0          0          0          0   entry5.o
         0          0          0          0          0          0   entry7b.o
         0          0          0          0          0          0   entry8b.o
         8          4          0          0          0          0   entry9a.o
        30          0          0          0          0          0   handlers.o
        36          8          0          0          0         68   init.o
        32          0          0          0          0         68   llshl.o
        34          0          0          0          0         68   llushr.o
        36          0          0          0          0        100   memseta.o
        62          0          0          0          0         72   uidiv_div0.o
        96          0          0          0          0         84   uldiv.o

    ----------------------------------------------------------------------
       406         16          0          0          0        460   Library Totals
         2          0          0          0          0          0   (incl. Padding)

    ----------------------------------------------------------------------

      Code (inc. data)   RO Data    RW Data    ZI Data      Debug   Library Name

       404         16          0          0          0        460   mc_p.l

    ----------------------------------------------------------------------
       406         16          0          0          0        460   Library Totals

    ----------------------------------------------------------------------

==============================================================================


      Code (inc. data)   RO Data    RW Data    ZI Data      Debug   

     24856       1286        404        324     124620     579331   Grand Totals
     24856       1286        404        224     124620     579331   ELF Image Totals (compressed)
     24856       1286        404        224          0          0   ROM Totals

==============================================================================

    Total RO  Size (Code + RO Data)                25260 (  24.67kB)
    Total RW  Size (RW Data + ZI Data)            124944 ( 122.02kB)
    Total ROM Size (Code + RO Data + RW Data)      25484 (  24.89kB)

==============================================================================

