<html>
<body>
<pre>
<h1>礦ision Build Log</h1>
<h2>Tool Versions:</h2>
IDE-Version: μVision V5.38.0.0
Copyright (C) 2022 ARM Ltd and ARM Germany GmbH. All rights reserved.
License Information: 8 hgszh@outlook.com, 8, LIC=YA39H-WGX6T-JJT6S-L2EYU-DFA83-H9IMM
 
Tool Versions:
Toolchain:       MDK-ARM Plus  Version: 5.38.0.0
Toolchain Path:  D:\Program Files\MCU Keli\ARM\ARMCLANG\Bin
C Compiler:      ArmClang.exe V6.19
Assembler:       Armasm.exe V6.19
Linker/Locator:  ArmLink.exe V6.19
Library Manager: ArmAr.exe V6.19
Hex Converter:   FromElf.exe V6.19
CPU DLL:         SARMCM3.DLL V5.38.0.0
Dialog DLL:      DARMCM1.DLL V1.19.6.0
Target DLL:      CMSIS_AGDI.dll V1.33.15.0
Dialog DLL:      TARMCM1.DLL V1.14.6.0
 
<h2>Project:</h2>
C:\Users\hgszh\Desktop\温度及mV电压采集板卡\TmV DAQ\MDK-ARM\TmV DAQ.uvprojx
Project File Date:  02/18/2025

<h2>Output:</h2>
*** Using Compiler 'V6.19', folder: 'D:\Program Files\MCU Keli\ARM\ARMCLANG\Bin'
Build target 'TmV DAQ'
compiling main.c...
assembling startup_stm32g0b1xx.s...
compiling usart.c...
compiling gpio.c...
compiling stm32g0xx_hal_msp.c...
compiling iwdg.c...
compiling spi.c...
compiling stm32g0xx_it.c...
compiling i2c.c...
compiling stm32g0xx_hal_pcd_ex.c...
compiling stm32g0xx_hal_pcd.c...
compiling stm32g0xx_hal_rcc.c...
compiling stm32g0xx_ll_rcc.c...
compiling stm32g0xx_ll_usb.c...
compiling stm32g0xx_hal_rcc_ex.c...
compiling stm32g0xx_hal_dma_ex.c...
compiling stm32g0xx_hal_pwr.c...
compiling stm32g0xx_hal_gpio.c...
compiling stm32g0xx_hal_pwr_ex.c...
compiling stm32g0xx_hal_flash.c...
compiling stm32g0xx_hal_flash_ex.c...
compiling stm32g0xx_hal_dma.c...
compiling stm32g0xx_hal_cortex.c...
compiling stm32g0xx_hal_exti.c...
compiling stm32g0xx_hal_i2c_ex.c...
compiling stm32g0xx_hal.c...
compiling stm32g0xx_hal_spi_ex.c...
compiling stm32g0xx_hal_tim.c...
compiling stm32g0xx_hal_iwdg.c...
compiling stm32g0xx_hal_tim_ex.c...
compiling stm32g0xx_hal_uart_ex.c...
compiling system_stm32g0xx.c...
compiling app_fatfs.c...
compiling diskio.c...
compiling ff_gen_drv.c...
compiling stm32g0xx_hal_spi.c...
compiling syscall.c...
compiling usb_device.c...
compiling usbd_desc.c...
compiling usbd_storage_if.c...
compiling stm32g0xx_hal_uart.c...
compiling usbd_conf.c...
compiling stm32g0xx_hal_i2c.c...
compiling user_diskio.c...
compiling usbd_ioreq.c...
compiling usbd_core.c...
compiling usbd_msc_data.c...
compiling usbd_msc.c...
compiling usbd_ctlreq.c...
compiling usbd_msc_bot.c...
compiling usbd_msc_scsi.c...
compiling ff.c...
linking...
Program Size: Code=20512 RO-data=392 RW-data=320 ZI-data=4160  
FromELF: creating hex file...
"TmV DAQ\TmV DAQ.axf" - 0 Error(s), 0 Warning(s).

<h2>Software Packages used:</h2>

Package Vendor: ARM
                http://www.keil.com/pack/ARM.CMSIS.5.9.0.pack
                ARM.CMSIS.5.9.0
                CMSIS (Common Microcontroller Software Interface Standard)
   * Component: CORE Version: 5.6.0

Package Vendor: Keil
                https://www.keil.com/pack/Keil.STM32G0xx_DFP.1.5.0.pack
                Keil.STM32G0xx_DFP.1.5.0
                STMicroelectronics STM32G0 Series Device Support

<h2>Collection of Component include folders:</h2>
  ./RTE/_TmV_DAQ
  D:/Program Files/MCU Keli/PACK/ARM/CMSIS/5.9.0/CMSIS/Core/Include
  D:/Program Files/MCU Keli/PACK/Keil/STM32G0xx_DFP/1.5.0/Drivers/CMSIS/Device/ST/STM32G0xx/Include

<h2>Collection of Component Files used:</h2>

   * Component: ARM::CMSIS:CORE:5.6.0
      Include file:  CMSIS/Core/Include/tz_context.h
Build Time Elapsed:  00:00:04
</pre>
</body>
</html>
